Archive member included to satisfy reference by file (symbol)

C:\Users\XM\AppData\Local\Temp\arduino\cores\d67c787f8d339c9ed449937ae4d9ea72\core.a(HardwareSerial.cpp.o)
                              C:\Users\XM\AppData\Local\Temp\arduino\sketches\395DA6E57F2FD801FDA8B66AD49E8E4E\sketch\Arduino-Aime-Reader.ino.cpp.o (HardwareSerial::read())
C:\Users\XM\AppData\Local\Temp\arduino\cores\d67c787f8d339c9ed449937ae4d9ea72\core.a(Print.cpp.o)
                              C:\Users\XM\AppData\Local\Temp\arduino\cores\d67c787f8d339c9ed449937ae4d9ea72\core.a(HardwareSerial.cpp.o) (Print::write(void const*, unsigned long))
C:\Users\XM\AppData\Local\Temp\arduino\cores\d67c787f8d339c9ed449937ae4d9ea72\core.a(cxxabi-compat.cpp.o)
                              C:\Users\XM\AppData\Local\Temp\arduino\cores\d67c787f8d339c9ed449937ae4d9ea72\core.a(Print.cpp.o) (__cxa_pure_virtual)
C:\Users\XM\AppData\Local\Temp\arduino\cores\d67c787f8d339c9ed449937ae4d9ea72\core.a(adc.c.o)
                              C:\Users\XM\AppData\Local\Temp\arduino\sketches\395DA6E57F2FD801FDA8B66AD49E8E4E\core\wirish\boards.cpp.o (adc_set_sample_rate)
C:\Users\XM\AppData\Local\Temp\arduino\cores\d67c787f8d339c9ed449937ae4d9ea72\core.a(adc_f1.c.o)
                              (__irq_adc)
C:\Users\XM\AppData\Local\Temp\arduino\cores\d67c787f8d339c9ed449937ae4d9ea72\core.a(dma_f1.c.o)
                              (__irq_dma1_channel1)
C:\Users\XM\AppData\Local\Temp\arduino\cores\d67c787f8d339c9ed449937ae4d9ea72\core.a(exc.S.o)
                              (__exc_nmi)
C:\Users\XM\AppData\Local\Temp\arduino\cores\d67c787f8d339c9ed449937ae4d9ea72\core.a(exti.c.o)
                              (__irq_exti0)
C:\Users\XM\AppData\Local\Temp\arduino\cores\d67c787f8d339c9ed449937ae4d9ea72\core.a(exti_f1.c.o)
                              C:\Users\XM\AppData\Local\Temp\arduino\cores\d67c787f8d339c9ed449937ae4d9ea72\core.a(exti.c.o) (exti_select)
C:\Users\XM\AppData\Local\Temp\arduino\cores\d67c787f8d339c9ed449937ae4d9ea72\core.a(flash.c.o)
                              C:\Users\XM\AppData\Local\Temp\arduino\sketches\395DA6E57F2FD801FDA8B66AD49E8E4E\core\wirish\boards.cpp.o (flash_set_latency)
C:\Users\XM\AppData\Local\Temp\arduino\cores\d67c787f8d339c9ed449937ae4d9ea72\core.a(gpio_f1.c.o)
                              C:\Users\XM\AppData\Local\Temp\arduino\sketches\395DA6E57F2FD801FDA8B66AD49E8E4E\core\wirish\boards_setup.cpp.o (gpio_init_all)
C:\Users\XM\AppData\Local\Temp\arduino\cores\d67c787f8d339c9ed449937ae4d9ea72\core.a(i2c_f1.c.o)
                              (__irq_i2c1_ev)
C:\Users\XM\AppData\Local\Temp\arduino\cores\d67c787f8d339c9ed449937ae4d9ea72\core.a(nvic.c.o)
                              C:\Users\XM\AppData\Local\Temp\arduino\cores\d67c787f8d339c9ed449937ae4d9ea72\core.a(i2c_f1.c.o) (nvic_irq_set_priority)
C:\Users\XM\AppData\Local\Temp\arduino\cores\d67c787f8d339c9ed449937ae4d9ea72\core.a(rcc.c.o)
                              C:\Users\XM\AppData\Local\Temp\arduino\sketches\395DA6E57F2FD801FDA8B66AD49E8E4E\core\wirish\boards.cpp.o (rcc_switch_sysclk)
C:\Users\XM\AppData\Local\Temp\arduino\cores\d67c787f8d339c9ed449937ae4d9ea72\core.a(rcc_f1.c.o)
                              C:\Users\XM\AppData\Local\Temp\arduino\sketches\395DA6E57F2FD801FDA8B66AD49E8E4E\core\wirish\boards.cpp.o (rcc_configure_pll)
C:\Users\XM\AppData\Local\Temp\arduino\cores\d67c787f8d339c9ed449937ae4d9ea72\core.a(isrs.S.o)
                              (__stm32reservedexception7)
C:\Users\XM\AppData\Local\Temp\arduino\cores\d67c787f8d339c9ed449937ae4d9ea72\core.a(vector_table.S.o)
                              (__stm32_vector_table)
C:\Users\XM\AppData\Local\Temp\arduino\cores\d67c787f8d339c9ed449937ae4d9ea72\core.a(systick.c.o)
                              C:\Users\XM\AppData\Local\Temp\arduino\sketches\395DA6E57F2FD801FDA8B66AD49E8E4E\core\wirish\boards.cpp.o (systick_init)
C:\Users\XM\AppData\Local\Temp\arduino\cores\d67c787f8d339c9ed449937ae4d9ea72\core.a(timer.c.o)
                              C:\Users\XM\AppData\Local\Temp\arduino\sketches\395DA6E57F2FD801FDA8B66AD49E8E4E\core\wirish\boards.cpp.o (timer_foreach)
C:\Users\XM\AppData\Local\Temp\arduino\cores\d67c787f8d339c9ed449937ae4d9ea72\core.a(usart.c.o)
                              C:\Users\XM\AppData\Local\Temp\arduino\cores\d67c787f8d339c9ed449937ae4d9ea72\core.a(HardwareSerial.cpp.o) (usart_init)
C:\Users\XM\AppData\Local\Temp\arduino\cores\d67c787f8d339c9ed449937ae4d9ea72\core.a(usart_f1.c.o)
                              C:\Users\XM\AppData\Local\Temp\arduino\cores\d67c787f8d339c9ed449937ae4d9ea72\core.a(HardwareSerial.cpp.o) (usart_config_gpios_async)
C:\Users\XM\AppData\Local\Temp\arduino\cores\d67c787f8d339c9ed449937ae4d9ea72\core.a(usart_private.c.o)
                              C:\Users\XM\AppData\Local\Temp\arduino\cores\d67c787f8d339c9ed449937ae4d9ea72\core.a(usart_f1.c.o) (_usart_clock_freq)
C:\Users\XM\AppData\Local\Temp\arduino\cores\d67c787f8d339c9ed449937ae4d9ea72\core.a(usb.c.o)
[...]
Memory Configuration

Name             Origin             Length             Attributes
ram              0x20000000         0x00005000         xrw
rom              0x08002000         0x0001e000         xr
*default*        0x00000000         0xffffffff

Linker script and memory map

LOAD c:/users/xm/appdata/local/arduino15/packages/arduino/tools/arm-none-eabi-gcc/7-2017q4/bin/../lib/gcc/arm-none-eabi/7.2.1/thumb/v7-m/crti.o
LOAD c:/users/xm/appdata/local/arduino15/packages/arduino/tools/arm-none-eabi-gcc/7-2017q4/bin/../lib/gcc/arm-none-eabi/7.2.1/thumb/v7-m/crtbegin.o
LOAD c:/users/xm/appdata/local/arduino15/packages/arduino/tools/arm-none-eabi-gcc/7-2017q4/bin/../lib/gcc/arm-none-eabi/7.2.1/../../../../arm-none-eabi/lib/thumb/v7-m/crt0.o
LOAD c:/users/xm/appdata/local/arduino15/packages/arduino/tools/arm-none-eabi-gcc/7-2017q4/bin/../lib/gcc/arm-none-eabi/7.2.1/thumb/v7-m\libgcc.a
START GROUP
LOAD C:\Users\XM\AppData\Local\Temp\arduino\sketches\395DA6E57F2FD801FDA8B66AD49E8E4E\sketch\Arduino-Aime-Reader.ino.cpp.o
LOAD C:\Users\XM\AppData\Local\Temp\arduino\sketches\395DA6E57F2FD801FDA8B66AD49E8E4E\libraries\PN532_HSU\PN532_HSU.cpp.o
LOAD C:\Users\XM\AppData\Local\Temp\arduino\sketches\395DA6E57F2FD801FDA8B66AD49E8E4E\libraries\PN532\PN532.cpp.o
LOAD C:\Users\XM\AppData\Local\Temp\arduino\sketches\395DA6E57F2FD801FDA8B66AD49E8E4E\libraries\PN532\emulatetag.cpp.o
LOAD C:\Users\XM\AppData\Local\Temp\arduino\sketches\395DA6E57F2FD801FDA8B66AD49E8E4E\libraries\PN532\llcp.cpp.o
LOAD C:\Users\XM\AppData\Local\Temp\arduino\sketches\395DA6E57F2FD801FDA8B66AD49E8E4E\libraries\PN532\mac_link.cpp.o
LOAD C:\Users\XM\AppData\Local\Temp\arduino\sketches\395DA6E57F2FD801FDA8B66AD49E8E4E\libraries\PN532\snep.cpp.o
LOAD C:\Users\XM\AppData\Local\Temp\arduino\sketches\395DA6E57F2FD801FDA8B66AD49E8E4E\libraries\EEPROM\EEPROM.cpp.o
LOAD C:\Users\XM\AppData\Local\Temp\arduino\sketches\395DA6E57F2FD801FDA8B66AD49E8E4E\libraries\EEPROM\flash_stm32.c.o
LOAD C:\Users\XM\AppData\Local\Temp\arduino\sketches\395DA6E57F2FD801FDA8B66AD49E8E4E\core\board.cpp.o
LOAD C:\Users\XM\AppData\Local\Temp\arduino\sketches\395DA6E57F2FD801FDA8B66AD49E8E4E\core\wirish\boards.cpp.o
LOAD C:\Users\XM\AppData\Local\Temp\arduino\sketches\395DA6E57F2FD801FDA8B66AD49E8E4E\core\wirish\boards_setup.cpp.o
LOAD C:\Users\XM\AppData\Local\Temp\arduino\sketches\395DA6E57F2FD801FDA8B66AD49E8E4E\core\wirish\start.S.o
LOAD C:\Users\XM\AppData\Local\Temp\arduino\sketches\395DA6E57F2FD801FDA8B66AD49E8E4E\core\wirish\start_c.c.o
LOAD C:\Users\XM\AppData\Local\Temp\arduino\sketches\395DA6E57F2FD801FDA8B66AD49E8E4E\core\wirish\syscalls.c.o
LOAD C:\Users\XM\AppData\Local\Temp\arduino\cores\d67c787f8d339c9ed449937ae4d9ea72\core.a
END GROUP
LOAD c:/users/xm/appdata/local/arduino15/packages/arduino/tools/arm-none-eabi-gcc/7-2017q4/bin/../lib/gcc/arm-none-eabi/7.2.1/../../../../arm-none-eabi/lib/thumb/v7-m\libstdc++_nano.a
LOAD c:/users/xm/appdata/local/arduino15/packages/arduino/tools/arm-none-eabi-gcc/7-2017q4/bin/../lib/gcc/arm-none-eabi/7.2.1/../../../../arm-none-eabi/lib/thumb/v7-m\libm.a
START GROUP
LOAD c:/users/xm/appdata/local/arduino15/packages/arduino/tools/arm-none-eabi-gcc/7-2017q4/bin/../lib/gcc/arm-none-eabi/7.2.1/thumb/v7-m\libgcc.a
LOAD c:/users/xm/appdata/local/arduino15/packages/arduino/tools/arm-none-eabi-gcc/7-2017q4/bin/../lib/gcc/arm-none-eabi/7.2.1/../../../../arm-none-eabi/lib/thumb/v7-m\libc_nano.a
END GROUP
START GROUP
LOAD c:/users/xm/appdata/local/arduino15/packages/arduino/tools/arm-none-eabi-gcc/7-2017q4/bin/../lib/gcc/arm-none-eabi/7.2.1/thumb/v7-m\libgcc.a
LOAD c:/users/xm/appdata/local/arduino15/packages/arduino/tools/arm-none-eabi-gcc/7-2017q4/bin/../lib/gcc/arm-none-eabi/7.2.1/../../../../arm-none-eabi/lib/thumb/v7-m\libc_nano.a
END GROUP
LOAD c:/users/xm/appdata/local/arduino15/packages/arduino/tools/arm-none-eabi-gcc/7-2017q4/bin/../lib/gcc/arm-none-eabi/7.2.1/thumb/v7-m/crtend.o
LOAD c:/users/xm/appdata/local/arduino15/packages/arduino/tools/arm-none-eabi-gcc/7-2017q4/bin/../lib/gcc/arm-none-eabi/7.2.1/thumb/v7-m/crtn.o
START GROUP
LOAD c:/users/xm/appdata/local/arduino15/packages/arduino/tools/arm-none-eabi-gcc/7-2017q4/bin/../lib/gcc/arm-none-eabi/7.2.1/thumb/v7-m\libgcc.a
LOAD c:/users/xm/appdata/local/arduino15/packages/arduino/tools/arm-none-eabi-gcc/7-2017q4/bin/../lib/gcc/arm-none-eabi/7.2.1/../../../../arm-none-eabi/lib/thumb/v7-m\libc.a
LOAD c:/users/xm/appdata/local/arduino15/packages/arduino/tools/arm-none-eabi-gcc/7-2017q4/bin/../lib/gcc/arm-none-eabi/7.2.1/../../../../arm-none-eabi/lib/thumb/v7-m\libm.a
END GROUP
START GROUP
LOAD c:/users/xm/appdata/local/arduino15/packages/arduino/tools/arm-none-eabi-gcc/7-2017q4/bin/../lib/gcc/arm-none-eabi/7.2.1/../../../../arm-none-eabi/lib/thumb/v7-m\libnosys.a
END GROUP
                0x20005000                PROVIDE (__msp_init, (ORIGIN (ram) + LENGTH (ram)))
                0x08005648                PROVIDE (__exc_reset, __start__)

.text           0x08002000     0x6948
                0x08002000                __text_start__ = .
 *(.stm32.interrupt_vector)
 .stm32.interrupt_vector
                0x08002000       0xec C:\Users\XM\AppData\Local\Temp\arduino\cores\d67c787f8d339c9ed449937ae4d9ea72\core.a(vector_table.S.o)
                0x08002000                __stm32_vector_table
 *(.text .text.* .gnu.linkonce.t.*)
 .text          0x080020ec       0x40 c:/users/xm/appdata/local/arduino15/packages/arduino/tools/arm-none-eabi-gcc/7-2017q4/bin/../lib/gcc/arm-none-eabi/7.2.1/thumb/v7-m/crtbegin.o
 .text._Z8LED_showhhh
                0x0800212c       0x44 C:\Users\XM\AppData\Local\Temp\arduino\sketches\395DA6E57F2FD801FDA8B66AD49E8E4E\sketch\Arduino-Aime-Reader.ino.cpp.o
                0x0800212c                LED_show(unsigned char, unsigned char, unsigned char)
 .text._Z8LED_Initv
                0x08002170       0x28 C:\Users\XM\AppData\Local\Temp\arduino\sketches\395DA6E57F2FD801FDA8B66AD49E8E4E\sketch\Arduino-Aime-Reader.ino.cpp.o
                0x08002170                LED_Init()
 .text._Z20EEPROM_get_sysconfigv
                0x08002198       0x90 C:\Users\XM\AppData\Local\Temp\arduino\sketches\395DA6E57F2FD801FDA8B66AD49E8E4E\sketch\Arduino-Aime-Reader.ino.cpp.o
                0x08002198                EEPROM_get_sysconfig()
 .text._ZN11mifare_cardC2Ev
                0x08002228       0x54 C:\Users\XM\AppData\Local\Temp\arduino\sketches\395DA6E57F2FD801FDA8B66AD49E8E4E\sketch\Arduino-Aime-Reader.ino.cpp.o
                0x08002228                mifare_card::mifare_card()
                0x08002228                mifare_card::mifare_card()
 .text._Z11Nesica_ReadP11nesica_card
                0x0800227c       0x78 C:\Users\XM\AppData\Local\Temp\arduino\sketches\395DA6E57F2FD801FDA8B66AD49E8E4E\sketch\Arduino-Aime-Reader.ino.cpp.o
                0x0800227c                Nesica_Read(nesica_card*)
 .text._Z8res_inith
                0x080022f4       0x24 C:\Users\XM\AppData\Local\Temp\arduino\sketches\395DA6E57F2FD801FDA8B66AD49E8E4E\sketch\Arduino-Aime-Reader.ino.cpp.o
                0x080022f4                res_init(unsigned char)
 .text._Z18sys_to_normal_modev
                0x08002318       0x34 C:\Users\XM\AppData\Local\Temp\arduino\sketches\395DA6E57F2FD801FDA8B66AD49E8E4E\sketch\Arduino-Aime-Reader.ino.cpp.o
                0x08002318                sys_to_normal_mode()
 .text._Z18sys_get_fw_versionv
                0x0800234c       0x50 C:\Users\XM\AppData\Local\Temp\arduino\sketches\395DA6E57F2FD801FDA8B66AD49E8E4E\sketch\Arduino-Aime-Reader.ino.cpp.o
                0x0800234c                sys_get_fw_version()
 .text._Z18sys_get_hw_versionv
                0x0800239c       0x5c C:\Users\XM\AppData\Local\Temp\arduino\sketches\395DA6E57F2FD801FDA8B66AD49E8E4E\sketch\Arduino-Aime-Reader.ino.cpp.o
                0x0800239c                sys_get_hw_version()
 .text._Z16sys_get_led_infov
                0x080023f8       0x64 C:\Users\XM\AppData\Local\Temp\arduino\sketches\395DA6E57F2FD801FDA8B66AD49E8E4E\sketch\Arduino-Aime-Reader.ino.cpp.o
                0x080023f8                sys_get_led_info()
 .text._Z17nfc_start_pollingv
                0x0800245c       0x1c C:\Users\XM\AppData\Local\Temp\arduino\sketches\395DA6E57F2FD801FDA8B66AD49E8E4E\sketch\Arduino-Aime-Reader.ino.cpp.o
                0x0800245c                nfc_start_polling()
 .text._Z16nfc_stop_pollingv
                0x08002478       0x1c C:\Users\XM\AppData\Local\Temp\arduino\sketches\395DA6E57F2FD801FDA8B66AD49E8E4E\sketch\Arduino-Aime-Reader.ino.cpp.o
                0x08002478                nfc_stop_polling()
 .text._Z15nfc_card_detectv
                0x08002494      0x1a0 C:\Users\XM\AppData\Local\Temp\arduino\sketches\395DA6E57F2FD801FDA8B66AD49E8E4E\sketch\Arduino-Aime-Reader.ino.cpp.o
                0x08002494                nfc_card_detect()
 .text._Z22nfc_mifare_authorize_av
                0x08002634       0x3c C:\Users\XM\AppData\Local\Temp\arduino\sketches\395DA6E57F2FD801FDA8B66AD49E8E4E\sketch\Arduino-Aime-Reader.ino.cpp.o
                0x08002634                nfc_mifare_authorize_a()
 .text._Z22nfc_mifare_authorize_bv
                0x08002670       0x3c C:\Users\XM\AppData\Local\Temp\arduino\sketches\395DA6E57F2FD801FDA8B66AD49E8E4E\sketch\Arduino-Aime-Reader.ino.cpp.o
                0x08002670                nfc_mifare_authorize_b()
 .text._Z15nfc_mifare_readv
                0x080026ac      0x224 C:\Users\XM\AppData\Local\Temp\arduino\sketches\395DA6E57F2FD801FDA8B66AD49E8E4E\sketch\Arduino-Aime-Reader.ino.cpp.o
                0x080026ac                nfc_mifare_read()
 .text._Z18nfc_felica_throughv
                0x080028d0      0x17c C:\Users\XM\AppData\Local\Temp\arduino\sketches\395DA6E57F2FD801FDA8B66AD49E8E4E\sketch\Arduino-Aime-Reader.ino.cpp.o
                0x080028d0                nfc_felica_through()
 .text._Z14Sega_Mode_Initv
                0x08002a4c       0xec C:\Users\XM\AppData\Local\Temp\arduino\sketches\395DA6E57F2FD801FDA8B66AD49E8E4E\sketch\Arduino-Aime-Reader.ino.cpp.o
                0x08002a4c                Sega_Mode_Init()
 .text._Z7hex2strh
                0x08002b38        0xc C:\Users\XM\AppData\Local\Temp\arduino\sketches\395DA6E57F2FD801FDA8B66AD49E8E4E\sketch\Arduino-Aime-Reader.ino.cpp.o
                0x08002b38                hex2str(unsigned char)
 .text._Z15Spice_Mode_Initv
                0x08002b44       0x7c C:\Users\XM\AppData\Local\Temp\arduino\sketches\395DA6E57F2FD801FDA8B66AD49E8E4E\sketch\Arduino-Aime-Reader.ino.cpp.o
                0x08002b44                Spice_Mode_Init()
 .text._ZN7message8initThisEv
                0x08002bc0       0x16 C:\Users\XM\AppData\Local\Temp\arduino\sketches\395DA6E57F2FD801FDA8B66AD49E8E4E\sketch\Arduino-Aime-Reader.ino.cpp.o
                0x08002bc0                message::initThis()
 .text._ZN7message7isReadyEv
                0x08002bd6       0x22 C:\Users\XM\AppData\Local\Temp\arduino\sketches\395DA6E57F2FD801FDA8B66AD49E8E4E\sketch\Arduino-Aime-Reader.ino.cpp.o
                0x08002bd6                message::isReady()
 .text._Z6ledsvcv
                0x08002bf8      0x2e4 C:\Users\XM\AppData\Local\Temp\arduino\sketches\395DA6E57F2FD801FDA8B66AD49E8E4E\sketch\Arduino-Aime-Reader.ino.cpp.o
                0x08002bf8                ledsvc()
 .text._Z19set_led_blue_breathv
                0x08002edc       0x28 C:\Users\XM\AppData\Local\Temp\arduino\sketches\395DA6E57F2FD801FDA8B66AD49E8E4E\sketch\Arduino-Aime-Reader.ino.cpp.o
                0x08002edc                set_led_blue_breath()
 .text._Z18set_led_rgb_breathv
                0x08002f04       0x28 C:\Users\XM\AppData\Local\Temp\arduino\sketches\395DA6E57F2FD801FDA8B66AD49E8E4E\sketch\Arduino-Aime-Reader.ino.cpp.o
                0x08002f04                set_led_rgb_breath()
 .text._Z23set_led_red_yellow_loopv
                0x08002f2c       0x3c C:\Users\XM\AppData\Local\Temp\arduino\sketches\395DA6E57F2FD801FDA8B66AD49E8E4E\sketch\Arduino-Aime-Reader.ino.cpp.o
                0x08002f2c                set_led_red_yellow_loop()
 .text._Z11set_led_offv
                0x08002f68       0x14 C:\Users\XM\AppData\Local\Temp\arduino\sketches\395DA6E57F2FD801FDA8B66AD49E8E4E\sketch\Arduino-Aime-Reader.ino.cpp.o
                0x08002f68                set_led_off()
 .text._Z17set_led_blue_keepv
                0x08002f7c       0x10 C:\Users\XM\AppData\Local\Temp\arduino\sketches\395DA6E57F2FD801FDA8B66AD49E8E4E\sketch\Arduino-Aime-Reader.ino.cpp.o
                0x08002f7c                set_led_blue_keep()
 .text._Z23set_led_green_blue_loopv
                0x08002f8c       0x3c C:\Users\XM\AppData\Local\Temp\arduino\sketches\395DA6E57F2FD801FDA8B66AD49E8E4E\sketch\Arduino-Aime-Reader.ino.cpp.o
                0x08002f8c                set_led_green_blue_loop()
 .text._Z26set_led_green_to_blue_keepv
                0x08002fc8       0x3c C:\Users\XM\AppData\Local\Temp\arduino\sketches\395DA6E57F2FD801FDA8B66AD49E8E4E\sketch\Arduino-Aime-Reader.ino.cpp.o
                0x08002fc8                set_led_green_to_blue_keep()
 .text._Z24set_led_red_to_blue_keepv
                0x08003004       0x3c C:\Users\XM\AppData\Local\Temp\arduino\sketches\395DA6E57F2FD801FDA8B66AD49E8E4E\sketch\Arduino-Aime-Reader.ino.cpp.o
                0x08003004                set_led_red_to_blue_keep()
 .text._Z10setLEDModeh
                0x08003040       0x40 C:\Users\XM\AppData\Local\Temp\arduino\sketches\395DA6E57F2FD801FDA8B66AD49E8E4E\sketch\Arduino-Aime-Reader.ino.cpp.o
                0x08003040                setLEDMode(unsigned char)
 .text._Z11packet_readv
                0x08003080       0x94 C:\Users\XM\AppData\Local\Temp\arduino\sketches\395DA6E57F2FD801FDA8B66AD49E8E4E\sketch\Arduino-Aime-Reader.ino.cpp.o
                0x08003080                packet_read()
 .text._Z16Test_Reader_Loopv
                0x08003114      0x368 C:\Users\XM\AppData\Local\Temp\arduino\sketches\395DA6E57F2FD801FDA8B66AD49E8E4E\sketch\Arduino-Aime-Reader.ino.cpp.o
                0x08003114                Test_Reader_Loop()
 .text._ZN8spiceapi10Connection5resetEv
                0x0800347c       0x1c C:\Users\XM\AppData\Local\Temp\arduino\sketches\395DA6E57F2FD801FDA8B66AD49E8E4E\sketch\Arduino-Aime-Reader.ino.cpp.o
                0x0800347c                spiceapi::Connection::reset()
 .text._ZN8spiceapi10ConnectionC2Ej
                0x08003498       0x1a C:\Users\XM\AppData\Local\Temp\arduino\sketches\395DA6E57F2FD801FDA8B66AD49E8E4E\sketch\Arduino-Aime-Reader.ino.cpp.o
                0x08003498                spiceapi::Connection::Connection(unsigned int)
                0x08003498                spiceapi::Connection::Connection(unsigned int)
 *fill*         0x080034b2        0x2 
 .text.startup._GLOBAL__sub_I__Z8LED_showhhh
                0x080034b4       0x80 C:\Users\XM\AppData\Local\Temp\arduino\sketches\395DA6E57F2FD801FDA8B66AD49E8E4E\sketch\Arduino-Aime-Reader.ino.cpp.o
 .text._Z12packet_writev
                0x08003534       0x60 C:\Users\XM\AppData\Local\Temp\arduino\sketches\395DA6E57F2FD801FDA8B66AD49E8E4E\sketch\Arduino-Aime-Reader.ino.cpp.o
                0x08003534                packet_write()
 .text._Z14Sega_Mode_Loopv
                0x08003594      0x254 C:\Users\XM\AppData\Local\Temp\arduino\sketches\395DA6E57F2FD801FDA8B66AD49E8E4E\sketch\Arduino-Aime-Reader.ino.cpp.o
                0x08003594                Sega_Mode_Loop()
 .text._Z6doSendv
                0x080037e8       0x64 C:\Users\XM\AppData\Local\Temp\arduino\sketches\395DA6E57F2FD801FDA8B66AD49E8E4E\sketch\Arduino-Aime-Reader.ino.cpp.o
                0x080037e8                doSend()
 .text._ZN8spiceapi10Connection7requestEPcj
                0x0800384c       0x7c C:\Users\XM\AppData\Local\Temp\arduino\sketches\395DA6E57F2FD801FDA8B66AD49E8E4E\sketch\Arduino-Aime-Reader.ino.cpp.o
                0x0800384c                spiceapi::Connection::request(char*, unsigned int)
 .text._Z15Spice_Mode_Loopv
                0x080038c8      0x27c C:\Users\XM\AppData\Local\Temp\arduino\sketches\395DA6E57F2FD801FDA8B66AD49E8E4E\sketch\Arduino-Aime-Reader.ino.cpp.o
                0x080038c8                Spice_Mode_Loop()
 .text._Z17Namco_PN532_Setupv
                0x08003b44      0x11c C:\Users\XM\AppData\Local\Temp\arduino\sketches\395DA6E57F2FD801FDA8B66AD49E8E4E\sketch\Arduino-Aime-Reader.ino.cpp.o
                0x08003b44                Namco_PN532_Setup()
 .text._Z5setupv
                0x08003c60       0x3c C:\Users\XM\AppData\Local\Temp\arduino\sketches\395DA6E57F2FD801FDA8B66AD49E8E4E\sketch\Arduino-Aime-Reader.ino.cpp.o
                0x08003c60                setup()
 .text._Z4procv
                0x08003c9c      0x564 C:\Users\XM\AppData\Local\Temp\arduino\sketches\395DA6E57F2FD801FDA8B66AD49E8E4E\sketch\Arduino-Aime-Reader.ino.cpp.o
                0x08003c9c                proc()
 .text._Z6doRecvv
                0x08004200       0x94 C:\Users\XM\AppData\Local\Temp\arduino\sketches\395DA6E57F2FD801FDA8B66AD49E8E4E\sketch\Arduino-Aime-Reader.ino.cpp.o
                0x08004200                doRecv()
 .text._Z15Namco_Mode_Loopv
                0x08004294       0xa8 C:\Users\XM\AppData\Local\Temp\arduino\sketches\395DA6E57F2FD801FDA8B66AD49E8E4E\sketch\Arduino-Aime-Reader.ino.cpp.o
                0x08004294                Namco_Mode_Loop()
 .text._Z8RAW_Loopv
                0x0800433c       0x80 C:\Users\XM\AppData\Local\Temp\arduino\sketches\395DA6E57F2FD801FDA8B66AD49E8E4E\sketch\Arduino-Aime-Reader.ino.cpp.o
                0x0800433c                RAW_Loop()
 .text._Z4loopv
                0x080043bc       0x6c C:\Users\XM\AppData\Local\Temp\arduino\sketches\395DA6E57F2FD801FDA8B66AD49E8E4E\sketch\Arduino-Aime-Reader.ino.cpp.o
                0x080043bc                loop()
 .text._ZN9PN532_HSU5beginEv
                0x08004428        0xa C:\Users\XM\AppData\Local\Temp\arduino\sketches\395DA6E57F2FD801FDA8B66AD49E8E4E\libraries\PN532_HSU\PN532_HSU.cpp.o
                0x08004428                PN532_HSU::begin()
 .text._ZN14HardwareSerial5writeEi
                0x08004432        0x8 C:\Users\XM\AppData\Local\Temp\arduino\sketches\395DA6E57F2FD801FDA8B66AD49E8E4E\libraries\PN532_HSU\PN532_HSU.cpp.o
                0x08004432                HardwareSerial::write(int)
 .text._ZN9PN532_HSU6wakeupEv
                0x0800443a       0x4e C:\Users\XM\AppData\Local\Temp\arduino\sketches\395DA6E57F2FD801FDA8B66AD49E8E4E\libraries\PN532_HSU\PN532_HSU.cpp.o
                0x0800443a                PN532_HSU::wakeup()
 .text._ZN9PN532_HSUC2ER14HardwareSerial
                0x08004488       0x10 C:\Users\XM\AppData\Local\Temp\arduino\sketches\395DA6E57F2FD801FDA8B66AD49E8E4E\libraries\PN532_HSU\PN532_HSU.cpp.o
                0x08004488                PN532_HSU::PN532_HSU(HardwareSerial&)
                0x08004488                PN532_HSU::PN532_HSU(HardwareSerial&)
 .text._ZN9PN532_HSU7receiveEPhit
                0x08004498       0x4c C:\Users\XM\AppData\Local\Temp\arduino\sketches\395DA6E57F2FD801FDA8B66AD49E8E4E\libraries\PN532_HSU\PN532_HSU.cpp.o
                0x08004498                PN532_HSU::receive(unsigned char*, int, unsigned short)
 .text._ZN9PN532_HSU12readResponseEPhht
                0x080044e4       0xee C:\Users\XM\AppData\Local\Temp\arduino\sketches\395DA6E57F2FD801FDA8B66AD49E8E4E\libraries\PN532_HSU\PN532_HSU.cpp.o
                0x080044e4                PN532_HSU::readResponse(unsigned char*, unsigned char, unsigned short)
 *fill*         0x080045d2        0x2 
 .text._ZN9PN532_HSU12readAckFrameEv
                0x080045d4       0x40 C:\Users\XM\AppData\Local\Temp\arduino\sketches\395DA6E57F2FD801FDA8B66AD49E8E4E\libraries\PN532_HSU\PN532_HSU.cpp.o
                0x080045d4                PN532_HSU::readAckFrame()
 .text._ZN9PN532_HSU12writeCommandEPKhhS1_h
                0x08004614       0xd0 C:\Users\XM\AppData\Local\Temp\arduino\sketches\395DA6E57F2FD801FDA8B66AD49E8E4E\libraries\PN532_HSU\PN532_HSU.cpp.o
                0x08004614                PN532_HSU::writeCommand(unsigned char const*, unsigned char, unsigned char const*, unsigned char)
 .text._ZN5PN532C2ER14PN532Interface
                0x080046e4        0x6 C:\Users\XM\AppData\Local\Temp\arduino\sketches\395DA6E57F2FD801FDA8B66AD49E8E4E\libraries\PN532\PN532.cpp.o
                0x080046e4                PN532::PN532(PN532Interface&)
                0x080046e4                PN532::PN532(PN532Interface&)
 .text._ZN5PN5325beginEv
                0x080046ea       0x1c C:\Users\XM\AppData\Local\Temp\arduino\sketches\395DA6E57F2FD801FDA8B66AD49E8E4E\libraries\PN532\PN532.cpp.o
                0x080046ea                PN532::begin()
 *fill*         0x08004706        0x2 
 .text._ZN5PN5328PrintHexEPKhm
                0x08004708       0x54 C:\Users\XM\AppData\Local\Temp\arduino\sketches\395DA6E57F2FD801FDA8B66AD49E8E4E\libraries\PN532\PN532.cpp.o
                0x08004708                PN532::PrintHex(unsigned char const*, unsigned long)
 .text._ZN5PN53218getFirmwareVersionEv
                0x0800475c       0x56 C:\Users\XM\AppData\Local\Temp\arduino\sketches\395DA6E57F2FD801FDA8B66AD49E8E4E\libraries\PN532\PN532.cpp.o
                0x0800475c                PN532::getFirmwareVersion()
 .text._ZN5PN5329SAMConfigEv
                0x080047b2       0x52 C:\Users\XM\AppData\Local\Temp\arduino\sketches\395DA6E57F2FD801FDA8B66AD49E8E4E\libraries\PN532\PN532.cpp.o
                0x080047b2                PN532::SAMConfig()
 .text._ZN5PN53227setPassiveActivationRetriesEh
                0x08004804       0x58 C:\Users\XM\AppData\Local\Temp\arduino\sketches\395DA6E57F2FD801FDA8B66AD49E8E4E\libraries\PN532\PN532.cpp.o
                0x08004804                PN532::setPassiveActivationRetries(unsigned char)
 .text._ZN5PN53210setRFFieldEhh
                0x0800485c       0x50 C:\Users\XM\AppData\Local\Temp\arduino\sketches\395DA6E57F2FD801FDA8B66AD49E8E4E\libraries\PN532\PN532.cpp.o
                0x0800485c                PN532::setRFField(unsigned char, unsigned char)
 .text._ZN5PN53219readPassiveTargetIDEhPhS0_tb
                0x080048ac       0x90 C:\Users\XM\AppData\Local\Temp\arduino\sketches\395DA6E57F2FD801FDA8B66AD49E8E4E\libraries\PN532\PN532.cpp.o
                0x080048ac                PN532::readPassiveTargetID(unsigned char, unsigned char*, unsigned char*, unsigned short, bool)
 .text._ZN5PN53231mifareclassic_AuthenticateBlockEPhhmhS0_
                0x0800493c       0x9a C:\Users\XM\AppData\Local\Temp\arduino\sketches\395DA6E57F2FD801FDA8B66AD49E8E4E\libraries\PN532\PN532.cpp.o
                0x0800493c                PN532::mifareclassic_AuthenticateBlock(unsigned char*, unsigned char, unsigned long, unsigned char, unsigned char*)
 .text._ZN5PN53227mifareclassic_ReadDataBlockEhPh
                0x080049d6       0x68 C:\Users\XM\AppData\Local\Temp\arduino\sketches\395DA6E57F2FD801FDA8B66AD49E8E4E\libraries\PN532\PN532.cpp.o
                0x080049d6                PN532::mifareclassic_ReadDataBlock(unsigned char, unsigned char*)
 .text._ZN5PN53225mifareultralight_ReadPageEhPh
                0x08004a3e       0x60 C:\Users\XM\AppData\Local\Temp\arduino\sketches\395DA6E57F2FD801FDA8B66AD49E8E4E\libraries\PN532\PN532.cpp.o
                0x08004a3e                PN532::mifareultralight_ReadPage(unsigned char, unsigned char*)
 .text._ZN5PN53214felica_PollingEthPhS0_Ptt
                0x08004a9e       0xd8 C:\Users\XM\AppData\Local\Temp\arduino\sketches\395DA6E57F2FD801FDA8B66AD49E8E4E\libraries\PN532\PN532.cpp.o
                0x08004a9e                PN532::felica_Polling(unsigned short, unsigned char, unsigned char*, unsigned char*, unsigned short*, unsigned short)
 .text._ZN5PN53218felica_SendCommandEPKhhPhS2_
                0x08004b76       0x82 C:\Users\XM\AppData\Local\Temp\arduino\sketches\395DA6E57F2FD801FDA8B66AD49E8E4E\libraries\PN532\PN532.cpp.o
                0x08004b76                PN532::felica_SendCommand(unsigned char const*, unsigned char, unsigned char*, unsigned char*)
 .text._ZN5PN53228felica_ReadWithoutEncryptionEhPKthS1_PA16_h
                0x08004bf8      0x122 C:\Users\XM\AppData\Local\Temp\arduino\sketches\395DA6E57F2FD801FDA8B66AD49E8E4E\libraries\PN532\PN532.cpp.o
                0x08004bf8                PN532::felica_ReadWithoutEncryption(unsigned char, unsigned short const*, unsigned char, unsigned short const*, unsigned char (*) [16])
 .text._ZN5PN53229felica_WriteWithoutEncryptionEhPKthS1_PA16_h
                0x08004d1a      0x12c C:\Users\XM\AppData\Local\Temp\arduino\sketches\395DA6E57F2FD801FDA8B66AD49E8E4E\libraries\PN532\PN532.cpp.o
                0x08004d1a                PN532::felica_WriteWithoutEncryption(unsigned char, unsigned short const*, unsigned char, unsigned short const*, unsigned char (*) [16])
 .text._ZN11EEPROMClass12EE_CheckPageEmt
                0x08004e46       0x32 C:\Users\XM\AppData\Local\Temp\arduino\sketches\395DA6E57F2FD801FDA8B66AD49E8E4E\libraries\EEPROM\EEPROM.cpp.o
                0x08004e46                EEPROMClass::EE_CheckPage(unsigned long, unsigned short)
 .text._ZN11EEPROMClass12EE_ErasePageEm
                0x08004e78       0x58 C:\Users\XM\AppData\Local\Temp\arduino\sketches\395DA6E57F2FD801FDA8B66AD49E8E4E\libraries\EEPROM\EEPROM.cpp.o
                0x08004e78                EEPROMClass::EE_ErasePage(unsigned long)
 .text._ZN11EEPROMClass17EE_CheckErasePageEmt
                0x08004ed0       0x2c C:\Users\XM\AppData\Local\Temp\arduino\sketches\395DA6E57F2FD801FDA8B66AD49E8E4E\libraries\EEPROM\EEPROM.cpp.o
                0x08004ed0                EEPROMClass::EE_CheckErasePage(unsigned long, unsigned short)
 .text._ZN11EEPROMClass16EE_FindValidPageEv
                0x08004efc       0x30 C:\Users\XM\AppData\Local\Temp\arduino\sketches\395DA6E57F2FD801FDA8B66AD49E8E4E\libraries\EEPROM\EEPROM.cpp.o
                0x08004efc                EEPROMClass::EE_FindValidPage()
 .text._ZN11EEPROMClass20EE_GetVariablesCountEmt
                0x08004f2c       0x3c C:\Users\XM\AppData\Local\Temp\arduino\sketches\395DA6E57F2FD801FDA8B66AD49E8E4E\libraries\EEPROM\EEPROM.cpp.o
                0x08004f2c                EEPROMClass::EE_GetVariablesCount(unsigned long, unsigned short)
 .text._ZN11EEPROMClass15EE_PageTransferEmmt
                0x08004f68       0xb0 C:\Users\XM\AppData\Local\Temp\arduino\sketches\395DA6E57F2FD801FDA8B66AD49E8E4E\libraries\EEPROM\EEPROM.cpp.o
                0x08004f68                EEPROMClass::EE_PageTransfer(unsigned long, unsigned long, unsigned short)
 .text._ZN11EEPROMClass30EE_VerifyPageFullWriteVariableEtt
                0x08005018       0xf4 C:\Users\XM\AppData\Local\Temp\arduino\sketches\395DA6E57F2FD801FDA8B66AD49E8E4E\libraries\EEPROM\EEPROM.cpp.o
                0x08005018                EEPROMClass::EE_VerifyPageFullWriteVariable(unsigned short, unsigned short)
 .text._ZN11EEPROMClassC2Ev
                0x0800510c       0x20 C:\Users\XM\AppData\Local\Temp\arduino\sketches\395DA6E57F2FD801FDA8B66AD49E8E4E\libraries\EEPROM\EEPROM.cpp.o
                0x0800510c                EEPROMClass::EEPROMClass()
                0x0800510c                EEPROMClass::EEPROMClass()
 .text._ZN11EEPROMClass6formatEv
                0x0800512c       0x40 C:\Users\XM\AppData\Local\Temp\arduino\sketches\395DA6E57F2FD801FDA8B66AD49E8E4E\libraries\EEPROM\EEPROM.cpp.o
                0x0800512c                EEPROMClass::format()
 .text._ZN11EEPROMClass4initEv
                0x0800516c       0xbe C:\Users\XM\AppData\Local\Temp\arduino\sketches\395DA6E57F2FD801FDA8B66AD49E8E4E\libraries\EEPROM\EEPROM.cpp.o
                0x0800516c                EEPROMClass::init()
 .text._ZN11EEPROMClass4initEmmm
                0x0800522a       0x12 C:\Users\XM\AppData\Local\Temp\arduino\sketches\395DA6E57F2FD801FDA8B66AD49E8E4E\libraries\EEPROM\EEPROM.cpp.o
                0x0800522a                EEPROMClass::init(unsigned long, unsigned long, unsigned long)
 .text._ZN11EEPROMClass4readEtPt
                0x0800523c       0x52 C:\Users\XM\AppData\Local\Temp\arduino\sketches\395DA6E57F2FD801FDA8B66AD49E8E4E\libraries\EEPROM\EEPROM.cpp.o
                0x0800523c                EEPROMClass::read(unsigned short, unsigned short*)
 .text._ZN11EEPROMClass4readEt
                0x0800528e       0x14 C:\Users\XM\AppData\Local\Temp\arduino\sketches\395DA6E57F2FD801FDA8B66AD49E8E4E\libraries\EEPROM\EEPROM.cpp.o
                0x0800528e                EEPROMClass::read(unsigned short)
 .text._ZN11EEPROMClass5writeEtt
                0x080052a2       0x32 C:\Users\XM\AppData\Local\Temp\arduino\sketches\395DA6E57F2FD801FDA8B66AD49E8E4E\libraries\EEPROM\EEPROM.cpp.o
                0x080052a2                EEPROMClass::write(unsigned short, unsigned short)
 .text.startup._GLOBAL__sub_I__ZN11EEPROMClass12EE_CheckPageEmt
                0x080052d4        0xc C:\Users\XM\AppData\Local\Temp\arduino\sketches\395DA6E57F2FD801FDA8B66AD49E8E4E\libraries\EEPROM\EEPROM.cpp.o
 .text.FLASH_GetStatus
                0x080052e0       0x34 C:\Users\XM\AppData\Local\Temp\arduino\sketches\395DA6E57F2FD801FDA8B66AD49E8E4E\libraries\EEPROM\flash_stm32.c.o
                0x080052e0                FLASH_GetStatus
 .text.FLASH_WaitForLastOperation
                0x08005314       0x38 C:\Users\XM\AppData\Local\Temp\arduino\sketches\395DA6E57F2FD801FDA8B66AD49E8E4E\libraries\EEPROM\flash_stm32.c.o
                0x08005314                FLASH_WaitForLastOperation
 .text.FLASH_ErasePage
                0x0800534c       0x44 C:\Users\XM\AppData\Local\Temp\arduino\sketches\395DA6E57F2FD801FDA8B66AD49E8E4E\libraries\EEPROM\flash_stm32.c.o
                0x0800534c                FLASH_ErasePage
 .text.FLASH_ProgramHalfWord
                0x08005390       0x4c C:\Users\XM\AppData\Local\Temp\arduino\sketches\395DA6E57F2FD801FDA8B66AD49E8E4E\libraries\EEPROM\flash_stm32.c.o
                0x08005390                FLASH_ProgramHalfWord
 .text.FLASH_Unlock
                0x080053dc       0x18 C:\Users\XM\AppData\Local\Temp\arduino\sketches\395DA6E57F2FD801FDA8B66AD49E8E4E\libraries\EEPROM\flash_stm32.c.o
                0x080053dc                FLASH_Unlock
 .text._Z9boardInitv
                0x080053f4        0x4 C:\Users\XM\AppData\Local\Temp\arduino\sketches\395DA6E57F2FD801FDA8B66AD49E8E4E\core\board.cpp.o
                0x080053f4                boardInit()
 .text.startup._GLOBAL__sub_I__Z9boardInitv
                0x080053f8       0x48 C:\Users\XM\AppData\Local\Temp\arduino\sketches\395DA6E57F2FD801FDA8B66AD49E8E4E\core\board.cpp.o
 .text._ZL18adc_default_configP7adc_dev
                0x08005440       0x1c C:\Users\XM\AppData\Local\Temp\arduino\sketches\395DA6E57F2FD801FDA8B66AD49E8E4E\core\wirish\boards.cpp.o
 .text._ZL20timer_default_configP9timer_dev
                0x0800545c       0xa8 C:\Users\XM\AppData\Local\Temp\arduino\sketches\395DA6E57F2FD801FDA8B66AD49E8E4E\core\wirish\boards.cpp.o
 .text._Z4initv
                0x08005504       0xbc C:\Users\XM\AppData\Local\Temp\arduino\sketches\395DA6E57F2FD801FDA8B66AD49E8E4E\core\wirish\boards.cpp.o
                0x08005504                init()
 .text._ZN6wirish4priv15board_reset_pllEv
                0x080055c0        0x2 C:\Users\XM\AppData\Local\Temp\arduino\sketches\395DA6E57F2FD801FDA8B66AD49E8E4E\core\wirish\boards_setup.cpp.o
                0x080055c0                wirish::priv::board_reset_pll()
 .text._ZN6wirish4priv28board_setup_clock_prescalersEv
                0x080055c2       0x2e C:\Users\XM\AppData\Local\Temp\arduino\sketches\395DA6E57F2FD801FDA8B66AD49E8E4E\core\wirish\boards_setup.cpp.o
                0x080055c2                wirish::priv::board_setup_clock_prescalers()
 .text._ZN6wirish4priv16board_setup_gpioEv
                0x080055f0        0x4 C:\Users\XM\AppData\Local\Temp\arduino\sketches\395DA6E57F2FD801FDA8B66AD49E8E4E\core\wirish\boards_setup.cpp.o
                0x080055f0                wirish::priv::board_setup_gpio()
 .text._ZN6wirish4priv15board_setup_usbEv
                0x080055f4       0x50 C:\Users\XM\AppData\Local\Temp\arduino\sketches\395DA6E57F2FD801FDA8B66AD49E8E4E\core\wirish\boards_setup.cpp.o
                0x080055f4                wirish::priv::board_setup_usb()
 .text._ZN6wirish4priv11series_initEv
                0x08005644        0x4 C:\Users\XM\AppData\Local\Temp\arduino\sketches\395DA6E57F2FD801FDA8B66AD49E8E4E\core\wirish\boards_setup.cpp.o
                0x08005644                wirish::priv::series_init()
 .text          0x08005648       0x10 C:\Users\XM\AppData\Local\Temp\arduino\sketches\395DA6E57F2FD801FDA8B66AD49E8E4E\core\wirish\start.S.o
                0x08005648                __start__
 .text.start_c  0x08005658       0x54 C:\Users\XM\AppData\Local\Temp\arduino\sketches\395DA6E57F2FD801FDA8B66AD49E8E4E\core\wirish\start_c.c.o
                0x08005658                start_c
 .text._sbrk    0x080056ac       0x44 C:\Users\XM\AppData\Local\Temp\arduino\sketches\395DA6E57F2FD801FDA8B66AD49E8E4E\core\wirish\syscalls.c.o
                0x080056ac                _sbrk
 .text.rb_full_count
                0x080056f0       0x18 C:\Users\XM\AppData\Local\Temp\arduino\cores\d67c787f8d339c9ed449937ae4d9ea72\core.a(HardwareSerial.cpp.o)
 .text._ZN14HardwareSerial4readEv
                0x08005708       0x38 C:\Users\XM\AppData\Local\Temp\arduino\cores\d67c787f8d339c9ed449937ae4d9ea72\core.a(HardwareSerial.cpp.o)
                0x08005708                HardwareSerial::read()
 .text._ZN14HardwareSerial9availableEv
                0x08005740        0xc C:\Users\XM\AppData\Local\Temp\arduino\cores\d67c787f8d339c9ed449937ae4d9ea72\core.a(HardwareSerial.cpp.o)
                0x08005740                HardwareSerial::available()
 .text._ZN14HardwareSerial4peekEv
                0x0800574c       0x20 C:\Users\XM\AppData\Local\Temp\arduino\cores\d67c787f8d339c9ed449937ae4d9ea72\core.a(HardwareSerial.cpp.o)
                0x0800574c                HardwareSerial::peek()
 .text._ZN14HardwareSerial5flushEv
                0x0800576c       0x18 C:\Users\XM\AppData\Local\Temp\arduino\cores\d67c787f8d339c9ed449937ae4d9ea72\core.a(HardwareSerial.cpp.o)
                0x0800576c                HardwareSerial::flush()
 .text._ZN14HardwareSerial5writeEh
                0x08005784       0x1e C:\Users\XM\AppData\Local\Temp\arduino\cores\d67c787f8d339c9ed449937ae4d9ea72\core.a(HardwareSerial.cpp.o)
                0x08005784                HardwareSerial::write(unsigned char)
 *fill*         0x080057a2        0x2 
 .text._ZN14HardwareSerialC2EP9usart_devhh
                0x080057a4       0x20 C:\Users\XM\AppData\Local\Temp\arduino\cores\d67c787f8d339c9ed449937ae4d9ea72\core.a(HardwareSerial.cpp.o)
                0x080057a4                HardwareSerial::HardwareSerial(usart_dev*, unsigned char, unsigned char)
                0x080057a4                HardwareSerial::HardwareSerial(usart_dev*, unsigned char, unsigned char)
 .text._ZN14HardwareSerial5beginEmh
                0x080057c4       0x68 C:\Users\XM\AppData\Local\Temp\arduino\cores\d67c787f8d339c9ed449937ae4d9ea72\core.a(HardwareSerial.cpp.o)
                0x080057c4                HardwareSerial::begin(unsigned long, unsigned char)
 .text._ZN14HardwareSerial5beginEm
                0x0800582c        0x6 C:\Users\XM\AppData\Local\Temp\arduino\cores\d67c787f8d339c9ed449937ae4d9ea72\core.a(HardwareSerial.cpp.o)
                0x0800582c                HardwareSerial::begin(unsigned long)
 .text._ZN5Print5writeEPKvm
                0x08005832       0x20 C:\Users\XM\AppData\Local\Temp\arduino\cores\d67c787f8d339c9ed449937ae4d9ea72\core.a(Print.cpp.o)
                0x08005832                Print::write(void const*, unsigned long)
 .text._ZN5Print5writeEPKc
                0x08005852       0x20 C:\Users\XM\AppData\Local\Temp\arduino\cores\d67c787f8d339c9ed449937ae4d9ea72\core.a(Print.cpp.o)
                0x08005852                Print::write(char const*)
 .text._ZN5Print5printEc
                0x08005872        0x6 C:\Users\XM\AppData\Local\Temp\arduino\cores\d67c787f8d339c9ed449937ae4d9ea72\core.a(Print.cpp.o)
                0x08005872                Print::print(char)
 .text._ZN5Print5printEPKc
                0x08005878        0x6 C:\Users\XM\AppData\Local\Temp\arduino\cores\d67c787f8d339c9ed449937ae4d9ea72\core.a(Print.cpp.o)
                0x08005878                Print::print(char const*)
 .text._ZN5Print7printlnEv
                0x0800587e       0x18 C:\Users\XM\AppData\Local\Temp\arduino\cores\d67c787f8d339c9ed449937ae4d9ea72\core.a(Print.cpp.o)
                0x0800587e                Print::println()
 .text._ZN5Print7printlnEPKc
                0x08005896       0x14 C:\Users\XM\AppData\Local\Temp\arduino\cores\d67c787f8d339c9ed449937ae4d9ea72\core.a(Print.cpp.o)
                0x08005896                Print::println(char const*)
 .text._ZN5Print11printNumberEyh
                0x080058aa       0x6c C:\Users\XM\AppData\Local\Temp\arduino\cores\d67c787f8d339c9ed449937ae4d9ea72\core.a(Print.cpp.o)
                0x080058aa                Print::printNumber(unsigned long long, unsigned char)
 .text._ZN5Print5printExi
                0x08005916       0x32 C:\Users\XM\AppData\Local\Temp\arduino\cores\d67c787f8d339c9ed449937ae4d9ea72\core.a(Print.cpp.o)
                0x08005916                Print::print(long long, int)
 .text._ZN5Print5printEii
                0x08005948       0x12 C:\Users\XM\AppData\Local\Temp\arduino\cores\d67c787f8d339c9ed449937ae4d9ea72\core.a(Print.cpp.o)
                0x08005948                Print::print(int, int)
 .text._ZN5Print7printlnEii
                0x0800595a       0x14 C:\Users\XM\AppData\Local\Temp\arduino\cores\d67c787f8d339c9ed449937ae4d9ea72\core.a(Print.cpp.o)
                0x0800595a                Print::println(int, int)
 .text._ZN5Print5printEhi
                0x0800596e       0x14 C:\Users\XM\AppData\Local\Temp\arduino\cores\d67c787f8d339c9ed449937ae4d9ea72\core.a(Print.cpp.o)
                0x0800596e                Print::print(unsigned char, int)
 .text.adc_init
                0x08005982       0x14 C:\Users\XM\AppData\Local\Temp\arduino\cores\d67c787f8d339c9ed449937ae4d9ea72\core.a(adc.c.o)
                0x08005982                adc_init
 .text.adc_set_extsel
                0x08005996       0x12 C:\Users\XM\AppData\Local\Temp\arduino\cores\d67c787f8d339c9ed449937ae4d9ea72\core.a(adc.c.o)
                0x08005996                adc_set_extsel
 .text.adc_set_sample_rate
                0x080059a8       0x2a C:\Users\XM\AppData\Local\Temp\arduino\cores\d67c787f8d339c9ed449937ae4d9ea72\core.a(adc.c.o)
                0x080059a8                adc_set_sample_rate
 *fill*         0x080059d2        0x2 
 .text.__irq_adc
                0x080059d4       0x54 C:\Users\XM\AppData\Local\Temp\arduino\cores\d67c787f8d339c9ed449937ae4d9ea72\core.a(adc_f1.c.o)
                0x080059d4                __irq_adc
 .text.adc_calibrate
                0x08005a28       0x24 C:\Users\XM\AppData\Local\Temp\arduino\cores\d67c787f8d339c9ed449937ae4d9ea72\core.a(adc_f1.c.o)
                0x08005a28                adc_calibrate
 .text.adc_set_prescaler
                0x08005a4c        0x8 C:\Users\XM\AppData\Local\Temp\arduino\cores\d67c787f8d339c9ed449937ae4d9ea72\core.a(adc_f1.c.o)
                0x08005a4c                adc_set_prescaler
 .text.adc_foreach
                0x08005a54       0x20 C:\Users\XM\AppData\Local\Temp\arduino\cores\d67c787f8d339c9ed449937ae4d9ea72\core.a(adc_f1.c.o)
                0x08005a54                adc_foreach
 .text.adc_enable_single_swstart
                0x08005a74       0x36 C:\Users\XM\AppData\Local\Temp\arduino\cores\d67c787f8d339c9ed449937ae4d9ea72\core.a(adc_f1.c.o)
                0x08005a74                adc_enable_single_swstart
 .text.dma_irq_handler
                0x08005aaa       0x1a C:\Users\XM\AppData\Local\Temp\arduino\cores\d67c787f8d339c9ed449937ae4d9ea72\core.a(dma_f1.c.o)
 .text.__irq_dma1_channel1
                0x08005ac4       0x10 C:\Users\XM\AppData\Local\Temp\arduino\cores\d67c787f8d339c9ed449937ae4d9ea72\core.a(dma_f1.c.o)
                0x08005ac4                __irq_dma1_channel1
 .text.__irq_dma1_channel2
                0x08005ad4       0x10 C:\Users\XM\AppData\Local\Temp\arduino\cores\d67c787f8d339c9ed449937ae4d9ea72\core.a(dma_f1.c.o)
                0x08005ad4                __irq_dma1_channel2
 .text.__irq_dma1_channel3
                0x08005ae4       0x10 C:\Users\XM\AppData\Local\Temp\arduino\cores\d67c787f8d339c9ed449937ae4d9ea72\core.a(dma_f1.c.o)
                0x08005ae4                __irq_dma1_channel3
 .text.__irq_dma1_channel4
                0x08005af4       0x10 C:\Users\XM\AppData\Local\Temp\arduino\cores\d67c787f8d339c9ed449937ae4d9ea72\core.a(dma_f1.c.o)
                0x08005af4                __irq_dma1_channel4
 .text.__irq_dma1_channel5
                0x08005b04       0x10 C:\Users\XM\AppData\Local\Temp\arduino\cores\d67c787f8d339c9ed449937ae4d9ea72\core.a(dma_f1.c.o)
                0x08005b04                __irq_dma1_channel5
 .text.__irq_dma1_channel6
                0x08005b14       0x10 C:\Users\XM\AppData\Local\Temp\arduino\cores\d67c787f8d339c9ed449937ae4d9ea72\core.a(dma_f1.c.o)
                0x08005b14                __irq_dma1_channel6
 .text.__irq_dma1_channel7
                0x08005b24       0x10 C:\Users\XM\AppData\Local\Temp\arduino\cores\d67c787f8d339c9ed449937ae4d9ea72\core.a(dma_f1.c.o)
                0x08005b24                __irq_dma1_channel7
 *fill*         0x08005b34        0xc 
 .text          0x08005b40       0x54 C:\Users\XM\AppData\Local\Temp\arduino\cores\d67c787f8d339c9ed449937ae4d9ea72\core.a(exc.S.o)
                0x08005b40                __exc_nmi
                0x08005b44                __exc_hardfault
                0x08005b48                __exc_memmanage
                0x08005b4c                __exc_busfault
                0x08005b50                __exc_usagefault
 .text.dispatch_single_exti
                0x08005b94       0x2c C:\Users\XM\AppData\Local\Temp\arduino\cores\d67c787f8d339c9ed449937ae4d9ea72\core.a(exti.c.o)
                0x08005b94                dispatch_single_exti
 .text.dispatch_extis
                0x08005bc0       0x4c C:\Users\XM\AppData\Local\Temp\arduino\cores\d67c787f8d339c9ed449937ae4d9ea72\core.a(exti.c.o)
                0x08005bc0                dispatch_extis
 .text.__irq_exti0
                0x08005c0c        0x6 C:\Users\XM\AppData\Local\Temp\arduino\cores\d67c787f8d339c9ed449937ae4d9ea72\core.a(exti.c.o)
                0x08005c0c                __irq_exti0
 .text.__irq_exti1
                0x08005c12        0x6 C:\Users\XM\AppData\Local\Temp\arduino\cores\d67c787f8d339c9ed449937ae4d9ea72\core.a(exti.c.o)
                0x08005c12                __irq_exti1
 .text.__irq_exti2
                0x08005c18        0x6 C:\Users\XM\AppData\Local\Temp\arduino\cores\d67c787f8d339c9ed449937ae4d9ea72\core.a(exti.c.o)
                0x08005c18                __irq_exti2
 .text.__irq_exti3
                0x08005c1e        0x6 C:\Users\XM\AppData\Local\Temp\arduino\cores\d67c787f8d339c9ed449937ae4d9ea72\core.a(exti.c.o)
                0x08005c1e                __irq_exti3
 .text.__irq_exti4
                0x08005c24        0x6 C:\Users\XM\AppData\Local\Temp\arduino\cores\d67c787f8d339c9ed449937ae4d9ea72\core.a(exti.c.o)
                0x08005c24                __irq_exti4
 .text.__irq_exti9_5
                0x08005c2a        0x8 C:\Users\XM\AppData\Local\Temp\arduino\cores\d67c787f8d339c9ed449937ae4d9ea72\core.a(exti.c.o)
                0x08005c2a                __irq_exti9_5
 .text.__irq_exti15_10
                0x08005c32        0x8 C:\Users\XM\AppData\Local\Temp\arduino\cores\d67c787f8d339c9ed449937ae4d9ea72\core.a(exti.c.o)
                0x08005c32                __irq_exti15_10
 *fill*         0x08005c3a        0x2 
 .text.flash_set_latency
                0x08005c3c       0x14 C:\Users\XM\AppData\Local\Temp\arduino\cores\d67c787f8d339c9ed449937ae4d9ea72\core.a(flash.c.o)
                0x08005c3c                flash_set_latency
 .text.gpio_init_all
                0x08005c50       0x30 C:\Users\XM\AppData\Local\Temp\arduino\cores\d67c787f8d339c9ed449937ae4d9ea72\core.a(gpio_f1.c.o)
                0x08005c50                gpio_init_all
 .text.gpio_set_mode
                0x08005c80       0x4e C:\Users\XM\AppData\Local\Temp\arduino\cores\d67c787f8d339c9ed449937ae4d9ea72\core.a(gpio_f1.c.o)
                0x08005c80                gpio_set_mode
 .text.afio_init
                0x08005cce       0x12 C:\Users\XM\AppData\Local\Temp\arduino\cores\d67c787f8d339c9ed449937ae4d9ea72\core.a(gpio_f1.c.o)
                0x08005cce                afio_init
 .text.afio_remap
                0x08005ce0       0x20 C:\Users\XM\AppData\Local\Temp\arduino\cores\d67c787f8d339c9ed449937ae4d9ea72\core.a(gpio_f1.c.o)
                0x08005ce0                afio_remap
 .text.__irq_i2c1_ev
                0x08005d00        0xc C:\Users\XM\AppData\Local\Temp\arduino\cores\d67c787f8d339c9ed449937ae4d9ea72\core.a(i2c_f1.c.o)
                0x08005d00                __irq_i2c1_ev
 .text.__irq_i2c2_ev
                0x08005d0c        0xc C:\Users\XM\AppData\Local\Temp\arduino\cores\d67c787f8d339c9ed449937ae4d9ea72\core.a(i2c_f1.c.o)
                0x08005d0c                __irq_i2c2_ev
 .text.__irq_i2c1_er
                0x08005d18        0xc C:\Users\XM\AppData\Local\Temp\arduino\cores\d67c787f8d339c9ed449937ae4d9ea72\core.a(i2c_f1.c.o)
                0x08005d18                __irq_i2c1_er
 .text.__irq_i2c2_er
                0x08005d24        0xc C:\Users\XM\AppData\Local\Temp\arduino\cores\d67c787f8d339c9ed449937ae4d9ea72\core.a(i2c_f1.c.o)
                0x08005d24                __irq_i2c2_er
 .text.nvic_irq_set_priority
                0x08005d30       0x28 C:\Users\XM\AppData\Local\Temp\arduino\cores\d67c787f8d339c9ed449937ae4d9ea72\core.a(nvic.c.o)
                0x08005d30                nvic_irq_set_priority
 .text.nvic_init
                0x08005d58       0x2c C:\Users\XM\AppData\Local\Temp\arduino\cores\d67c787f8d339c9ed449937ae4d9ea72\core.a(nvic.c.o)
                0x08005d58                nvic_init
 .text.nvic_sys_reset
                0x08005d84       0x1c C:\Users\XM\AppData\Local\Temp\arduino\cores\d67c787f8d339c9ed449937ae4d9ea72\core.a(nvic.c.o)
                0x08005d84                nvic_sys_reset
 .text.rcc_dev_clk
                0x08005da0        0xc C:\Users\XM\AppData\Local\Temp\arduino\cores\d67c787f8d339c9ed449937ae4d9ea72\core.a(rcc.c.o)
                0x08005da0                rcc_dev_clk
 .text.rcc_switch_sysclk
                0x08005dac       0x20 C:\Users\XM\AppData\Local\Temp\arduino\cores\d67c787f8d339c9ed449937ae4d9ea72\core.a(rcc.c.o)
                0x08005dac                rcc_switch_sysclk
 .text.rcc_turn_on_clk
                0x08005dcc       0x18 C:\Users\XM\AppData\Local\Temp\arduino\cores\d67c787f8d339c9ed449937ae4d9ea72\core.a(rcc.c.o)
                0x08005dcc                rcc_turn_on_clk
 .text.rcc_turn_off_clk
                0x08005de4       0x1c C:\Users\XM\AppData\Local\Temp\arduino\cores\d67c787f8d339c9ed449937ae4d9ea72\core.a(rcc.c.o)
                0x08005de4                rcc_turn_off_clk
 .text.rcc_is_clk_ready
                0x08005e00       0x18 C:\Users\XM\AppData\Local\Temp\arduino\cores\d67c787f8d339c9ed449937ae4d9ea72\core.a(rcc.c.o)
                0x08005e00                rcc_is_clk_ready
 .text.rcc_configure_pll
                0x08005e18       0x1c C:\Users\XM\AppData\Local\Temp\arduino\cores\d67c787f8d339c9ed449937ae4d9ea72\core.a(rcc_f1.c.o)
                0x08005e18                rcc_configure_pll
 .text.rcc_clk_enable
                0x08005e34       0x30 C:\Users\XM\AppData\Local\Temp\arduino\cores\d67c787f8d339c9ed449937ae4d9ea72\core.a(rcc_f1.c.o)
                0x08005e34                rcc_clk_enable
 .text.rcc_reset_dev
                0x08005e64       0x34 C:\Users\XM\AppData\Local\Temp\arduino\cores\d67c787f8d339c9ed449937ae4d9ea72\core.a(rcc_f1.c.o)
                0x08005e64                rcc_reset_dev
 .text.rcc_set_prescaler
                0x08005e98       0x20 C:\Users\XM\AppData\Local\Temp\arduino\cores\d67c787f8d339c9ed449937ae4d9ea72\core.a(rcc_f1.c.o)
                0x08005e98                rcc_set_prescaler
 .text.rcc_clk_disable
                0x08005eb8       0x30 C:\Users\XM\AppData\Local\Temp\arduino\cores\d67c787f8d339c9ed449937ae4d9ea72\core.a(rcc_f1.c.o)
                0x08005eb8                rcc_clk_disable
 .text          0x08005ee8        0x2 C:\Users\XM\AppData\Local\Temp\arduino\cores\d67c787f8d339c9ed449937ae4d9ea72\core.a(isrs.S.o)
                0x08005ee8                __stm32reservedexception9
                0x08005ee8                __exc_debug_monitor
                0x08005ee8                __exc_svc
                0x08005ee8                __irq_can_rx1
                0x08005ee8                __irq_spi2
                0x08005ee8                __irq_can_sce
                0x08005ee8                __irq_pvd
                0x08005ee8                __irq_tamper
                0x08005ee8                __default_handler
                0x08005ee8                __irq_wwdg
                0x08005ee8                __stm32reservedexception10
                0x08005ee8                __irq_flash
                0x08005ee8                __stm32reservedexception13
                0x08005ee8                __irq_rtc
                0x08005ee8                __irq_spi1
                0x08005ee8                __stm32reservedexception7
                0x08005ee8                __irq_rtcalarm
                0x08005ee8                __stm32reservedexception8
                0x08005ee8                __exc_pendsv
                0x08005ee8                __irq_usbwakeup
                0x08005ee8                __irq_rcc
 *fill*         0x08005eea        0x2 
 .text.systick_init
                0x08005eec       0x10 C:\Users\XM\AppData\Local\Temp\arduino\cores\d67c787f8d339c9ed449937ae4d9ea72\core.a(systick.c.o)
                0x08005eec                systick_init
 .text.__exc_systick
                0x08005efc       0x1c C:\Users\XM\AppData\Local\Temp\arduino\cores\d67c787f8d339c9ed449937ae4d9ea72\core.a(systick.c.o)
                0x08005efc                __exc_systick
 .text.timer_oc_set_mode
                0x08005f18       0x32 C:\Users\XM\AppData\Local\Temp\arduino\cores\d67c787f8d339c9ed449937ae4d9ea72\core.a(timer.c.o)
 .text.dispatch_general
                0x08005f4a       0x66 C:\Users\XM\AppData\Local\Temp\arduino\cores\d67c787f8d339c9ed449937ae4d9ea72\core.a(timer.c.o)
 .text.timer_cc_enable
                0x08005fb0       0x1c C:\Users\XM\AppData\Local\Temp\arduino\cores\d67c787f8d339c9ed449937ae4d9ea72\core.a(timer.c.o)
 .text.timer_foreach
                0x08005fcc       0x2c C:\Users\XM\AppData\Local\Temp\arduino\cores\d67c787f8d339c9ed449937ae4d9ea72\core.a(timer.c.o)
                0x08005fcc                timer_foreach
 .text.timer_init
                0x08005ff8       0x14 C:\Users\XM\AppData\Local\Temp\arduino\cores\d67c787f8d339c9ed449937ae4d9ea72\core.a(timer.c.o)
                0x08005ff8                timer_init
 .text.timer_has_cc_channel
                0x0800600c       0x30 C:\Users\XM\AppData\Local\Temp\arduino\cores\d67c787f8d339c9ed449937ae4d9ea72\core.a(timer.c.o)
                0x0800600c                timer_has_cc_channel
 .text.timer_detach_interrupt
                0x0800603c       0x1e C:\Users\XM\AppData\Local\Temp\arduino\cores\d67c787f8d339c9ed449937ae4d9ea72\core.a(timer.c.o)
                0x0800603c                timer_detach_interrupt
 .text.input_capture_mode
                0x0800605a       0x1a C:\Users\XM\AppData\Local\Temp\arduino\cores\d67c787f8d339c9ed449937ae4d9ea72\core.a(timer.c.o)
                0x0800605a                input_capture_mode
 .text.timer_set_mode
                0x08006074       0x8e C:\Users\XM\AppData\Local\Temp\arduino\cores\d67c787f8d339c9ed449937ae4d9ea72\core.a(timer.c.o)
                0x08006074                timer_set_mode
 *fill*         0x08006102        0x2 
 .text.__irq_tim1_brk
                0x08006104       0x24 C:\Users\XM\AppData\Local\Temp\arduino\cores\d67c787f8d339c9ed449937ae4d9ea72\core.a(timer.c.o)
                0x08006104                __irq_tim1_brk
 .text.__irq_tim1_up
                0x08006128       0x24 C:\Users\XM\AppData\Local\Temp\arduino\cores\d67c787f8d339c9ed449937ae4d9ea72\core.a(timer.c.o)
                0x08006128                __irq_tim1_up
 .text.__irq_tim1_trg_com
                0x0800614c       0x34 C:\Users\XM\AppData\Local\Temp\arduino\cores\d67c787f8d339c9ed449937ae4d9ea72\core.a(timer.c.o)
                0x0800614c                __irq_tim1_trg_com
 .text.__irq_tim1_cc
                0x08006180       0x50 C:\Users\XM\AppData\Local\Temp\arduino\cores\d67c787f8d339c9ed449937ae4d9ea72\core.a(timer.c.o)
                0x08006180                __irq_tim1_cc
 .text.__irq_tim2
                0x080061d0        0xc C:\Users\XM\AppData\Local\Temp\arduino\cores\d67c787f8d339c9ed449937ae4d9ea72\core.a(timer.c.o)
                0x080061d0                __irq_tim2
 .text.__irq_tim3
                0x080061dc        0xc C:\Users\XM\AppData\Local\Temp\arduino\cores\d67c787f8d339c9ed449937ae4d9ea72\core.a(timer.c.o)
                0x080061dc                __irq_tim3
 .text.__irq_tim4
                0x080061e8        0xc C:\Users\XM\AppData\Local\Temp\arduino\cores\d67c787f8d339c9ed449937ae4d9ea72\core.a(timer.c.o)
                0x080061e8                __irq_tim4
 .text.usart_init
                0x080061f4       0x4c C:\Users\XM\AppData\Local\Temp\arduino\cores\d67c787f8d339c9ed449937ae4d9ea72\core.a(usart.c.o)
                0x080061f4                usart_init
 .text.usart_enable
                0x08006240       0x14 C:\Users\XM\AppData\Local\Temp\arduino\cores\d67c787f8d339c9ed449937ae4d9ea72\core.a(usart.c.o)
                0x08006240                usart_enable
 .text.usart_tx
                0x08006254       0x8e C:\Users\XM\AppData\Local\Temp\arduino\cores\d67c787f8d339c9ed449937ae4d9ea72\core.a(usart.c.o)
                0x08006254                usart_tx
 .text.usart_irq
                0x080062e2       0xb4 C:\Users\XM\AppData\Local\Temp\arduino\cores\d67c787f8d339c9ed449937ae4d9ea72\core.a(usart_f1.c.o)
 .text.usart_config_gpios_async
                0x08006396       0x4a C:\Users\XM\AppData\Local\Temp\arduino\cores\d67c787f8d339c9ed449937ae4d9ea72\core.a(usart_f1.c.o)
                0x08006396                usart_config_gpios_async
 .text.usart_set_baud_rate
                0x080063e0       0x3a C:\Users\XM\AppData\Local\Temp\arduino\cores\d67c787f8d339c9ed449937ae4d9ea72\core.a(usart_f1.c.o)
                0x080063e0                usart_set_baud_rate
 *fill*         0x0800641a        0x2 
 .text.__irq_usart1
                0x0800641c       0x18 C:\Users\XM\AppData\Local\Temp\arduino\cores\d67c787f8d339c9ed449937ae4d9ea72\core.a(usart_f1.c.o)
                0x0800641c                __irq_usart1
 .text.__irq_usart2
                0x08006434       0x18 C:\Users\XM\AppData\Local\Temp\arduino\cores\d67c787f8d339c9ed449937ae4d9ea72\core.a(usart_f1.c.o)
                0x08006434                __irq_usart2
 .text.__irq_usart3
                0x0800644c       0x18 C:\Users\XM\AppData\Local\Temp\arduino\cores\d67c787f8d339c9ed449937ae4d9ea72\core.a(usart_f1.c.o)
                0x0800644c                __irq_usart3
 .text._usart_clock_freq
                0x08006464       0x24 C:\Users\XM\AppData\Local\Temp\arduino\cores\d67c787f8d339c9ed449937ae4d9ea72\core.a(usart_private.c.o)
                0x08006464                _usart_clock_freq
 .text.set_rx_tx_status0
                0x08006488       0x30 C:\Users\XM\AppData\Local\Temp\arduino\cores\d67c787f8d339c9ed449937ae4d9ea72\core.a(usb.c.o)
 .text.usb_resume
                0x080064b8       0xb0 C:\Users\XM\AppData\Local\Temp\arduino\cores\d67c787f8d339c9ed449937ae4d9ea72\core.a(usb.c.o)
 .text.usb_init_usblib
                0x08006568       0x48 C:\Users\XM\AppData\Local\Temp\arduino\cores\d67c787f8d339c9ed449937ae4d9ea72\core.a(usb.c.o)
                0x08006568                usb_init_usblib
 .text.USB_HP_CAN_TX_IRQHandler
                0x080065b0        0x2 C:\Users\XM\AppData\Local\Temp\arduino\cores\d67c787f8d339c9ed449937ae4d9ea72\core.a(usb.c.o)
                0x080065b0                USB_HP_CAN_TX_IRQHandler
 .text.__irq_usb_hp_can_tx
                0x080065b2        0x8 C:\Users\XM\AppData\Local\Temp\arduino\cores\d67c787f8d339c9ed449937ae4d9ea72\core.a(usb.c.o)
                0x080065b2                __irq_usb_hp_can_tx
 .text.CAN_RX0_IRQ_Handler
                0x080065ba        0x4 C:\Users\XM\AppData\Local\Temp\arduino\cores\d67c787f8d339c9ed449937ae4d9ea72\core.a(usb.c.o)
                0x080065ba                CAN_RX0_IRQ_Handler
 *fill*         0x080065be        0x2 
 .text.__irq_usb_lp_can_rx0
                0x080065c0      0x194 C:\Users\XM\AppData\Local\Temp\arduino\cores\d67c787f8d339c9ed449937ae4d9ea72\core.a(usb.c.o)
                0x080065c0                __irq_usb_lp_can_rx0
 .text.usb_set_ep_rx_stat
                0x08006754       0x22 C:\Users\XM\AppData\Local\Temp\arduino\cores\d67c787f8d339c9ed449937ae4d9ea72\core.a(usb_cdcacm.c.o)
 *fill*         0x08006776        0x2 
 .text.vcomGetSetLineCoding
                0x08006778       0x18 C:\Users\XM\AppData\Local\Temp\arduino\cores\d67c787f8d339c9ed449937ae4d9ea72\core.a(usb_cdcacm.c.o)
 .text.usbInit  0x08006790       0x44 C:\Users\XM\AppData\Local\Temp\arduino\cores\d67c787f8d339c9ed449937ae4d9ea72\core.a(usb_cdcacm.c.o)
 .text.usbNoDataSetup
                0x080067d4       0x50 C:\Users\XM\AppData\Local\Temp\arduino\cores\d67c787f8d339c9ed449937ae4d9ea72\core.a(usb_cdcacm.c.o)
 .text.usbGetInterfaceSetting
                0x08006824       0x10 C:\Users\XM\AppData\Local\Temp\arduino\cores\d67c787f8d339c9ed449937ae4d9ea72\core.a(usb_cdcacm.c.o)
 .text.usbSetConfiguration
                0x08006834       0x1c C:\Users\XM\AppData\Local\Temp\arduino\cores\d67c787f8d339c9ed449937ae4d9ea72\core.a(usb_cdcacm.c.o)
 .text.usbSetDeviceAddress
                0x08006850       0x10 C:\Users\XM\AppData\Local\Temp\arduino\cores\d67c787f8d339c9ed449937ae4d9ea72\core.a(usb_cdcacm.c.o)
 .text.usbGetStringDescriptor
                0x08006860       0x20 C:\Users\XM\AppData\Local\Temp\arduino\cores\d67c787f8d339c9ed449937ae4d9ea72\core.a(usb_cdcacm.c.o)
 .text.usbGetConfigDescriptor
                0x08006880        0xc C:\Users\XM\AppData\Local\Temp\arduino\cores\d67c787f8d339c9ed449937ae4d9ea72\core.a(usb_cdcacm.c.o)
 .text.usbGetDeviceDescriptor
                0x0800688c        0xc C:\Users\XM\AppData\Local\Temp\arduino\cores\d67c787f8d339c9ed449937ae4d9ea72\core.a(usb_cdcacm.c.o)
 .text.usbDataSetup
                0x08006898       0x54 C:\Users\XM\AppData\Local\Temp\arduino\cores\d67c787f8d339c9ed449937ae4d9ea72\core.a(usb_cdcacm.c.o)
 .text.vcomDataRxCb
                0x080068ec       0x8c C:\Users\XM\AppData\Local\Temp\arduino\cores\d67c787f8d339c9ed449937ae4d9ea72\core.a(usb_cdcacm.c.o)
 .text.vcomDataTxCb
                0x08006978       0xa0 C:\Users\XM\AppData\Local\Temp\arduino\cores\d67c787f8d339c9ed449937ae4d9ea72\core.a(usb_cdcacm.c.o)
 .text.usb_cdcacm_tx.part.2
                0x08006a18       0x54 C:\Users\XM\AppData\Local\Temp\arduino\cores\d67c787f8d339c9ed449937ae4d9ea72\core.a(usb_cdcacm.c.o)
 .text.usbReset
                0x08006a6c      0x15c C:\Users\XM\AppData\Local\Temp\arduino\cores\d67c787f8d339c9ed449937ae4d9ea72\core.a(usb_cdcacm.c.o)
 .text.usb_cdcacm_set_hooks
                0x08006bc8       0x1c C:\Users\XM\AppData\Local\Temp\arduino\cores\d67c787f8d339c9ed449937ae4d9ea72\core.a(usb_cdcacm.c.o)
                0x08006bc8                usb_cdcacm_set_hooks
 .text.usb_cdcacm_enable
                0x08006be4       0x34 C:\Users\XM\AppData\Local\Temp\arduino\cores\d67c787f8d339c9ed449937ae4d9ea72\core.a(usb_cdcacm.c.o)
                0x08006be4                usb_cdcacm_enable
 .text.usb_cdcacm_tx
                0x08006c18        0xa C:\Users\XM\AppData\Local\Temp\arduino\cores\d67c787f8d339c9ed449937ae4d9ea72\core.a(usb_cdcacm.c.o)
                0x08006c18                usb_cdcacm_tx
 *fill*         0x08006c22        0x2 
 .text.usb_cdcacm_data_available
                0x08006c24       0x18 C:\Users\XM\AppData\Local\Temp\arduino\cores\d67c787f8d339c9ed449937ae4d9ea72\core.a(usb_cdcacm.c.o)
                0x08006c24                usb_cdcacm_data_available
 .text.usb_cdcacm_peek
                0x08006c3c       0x38 C:\Users\XM\AppData\Local\Temp\arduino\cores\d67c787f8d339c9ed449937ae4d9ea72\core.a(usb_cdcacm.c.o)
                0x08006c3c                usb_cdcacm_peek
 .text.usb_cdcacm_rx
                0x08006c74       0x34 C:\Users\XM\AppData\Local\Temp\arduino\cores\d67c787f8d339c9ed449937ae4d9ea72\core.a(usb_cdcacm.c.o)
                0x08006c74                usb_cdcacm_rx
 .text.usb_cdcacm_peek_ex
                0x08006ca8       0x3c C:\Users\XM\AppData\Local\Temp\arduino\cores\d67c787f8d339c9ed449937ae4d9ea72\core.a(usb_cdcacm.c.o)
                0x08006ca8                usb_cdcacm_peek_ex
 .text.usb_cdcacm_get_dtr
                0x08006ce4       0x10 C:\Users\XM\AppData\Local\Temp\arduino\cores\d67c787f8d339c9ed449937ae4d9ea72\core.a(usb_cdcacm.c.o)
                0x08006ce4                usb_cdcacm_get_dtr
 .text.usb_set_ep_rx_count
                0x08006cf4       0x44 C:\Users\XM\AppData\Local\Temp\arduino\cores\d67c787f8d339c9ed449937ae4d9ea72\core.a(usb_reg_map.c.o)
                0x08006cf4                usb_set_ep_rx_count
 .text.Standard_GetConfiguration
                0x08006d38       0x24 C:\Users\XM\AppData\Local\Temp\arduino\cores\d67c787f8d339c9ed449937ae4d9ea72\core.a(usb_core.c.o)
                0x08006d38                Standard_GetConfiguration
 .text.Standard_GetInterface
                0x08006d5c       0x24 C:\Users\XM\AppData\Local\Temp\arduino\cores\d67c787f8d339c9ed449937ae4d9ea72\core.a(usb_core.c.o)
                0x08006d5c                Standard_GetInterface
 .text.Standard_GetStatus
                0x08006d80       0x88 C:\Users\XM\AppData\Local\Temp\arduino\cores\d67c787f8d339c9ed449937ae4d9ea72\core.a(usb_core.c.o)
                0x08006d80                Standard_GetStatus
 .text.DataStageIn
                0x08006e08       0xac C:\Users\XM\AppData\Local\Temp\arduino\cores\d67c787f8d339c9ed449937ae4d9ea72\core.a(usb_core.c.o)
 .text.Standard_SetConfiguration
                0x08006eb4       0x38 C:\Users\XM\AppData\Local\Temp\arduino\cores\d67c787f8d339c9ed449937ae4d9ea72\core.a(usb_core.c.o)
                0x08006eb4                Standard_SetConfiguration
 .text.Standard_SetInterface
                0x08006eec       0x4c C:\Users\XM\AppData\Local\Temp\arduino\cores\d67c787f8d339c9ed449937ae4d9ea72\core.a(usb_core.c.o)
                0x08006eec                Standard_SetInterface
 .text.Standard_ClearFeature
                0x08006f38       0xc4 C:\Users\XM\AppData\Local\Temp\arduino\cores\d67c787f8d339c9ed449937ae4d9ea72\core.a(usb_core.c.o)
                0x08006f38                Standard_ClearFeature
 .text.Standard_SetEndPointFeature
                0x08006ffc       0x7c C:\Users\XM\AppData\Local\Temp\arduino\cores\d67c787f8d339c9ed449937ae4d9ea72\core.a(usb_core.c.o)
                0x08006ffc                Standard_SetEndPointFeature
 .text.Standard_SetDeviceFeature
                0x08007078       0x24 C:\Users\XM\AppData\Local\Temp\arduino\cores\d67c787f8d339c9ed449937ae4d9ea72\core.a(usb_core.c.o)
                0x08007078                Standard_SetDeviceFeature
 .text.Standard_GetDescriptorData
                0x0800709c       0x1c C:\Users\XM\AppData\Local\Temp\arduino\cores\d67c787f8d339c9ed449937ae4d9ea72\core.a(usb_core.c.o)
                0x0800709c                Standard_GetDescriptorData
 .text.Post0_Process
                0x080070b8       0x40 C:\Users\XM\AppData\Local\Temp\arduino\cores\d67c787f8d339c9ed449937ae4d9ea72\core.a(usb_core.c.o)
                0x080070b8                Post0_Process
 .text.Setup0_Process
                0x080070f8      0x2b8 C:\Users\XM\AppData\Local\Temp\arduino\cores\d67c787f8d339c9ed449937ae4d9ea72\core.a(usb_core.c.o)
                0x080070f8                Setup0_Process
 .text.Out0_Process
                0x080073b0       0xc0 C:\Users\XM\AppData\Local\Temp\arduino\cores\d67c787f8d339c9ed449937ae4d9ea72\core.a(usb_core.c.o)
                0x080073b0                Out0_Process
 .text.SetDeviceAddress
                0x08007470       0x38 C:\Users\XM\AppData\Local\Temp\arduino\cores\d67c787f8d339c9ed449937ae4d9ea72\core.a(usb_core.c.o)
                0x08007470                SetDeviceAddress
 .text.In0_Process
                0x080074a8       0x5c C:\Users\XM\AppData\Local\Temp\arduino\cores\d67c787f8d339c9ed449937ae4d9ea72\core.a(usb_core.c.o)
                0x080074a8                In0_Process
 .text.NOP_Process
                0x08007504        0x2 C:\Users\XM\AppData\Local\Temp\arduino\cores\d67c787f8d339c9ed449937ae4d9ea72\core.a(usb_core.c.o)
                0x08007504                NOP_Process
 .text.UserToPMABufferCopy
                0x08007506       0x1e C:\Users\XM\AppData\Local\Temp\arduino\cores\d67c787f8d339c9ed449937ae4d9ea72\core.a(usb_mem.c.o)
                0x08007506                UserToPMABufferCopy
 .text.PMAToUserBufferCopy
                0x08007524       0x32 C:\Users\XM\AppData\Local\Temp\arduino\cores\d67c787f8d339c9ed449937ae4d9ea72\core.a(usb_mem.c.o)
                0x08007524                PMAToUserBufferCopy
 .text.SetEPTxStatus
                0x08007556       0x2a C:\Users\XM\AppData\Local\Temp\arduino\cores\d67c787f8d339c9ed449937ae4d9ea72\core.a(usb_regs.c.o)
                0x08007556                SetEPTxStatus
 .text.ClearDTOG_RX
                0x08007580       0x26 C:\Users\XM\AppData\Local\Temp\arduino\cores\d67c787f8d339c9ed449937ae4d9ea72\core.a(usb_regs.c.o)
                0x08007580                ClearDTOG_RX
 .text.ClearDTOG_TX
                0x080075a6       0x26 C:\Users\XM\AppData\Local\Temp\arduino\cores\d67c787f8d339c9ed449937ae4d9ea72\core.a(usb_regs.c.o)
                0x080075a6                ClearDTOG_TX
 .text.GetEPTxAddr
                0x080075cc       0x1c C:\Users\XM\AppData\Local\Temp\arduino\cores\d67c787f8d339c9ed449937ae4d9ea72\core.a(usb_regs.c.o)
                0x080075cc                GetEPTxAddr
 .text.GetEPRxAddr
                0x080075e8       0x1c C:\Users\XM\AppData\Local\Temp\arduino\cores\d67c787f8d339c9ed449937ae4d9ea72\core.a(usb_regs.c.o)
                0x080075e8                GetEPRxAddr
 .text.SetEPTxCount
                0x08007604       0x1c C:\Users\XM\AppData\Local\Temp\arduino\cores\d67c787f8d339c9ed449937ae4d9ea72\core.a(usb_regs.c.o)
                0x08007604                SetEPTxCount
 .text.SetEPRxCount
                0x08007620       0x40 C:\Users\XM\AppData\Local\Temp\arduino\cores\d67c787f8d339c9ed449937ae4d9ea72\core.a(usb_regs.c.o)
                0x08007620                SetEPRxCount
 .text.throb    0x08007660       0x58 C:\Users\XM\AppData\Local\Temp\arduino\cores\d67c787f8d339c9ed449937ae4d9ea72\core.a(util.c.o)
                0x08007660                throb
 .text.__error  0x080076b8       0x14 C:\Users\XM\AppData\Local\Temp\arduino\cores\d67c787f8d339c9ed449937ae4d9ea72\core.a(util.c.o)
                0x080076b8                __error
 .text.startup._Z7premainv
                0x080076cc        0x4 C:\Users\XM\AppData\Local\Temp\arduino\cores\d67c787f8d339c9ed449937ae4d9ea72\core.a(main.cpp.o)
                0x080076cc                premain()
 .text.startup.main
                0x080076d0        0xc C:\Users\XM\AppData\Local\Temp\arduino\cores\d67c787f8d339c9ed449937ae4d9ea72\core.a(main.cpp.o)
                0x080076d0                main
 .text._Znaj    0x080076dc        0x4 C:\Users\XM\AppData\Local\Temp\arduino\cores\d67c787f8d339c9ed449937ae4d9ea72\core.a(new.cpp.o)
                0x080076dc                operator new[](unsigned int)
 .text._Z8pwmWriteht
                0x080076e0       0x24 C:\Users\XM\AppData\Local\Temp\arduino\cores\d67c787f8d339c9ed449937ae4d9ea72\core.a(pwm.cpp.o)
                0x080076e0                pwmWrite(unsigned char, unsigned short)
 .text._Z11analogWritehi
                0x08007704       0x1c C:\Users\XM\AppData\Local\Temp\arduino\cores\d67c787f8d339c9ed449937ae4d9ea72\core.a(pwm.cpp.o)
                0x08007704                analogWrite(unsigned char, int)
 .text._Z17disableDebugPortsv
                0x08007720       0x14 C:\Users\XM\AppData\Local\Temp\arduino\cores\d67c787f8d339c9ed449937ae4d9ea72\core.a(wirish_debug.cpp.o)
                0x08007720                disableDebugPorts()
 .text._Z7pinModeh13WiringPinMode
                0x08007734       0x84 C:\Users\XM\AppData\Local\Temp\arduino\cores\d67c787f8d339c9ed449937ae4d9ea72\core.a(wirish_digital_f1.cpp.o)
                0x08007734                pinMode(unsigned char, WiringPinMode)
 .text._ZN9USBSerial9availableEv
                0x080077b8        0x4 C:\Users\XM\AppData\Local\Temp\arduino\cores\d67c787f8d339c9ed449937ae4d9ea72\core.a(usb_serial.cpp.o)
                0x080077b8                USBSerial::available()
 .text._ZN9USBSerial4peekEv
                0x080077bc       0x1e C:\Users\XM\AppData\Local\Temp\arduino\cores\d67c787f8d339c9ed449937ae4d9ea72\core.a(usb_serial.cpp.o)
                0x080077bc                USBSerial::peek()
 .text._ZN9USBSerial4readEv
                0x080077da       0x1e C:\Users\XM\AppData\Local\Temp\arduino\cores\d67c787f8d339c9ed449937ae4d9ea72\core.a(usb_serial.cpp.o)
                0x080077da                USBSerial::read()
 .text._ZL14ifaceSetupHookjPv
                0x080077f8       0x38 C:\Users\XM\AppData\Local\Temp\arduino\cores\d67c787f8d339c9ed449937ae4d9ea72\core.a(usb_serial.cpp.o)
 .text._ZL6rxHookjPv
                0x08007830       0x6c C:\Users\XM\AppData\Local\Temp\arduino\cores\d67c787f8d339c9ed449937ae4d9ea72\core.a(usb_serial.cpp.o)
 .text._ZN9USBSerial5beginEv
                0x0800789c       0x34 C:\Users\XM\AppData\Local\Temp\arduino\cores\d67c787f8d339c9ed449937ae4d9ea72\core.a(usb_serial.cpp.o)
                0x0800789c                USBSerial::begin()
 .text._ZN9USBSerial5beginEm
                0x080078d0        0xc C:\Users\XM\AppData\Local\Temp\arduino\cores\d67c787f8d339c9ed449937ae4d9ea72\core.a(usb_serial.cpp.o)
                0x080078d0                USBSerial::begin(unsigned long)
 .text._ZN9USBSerial5writeEPKhm
                0x080078dc       0x44 C:\Users\XM\AppData\Local\Temp\arduino\cores\d67c787f8d339c9ed449937ae4d9ea72\core.a(usb_serial.cpp.o)
                0x080078dc                USBSerial::write(unsigned char const*, unsigned long)
 .text._ZN9USBSerial5writeEh
                0x08007920       0x16 C:\Users\XM\AppData\Local\Temp\arduino\cores\d67c787f8d339c9ed449937ae4d9ea72\core.a(usb_serial.cpp.o)
                0x08007920                USBSerial::write(unsigned char)
 .text._ZN9USBSerial5writeEPKc
                0x08007936       0x1a C:\Users\XM\AppData\Local\Temp\arduino\cores\d67c787f8d339c9ed449937ae4d9ea72\core.a(usb_serial.cpp.o)
                0x08007936                USBSerial::write(char const*)
 .text._ZN9USBSerial4readEPhm
                0x08007950       0x1c C:\Users\XM\AppData\Local\Temp\arduino\cores\d67c787f8d339c9ed449937ae4d9ea72\core.a(usb_serial.cpp.o)
                0x08007950                USBSerial::read(unsigned char*, unsigned long)
 .text._ZN9USBSerial5flushEv
                0x0800796c       0x1c C:\Users\XM\AppData\Local\Temp\arduino\cores\d67c787f8d339c9ed449937ae4d9ea72\core.a(usb_serial.cpp.o)
                0x0800796c                USBSerial::flush()
 .text._ZN9USBSerialcvbEv
                0x08007988       0x20 C:\Users\XM\AppData\Local\Temp\arduino\cores\d67c787f8d339c9ed449937ae4d9ea72\core.a(usb_serial.cpp.o)
                0x08007988                USBSerial::operator bool()
 .text.startup._GLOBAL__sub_I__ZN9USBSerial9_hasBegunE
                0x080079a8       0x1c C:\Users\XM\AppData\Local\Temp\arduino\cores\d67c787f8d339c9ed449937ae4d9ea72\core.a(usb_serial.cpp.o)
 .text._Z6randoml
                0x080079c4       0x16 C:\Users\XM\AppData\Local\Temp\arduino\cores\d67c787f8d339c9ed449937ae4d9ea72\core.a(wirish_math.cpp.o)
                0x080079c4                random(long)
 .text._Z6randomll
                0x080079da       0x14 C:\Users\XM\AppData\Local\Temp\arduino\cores\d67c787f8d339c9ed449937ae4d9ea72\core.a(wirish_math.cpp.o)
                0x080079da                random(long, long)
 *fill*         0x080079ee        0x2 
 .text.micros   0x080079f0       0x34 C:\Users\XM\AppData\Local\Temp\arduino\cores\d67c787f8d339c9ed449937ae4d9ea72\core.a(wirish_time.cpp.o)
 .text.delay    0x08007a24       0x26 C:\Users\XM\AppData\Local\Temp\arduino\cores\d67c787f8d339c9ed449937ae4d9ea72\core.a(wirish_time.cpp.o)
                0x08007a24                delay
 .text.__empty  0x08007a4a        0x2 C:\Users\XM\AppData\Local\Temp\arduino\cores\d67c787f8d339c9ed449937ae4d9ea72\core.a(hooks.c.o)
                0x08007a4a                yield
 .text.bkp_init
                0x08007a4c       0x18 C:\Users\XM\AppData\Local\Temp\arduino\cores\d67c787f8d339c9ed449937ae4d9ea72\core.a(bkp_f1.c.o)
                0x08007a4c                bkp_init
 .text.bkp_enable_writes
                0x08007a64        0xc C:\Users\XM\AppData\Local\Temp\arduino\cores\d67c787f8d339c9ed449937ae4d9ea72\core.a(bkp_f1.c.o)
                0x08007a64                bkp_enable_writes
 .text.bkp_disable_writes
                0x08007a70        0xc C:\Users\XM\AppData\Local\Temp\arduino\cores\d67c787f8d339c9ed449937ae4d9ea72\core.a(bkp_f1.c.o)
                0x08007a70                bkp_disable_writes
 .text.bkp_write
                0x08007a7c       0x14 C:\Users\XM\AppData\Local\Temp\arduino\cores\d67c787f8d339c9ed449937ae4d9ea72\core.a(bkp_f1.c.o)
                0x08007a7c                bkp_write
 .text.gpio_init
                0x08007a90       0x14 C:\Users\XM\AppData\Local\Temp\arduino\cores\d67c787f8d339c9ed449937ae4d9ea72\core.a(gpio.c.o)
                0x08007a90                gpio_init
 .text.i2c_disable_irq
                0x08007aa4        0xc C:\Users\XM\AppData\Local\Temp\arduino\cores\d67c787f8d339c9ed449937ae4d9ea72\core.a(i2c.c.o)
 .text._i2c_irq_handler
                0x08007ab0      0x3f8 C:\Users\XM\AppData\Local\Temp\arduino\cores\d67c787f8d339c9ed449937ae4d9ea72\core.a(i2c.c.o)
                0x08007ab0                _i2c_irq_handler
 .text._i2c_irq_error_handler
                0x08007ea8       0x74 C:\Users\XM\AppData\Local\Temp\arduino\cores\d67c787f8d339c9ed449937ae4d9ea72\core.a(i2c.c.o)
                0x08007ea8                _i2c_irq_error_handler
 .text          0x08007f1c      0x21c c:/users/xm/appdata/local/arduino15/packages/arduino/tools/arm-none-eabi-gcc/7-2017q4/bin/../lib/gcc/arm-none-eabi/7.2.1/thumb/v7-m\libgcc.a(_arm_addsubsf3.o)
                0x08007f1c                __aeabi_frsub
                0x08007f24                __subsf3
                0x08007f24                __aeabi_fsub
                0x08007f28                __aeabi_fadd
                0x08007f28                __addsf3
                0x08008088                __aeabi_ui2f
                0x08008088                __floatunsisf
                0x08008090                __aeabi_i2f
                0x08008090                __floatsisf
                0x080080ac                __aeabi_ul2f
                0x080080ac                __floatundisf
                0x080080bc                __aeabi_l2f
                0x080080bc                __floatdisf
 .text          0x08008138      0x2a0 c:/users/xm/appdata/local/arduino15/packages/arduino/tools/arm-none-eabi-gcc/7-2017q4/bin/../lib/gcc/arm-none-eabi/7.2.1/thumb/v7-m\libgcc.a(_arm_muldivsf3.o)
                0x08008138                __mulsf3
                0x08008138                __aeabi_fmul
                0x080082a0                __aeabi_fdiv
                0x080082a0                __divsf3
 .text          0x080083d8       0x40 c:/users/xm/appdata/local/arduino15/packages/arduino/tools/arm-none-eabi-gcc/7-2017q4/bin/../lib/gcc/arm-none-eabi/7.2.1/thumb/v7-m\libgcc.a(_arm_fixunssfsi.o)
                0x080083d8                __fixunssfsi
                0x080083d8                __aeabi_f2uiz
 .text          0x08008418       0x30 c:/users/xm/appdata/local/arduino15/packages/arduino/tools/arm-none-eabi-gcc/7-2017q4/bin/../lib/gcc/arm-none-eabi/7.2.1/thumb/v7-m\libgcc.a(_aeabi_uldivmod.o)
                0x08008418                __aeabi_uldivmod
 .text          0x08008448      0x2d0 c:/users/xm/appdata/local/arduino15/packages/arduino/tools/arm-none-eabi-gcc/7-2017q4/bin/../lib/gcc/arm-none-eabi/7.2.1/thumb/v7-m\libgcc.a(_udivmoddi4.o)
                0x08008448                __udivmoddi4
 .text          0x08008718        0x4 c:/users/xm/appdata/local/arduino15/packages/arduino/tools/arm-none-eabi-gcc/7-2017q4/bin/../lib/gcc/arm-none-eabi/7.2.1/thumb/v7-m\libgcc.a(_dvmd_tls.o)
                0x08008718                __aeabi_idiv0
                0x08008718                __aeabi_ldiv0
 .text.__errno  0x0800871c        0xc c:/users/xm/appdata/local/arduino15/packages/arduino/tools/arm-none-eabi-gcc/7-2017q4/bin/../lib/gcc/arm-none-eabi/7.2.1/../../../../arm-none-eabi/lib/thumb/v7-m\libc_nano.a(lib_a-errno.o)
                0x0800871c                __errno
 .text.__libc_init_array
                0x08008728       0x48 c:/users/xm/appdata/local/arduino15/packages/arduino/tools/arm-none-eabi-gcc/7-2017q4/bin/../lib/gcc/arm-none-eabi/7.2.1/../../../../arm-none-eabi/lib/thumb/v7-m\libc_nano.a(lib_a-init.o)
                0x08008728                __libc_init_array
 .text.malloc   0x08008770       0x10 c:/users/xm/appdata/local/arduino15/packages/arduino/tools/arm-none-eabi-gcc/7-2017q4/bin/../lib/gcc/arm-none-eabi/7.2.1/../../../../arm-none-eabi/lib/thumb/v7-m\libc_nano.a(lib_a-malloc.o)
                0x08008770                malloc
 .text.memcmp   0x08008780       0x1e c:/users/xm/appdata/local/arduino15/packages/arduino/tools/arm-none-eabi-gcc/7-2017q4/bin/../lib/gcc/arm-none-eabi/7.2.1/../../../../arm-none-eabi/lib/thumb/v7-m\libc_nano.a(lib_a-memcmp.o)
                0x08008780                memcmp
 .text.memcpy   0x0800879e       0x16 c:/users/xm/appdata/local/arduino15/packages/arduino/tools/arm-none-eabi-gcc/7-2017q4/bin/../lib/gcc/arm-none-eabi/7.2.1/../../../../arm-none-eabi/lib/thumb/v7-m\libc_nano.a(lib_a-memcpy-stub.o)
                0x0800879e                memcpy
 .text.memset   0x080087b4       0x10 c:/users/xm/appdata/local/arduino15/packages/arduino/tools/arm-none-eabi-gcc/7-2017q4/bin/../lib/gcc/arm-none-eabi/7.2.1/../../../../arm-none-eabi/lib/thumb/v7-m\libc_nano.a(lib_a-memset.o)
                0x080087b4                memset
 .text._malloc_r
                0x080087c4       0xb4 c:/users/xm/appdata/local/arduino15/packages/arduino/tools/arm-none-eabi-gcc/7-2017q4/bin/../lib/gcc/arm-none-eabi/7.2.1/../../../../arm-none-eabi/lib/thumb/v7-m\libc_nano.a(lib_a-nano-mallocr.o)
                0x080087c4                _malloc_r
 .text.rand     0x08008878       0x68 c:/users/xm/appdata/local/arduino15/packages/arduino/tools/arm-none-eabi-gcc/7-2017q4/bin/../lib/gcc/arm-none-eabi/7.2.1/../../../../arm-none-eabi/lib/thumb/v7-m\libc_nano.a(lib_a-rand.o)
                0x08008878                rand
 .text._sbrk_r  0x080088e0       0x20 c:/users/xm/appdata/local/arduino15/packages/arduino/tools/arm-none-eabi-gcc/7-2017q4/bin/../lib/gcc/arm-none-eabi/7.2.1/../../../../arm-none-eabi/lib/thumb/v7-m\libc_nano.a(lib_a-sbrkr.o)
                0x080088e0                _sbrk_r
 .text          0x08008900       0x10 c:/users/xm/appdata/local/arduino15/packages/arduino/tools/arm-none-eabi-gcc/7-2017q4/bin/../lib/gcc/arm-none-eabi/7.2.1/../../../../arm-none-eabi/lib/thumb/v7-m\libc_nano.a(lib_a-strlen.o)
                0x08008900                strlen
 .text.__malloc_lock
                0x08008910        0x2 c:/users/xm/appdata/local/arduino15/packages/arduino/tools/arm-none-eabi-gcc/7-2017q4/bin/../lib/gcc/arm-none-eabi/7.2.1/../../../../arm-none-eabi/lib/thumb/v7-m\libc_nano.a(lib_a-mlock.o)
                0x08008910                __malloc_lock
 .text.__malloc_unlock
                0x08008912        0x2 c:/users/xm/appdata/local/arduino15/packages/arduino/tools/arm-none-eabi-gcc/7-2017q4/bin/../lib/gcc/arm-none-eabi/7.2.1/../../../../arm-none-eabi/lib/thumb/v7-m\libc_nano.a(lib_a-mlock.o)
                0x08008912                __malloc_unlock
 *(.plt)
 *(.gnu.warning)
 *(.glue_7t)
 .glue_7t       0x08008914        0x0 linker stubs
 *(.glue_7)
 .glue_7        0x08008914        0x0 linker stubs
 *(.vfp11_veneer)
 .vfp11_veneer  0x08008914        0x0 linker stubs
 *(.ARM.extab* .gnu.linkonce.armextab.*)
 *(.gcc_except_table)
 *(.eh_frame_hdr)
 *(.eh_frame)
 .eh_frame      0x08008914        0x0 c:/users/xm/appdata/local/arduino15/packages/arduino/tools/arm-none-eabi-gcc/7-2017q4/bin/../lib/gcc/arm-none-eabi/7.2.1/thumb/v7-m/crtbegin.o
                0x08008914                . = ALIGN (0x4)
 *(.init)
 .init          0x08008914        0x4 c:/users/xm/appdata/local/arduino15/packages/arduino/tools/arm-none-eabi-gcc/7-2017q4/bin/../lib/gcc/arm-none-eabi/7.2.1/thumb/v7-m/crti.o
                0x08008914                _init
 .init          0x08008918        0x8 c:/users/xm/appdata/local/arduino15/packages/arduino/tools/arm-none-eabi-gcc/7-2017q4/bin/../lib/gcc/arm-none-eabi/7.2.1/thumb/v7-m/crtn.o
                0x08008920                . = ALIGN (0x4)
                0x08008920                __preinit_array_start = .
 *(.preinit_array)
                0x08008920                __preinit_array_end = .
                0x08008920                . = ALIGN (0x4)
                0x08008920                __init_array_start = .
 *(SORT_BY_NAME(.init_array.*))
 .init_array.00101
                0x08008920        0x4 C:\Users\XM\AppData\Local\Temp\arduino\cores\d67c787f8d339c9ed449937ae4d9ea72\core.a(main.cpp.o)
 *(.init_array)
 .init_array    0x08008924        0x4 c:/users/xm/appdata/local/arduino15/packages/arduino/tools/arm-none-eabi-gcc/7-2017q4/bin/../lib/gcc/arm-none-eabi/7.2.1/thumb/v7-m/crtbegin.o
 .init_array    0x08008928        0x4 C:\Users\XM\AppData\Local\Temp\arduino\sketches\395DA6E57F2FD801FDA8B66AD49E8E4E\sketch\Arduino-Aime-Reader.ino.cpp.o
 .init_array    0x0800892c        0x4 C:\Users\XM\AppData\Local\Temp\arduino\sketches\395DA6E57F2FD801FDA8B66AD49E8E4E\libraries\EEPROM\EEPROM.cpp.o
 .init_array    0x08008930        0x4 C:\Users\XM\AppData\Local\Temp\arduino\sketches\395DA6E57F2FD801FDA8B66AD49E8E4E\core\board.cpp.o
 .init_array    0x08008934        0x4 C:\Users\XM\AppData\Local\Temp\arduino\cores\d67c787f8d339c9ed449937ae4d9ea72\core.a(usb_serial.cpp.o)
                0x08008938                __init_array_end = .
                0x08008938                . = ALIGN (0x4)
 *crtbegin.o(.ctors)
 *(EXCLUDE_FILE(*crtend.o) .ctors)
 *(SORT_BY_NAME(.ctors.*))
 *crtend.o(.ctors)
                0x08008938                . = ALIGN (0x4)
 *(.fini)
 .fini          0x08008938        0x4 c:/users/xm/appdata/local/arduino15/packages/arduino/tools/arm-none-eabi-gcc/7-2017q4/bin/../lib/gcc/arm-none-eabi/7.2.1/thumb/v7-m/crti.o
                0x08008938                _fini
 .fini          0x0800893c        0x8 c:/users/xm/appdata/local/arduino15/packages/arduino/tools/arm-none-eabi-gcc/7-2017q4/bin/../lib/gcc/arm-none-eabi/7.2.1/thumb/v7-m/crtn.o
                0x08008944                . = ALIGN (0x4)
                0x08008944                __fini_array_start = .
 *(.fini_array)
 .fini_array    0x08008944        0x4 c:/users/xm/appdata/local/arduino15/packages/arduino/tools/arm-none-eabi-gcc/7-2017q4/bin/../lib/gcc/arm-none-eabi/7.2.1/thumb/v7-m/crtbegin.o
 *(SORT_BY_NAME(.fini_array.*))
                0x08008948                __fini_array_end = .
 *crtbegin.o(.dtors)
 *(EXCLUDE_FILE(*crtend.o) .dtors)
 *(SORT_BY_NAME(.dtors.*))
 *crtend.o(.dtors)

.v4_bx          0x08008948        0x0
 .v4_bx         0x08008948        0x0 linker stubs

.iplt           0x08008948        0x0
 .iplt          0x08008948        0x0 c:/users/xm/appdata/local/arduino15/packages/arduino/tools/arm-none-eabi-gcc/7-2017q4/bin/../lib/gcc/arm-none-eabi/7.2.1/thumb/v7-m/crtbegin.o

.text.align     0x08008948        0x0
                0x08008948                . = ALIGN (0x8)
                0x08008948                __text_end__ = .
                0x08008948                __exidx_start = .

.ARM.exidx      0x08008948        0x8
 *(.ARM.exidx* .gnu.linkonce.armexidx.*)
 .ARM.exidx     0x08008948        0x8 C:\Users\XM\AppData\Local\Temp\arduino\sketches\395DA6E57F2FD801FDA8B66AD49E8E4E\core\wirish\start.S.o
 .ARM.exidx     0x08008950        0x0 c:/users/xm/appdata/local/arduino15/packages/arduino/tools/arm-none-eabi-gcc/7-2017q4/bin/../lib/gcc/arm-none-eabi/7.2.1/thumb/v7-m\libgcc.a(_udivmoddi4.o)
                                  0x8 (size before relaxing)
                0x08008950                __exidx_end = .

.data           0x20000000      0x4e0 load address 0x08008950
                0x20000000                __data_start__ = .
                0x20000000        0x4 LONG 0x0
                0x20000008                . = ALIGN (0x8)
 *fill*         0x20000004        0x4 
 *(.got.plt)
 *(.got)
 *(.data .data.* .gnu.linkonce.d.*)
 .data.AimeKey  0x20000008        0x6 C:\Users\XM\AppData\Local\Temp\arduino\sketches\395DA6E57F2FD801FDA8B66AD49E8E4E\sketch\Arduino-Aime-Reader.ino.cpp.o
                0x20000008                AimeKey
 .data.BanaKey  0x2000000e        0x6 C:\Users\XM\AppData\Local\Temp\arduino\sketches\395DA6E57F2FD801FDA8B66AD49E8E4E\sketch\Arduino-Aime-Reader.ino.cpp.o
                0x2000000e                BanaKey
 .data.MifareKey
                0x20000014        0x6 C:\Users\XM\AppData\Local\Temp\arduino\sketches\395DA6E57F2FD801FDA8B66AD49E8E4E\sketch\Arduino-Aime-Reader.ino.cpp.o
                0x20000014                MifareKey
 *fill*         0x2000001a        0x2 
 .data._ZN6wirish4priv15w_board_pll_cfgE
                0x2000001c        0x8 C:\Users\XM\AppData\Local\Temp\arduino\sketches\395DA6E57F2FD801FDA8B66AD49E8E4E\core\wirish\boards_setup.cpp.o
                0x2000001c                wirish::priv::w_board_pll_cfg
 .data._ZN6wirish4priv9w_adc_preE
                0x20000024        0x2 C:\Users\XM\AppData\Local\Temp\arduino\sketches\395DA6E57F2FD801FDA8B66AD49E8E4E\core\wirish\boards_setup.cpp.o
                0x20000024                wirish::priv::w_adc_pre
 .data._ZN6wirish4priv9w_adc_smpE
                0x20000026        0x1 C:\Users\XM\AppData\Local\Temp\arduino\sketches\395DA6E57F2FD801FDA8B66AD49E8E4E\core\wirish\boards_setup.cpp.o
                0x20000026                wirish::priv::w_adc_smp
 *fill*         0x20000027        0x1 
 .data._ZN6wirish4privL8pll_dataE
                0x20000028        0x4 C:\Users\XM\AppData\Local\Temp\arduino\sketches\395DA6E57F2FD801FDA8B66AD49E8E4E\core\wirish\boards_setup.cpp.o
 .data.ADC1     0x2000002c        0x4 C:\Users\XM\AppData\Local\Temp\arduino\cores\d67c787f8d339c9ed449937ae4d9ea72\core.a(adc_f1.c.o)
                0x2000002c                ADC1
 .data.ADC2     0x20000030        0x4 C:\Users\XM\AppData\Local\Temp\arduino\cores\d67c787f8d339c9ed449937ae4d9ea72\core.a(adc_f1.c.o)
                0x20000030                ADC2
 .data.adc1     0x20000034       0x18 C:\Users\XM\AppData\Local\Temp\arduino\cores\d67c787f8d339c9ed449937ae4d9ea72\core.a(adc_f1.c.o)
                0x20000034                adc1
 .data.adc2     0x2000004c        0x8 C:\Users\XM\AppData\Local\Temp\arduino\cores\d67c787f8d339c9ed449937ae4d9ea72\core.a(adc_f1.c.o)
                0x2000004c                adc2
 .data.DMA1     0x20000054        0x4 C:\Users\XM\AppData\Local\Temp\arduino\cores\d67c787f8d339c9ed449937ae4d9ea72\core.a(dma_f1.c.o)
                0x20000054                DMA1
 .data.dma1     0x20000058       0x40 C:\Users\XM\AppData\Local\Temp\arduino\cores\d67c787f8d339c9ed449937ae4d9ea72\core.a(dma_f1.c.o)
 .data.gpioa    0x20000098        0x8 C:\Users\XM\AppData\Local\Temp\arduino\cores\d67c787f8d339c9ed449937ae4d9ea72\core.a(gpio_f1.c.o)
                0x20000098                gpioa
 .data.gpiob    0x200000a0        0x8 C:\Users\XM\AppData\Local\Temp\arduino\cores\d67c787f8d339c9ed449937ae4d9ea72\core.a(gpio_f1.c.o)
                0x200000a0                gpiob
 .data.gpioc    0x200000a8        0x8 C:\Users\XM\AppData\Local\Temp\arduino\cores\d67c787f8d339c9ed449937ae4d9ea72\core.a(gpio_f1.c.o)
                0x200000a8                gpioc
 .data.gpiod    0x200000b0        0x8 C:\Users\XM\AppData\Local\Temp\arduino\cores\d67c787f8d339c9ed449937ae4d9ea72\core.a(gpio_f1.c.o)
                0x200000b0                gpiod
 .data.i2c1     0x200000b8       0x38 C:\Users\XM\AppData\Local\Temp\arduino\cores\d67c787f8d339c9ed449937ae4d9ea72\core.a(i2c_f1.c.o)
 .data.i2c2     0x200000f0       0x38 C:\Users\XM\AppData\Local\Temp\arduino\cores\d67c787f8d339c9ed449937ae4d9ea72\core.a(i2c_f1.c.o)
 .data.enable_regs.4455
                0x20000128        0xc C:\Users\XM\AppData\Local\Temp\arduino\cores\d67c787f8d339c9ed449937ae4d9ea72\core.a(rcc_f1.c.o)
 .data.enable_regs.4468
                0x20000134        0xc C:\Users\XM\AppData\Local\Temp\arduino\cores\d67c787f8d339c9ed449937ae4d9ea72\core.a(rcc_f1.c.o)
 .data.reset_regs.4459
                0x20000140        0x8 C:\Users\XM\AppData\Local\Temp\arduino\cores\d67c787f8d339c9ed449937ae4d9ea72\core.a(rcc_f1.c.o)
 .data.timer1   0x20000148       0x28 C:\Users\XM\AppData\Local\Temp\arduino\cores\d67c787f8d339c9ed449937ae4d9ea72\core.a(timer.c.o)
                0x20000148                timer1
 .data.timer2   0x20000170       0x24 C:\Users\XM\AppData\Local\Temp\arduino\cores\d67c787f8d339c9ed449937ae4d9ea72\core.a(timer.c.o)
                0x20000170                timer2
 .data.timer3   0x20000194       0x24 C:\Users\XM\AppData\Local\Temp\arduino\cores\d67c787f8d339c9ed449937ae4d9ea72\core.a(timer.c.o)
                0x20000194                timer3
 .data.timer4   0x200001b8       0x24 C:\Users\XM\AppData\Local\Temp\arduino\cores\d67c787f8d339c9ed449937ae4d9ea72\core.a(timer.c.o)
                0x200001b8                timer4
 .data.USART1   0x200001dc        0x4 C:\Users\XM\AppData\Local\Temp\arduino\cores\d67c787f8d339c9ed449937ae4d9ea72\core.a(usart_f1.c.o)
                0x200001dc                USART1
 .data.USART2   0x200001e0        0x4 C:\Users\XM\AppData\Local\Temp\arduino\cores\d67c787f8d339c9ed449937ae4d9ea72\core.a(usart_f1.c.o)
                0x200001e0                USART2
 .data.USART3   0x200001e4        0x4 C:\Users\XM\AppData\Local\Temp\arduino\cores\d67c787f8d339c9ed449937ae4d9ea72\core.a(usart_f1.c.o)
                0x200001e4                USART3
 .data.usart1   0x200001e8       0x94 C:\Users\XM\AppData\Local\Temp\arduino\cores\d67c787f8d339c9ed449937ae4d9ea72\core.a(usart_f1.c.o)
 .data.usart2   0x2000027c       0x94 C:\Users\XM\AppData\Local\Temp\arduino\cores\d67c787f8d339c9ed449937ae4d9ea72\core.a(usart_f1.c.o)
 .data.usart3   0x20000310       0x94 C:\Users\XM\AppData\Local\Temp\arduino\cores\d67c787f8d339c9ed449937ae4d9ea72\core.a(usart_f1.c.o)
 .data.USBLIB   0x200003a4        0x4 C:\Users\XM\AppData\Local\Temp\arduino\cores\d67c787f8d339c9ed449937ae4d9ea72\core.a(usb.c.o)
                0x200003a4                USBLIB
 .data.usblib   0x200003a8       0x10 C:\Users\XM\AppData\Local\Temp\arduino\cores\d67c787f8d339c9ed449937ae4d9ea72\core.a(usb.c.o)
 .data.Config_Descriptor
                0x200003b8        0x8 C:\Users\XM\AppData\Local\Temp\arduino\cores\d67c787f8d339c9ed449937ae4d9ea72\core.a(usb_cdcacm.c.o)
 .data.Device_Descriptor
                0x200003c0        0x8 C:\Users\XM\AppData\Local\Temp\arduino\cores\d67c787f8d339c9ed449937ae4d9ea72\core.a(usb_cdcacm.c.o)
 .data.Device_Property
                0x200003c8       0x30 C:\Users\XM\AppData\Local\Temp\arduino\cores\d67c787f8d339c9ed449937ae4d9ea72\core.a(usb_cdcacm.c.o)
                0x200003c8                Device_Property
 .data.Device_Table
                0x200003f8        0x2 C:\Users\XM\AppData\Local\Temp\arduino\cores\d67c787f8d339c9ed449937ae4d9ea72\core.a(usb_cdcacm.c.o)
                0x200003f8                Device_Table
 *fill*         0x200003fa        0x2 
 .data.String_Descriptor
                0x200003fc       0x18 C:\Users\XM\AppData\Local\Temp\arduino\cores\d67c787f8d339c9ed449937ae4d9ea72\core.a(usb_cdcacm.c.o)
 .data.User_Standard_Requests
                0x20000414       0x24 C:\Users\XM\AppData\Local\Temp\arduino\cores\d67c787f8d339c9ed449937ae4d9ea72\core.a(usb_cdcacm.c.o)
                0x20000414                User_Standard_Requests
 .data.ep_int_in
                0x20000438       0x1c C:\Users\XM\AppData\Local\Temp\arduino\cores\d67c787f8d339c9ed449937ae4d9ea72\core.a(usb_cdcacm.c.o)
 .data.ep_int_out
                0x20000454       0x1c C:\Users\XM\AppData\Local\Temp\arduino\cores\d67c787f8d339c9ed449937ae4d9ea72\core.a(usb_cdcacm.c.o)
 .data.line_coding
                0x20000470        0x7 C:\Users\XM\AppData\Local\Temp\arduino\cores\d67c787f8d339c9ed449937ae4d9ea72\core.a(usb_cdcacm.c.o)
 *fill*         0x20000477        0x1 
 .data._impure_ptr
                0x20000478        0x4 c:/users/xm/appdata/local/arduino15/packages/arduino/tools/arm-none-eabi-gcc/7-2017q4/bin/../lib/gcc/arm-none-eabi/7.2.1/../../../../arm-none-eabi/lib/thumb/v7-m\libc_nano.a(lib_a-impure.o)
                0x20000478                _impure_ptr
 .data.impure_data
                0x2000047c       0x60 c:/users/xm/appdata/local/arduino15/packages/arduino/tools/arm-none-eabi-gcc/7-2017q4/bin/../lib/gcc/arm-none-eabi/7.2.1/../../../../arm-none-eabi/lib/thumb/v7-m\libc_nano.a(lib_a-impure.o)
                0x200004e0                . = ALIGN (0x8)
 *fill*         0x200004dc        0x4 
                0x200004e0                __data_end__ = .

.igot.plt       0x200004e0        0x0 load address 0x08008e30
 .igot.plt      0x200004e0        0x0 c:/users/xm/appdata/local/arduino15/packages/arduino/tools/arm-none-eabi-gcc/7-2017q4/bin/../lib/gcc/arm-none-eabi/7.2.1/thumb/v7-m/crtbegin.o

.rodata         0x08008e30      0x644
 *(.rodata .rodata.* .gnu.linkonce.r.*)
 .rodata        0x08008e30      0x170 C:\Users\XM\AppData\Local\Temp\arduino\sketches\395DA6E57F2FD801FDA8B66AD49E8E4E\sketch\Arduino-Aime-Reader.ino.cpp.o
 .rodata._Z14Sega_Mode_Initv.str1.1