Archive member included to satisfy reference by file (symbol)

C:\Users\XM\AppData\Local\Temp\arduino\cores\a07b3106cc46d6f37e3fd6090b0412ab\core.a(HardwareSerial.cpp.o)
                              C:\Users\XM\AppData\Local\Temp\arduino\sketches\395DA6E57F2FD801FDA8B66AD49E8E4E\sketch\Arduino-Aime-Reader.ino.cpp.o (HardwareSerial::read())
C:\Users\XM\AppData\Local\Temp\arduino\cores\a07b3106cc46d6f37e3fd6090b0412ab\core.a(Print.cpp.o)
                              C:\Users\XM\AppData\Local\Temp\arduino\cores\a07b3106cc46d6f37e3fd6090b0412ab\core.a(HardwareSerial.cpp.o) (Print::write(void const*, unsigned long))
C:\Users\XM\AppData\Local\Temp\arduino\cores\a07b3106cc46d6f37e3fd6090b0412ab\core.a(cxxabi-compat.cpp.o)
                              C:\Users\XM\AppData\Local\Temp\arduino\cores\a07b3106cc46d6f37e3fd6090b0412ab\core.a(Print.cpp.o) (__cxa_pure_virtual)
C:\Users\XM\AppData\Local\Temp\arduino\cores\a07b3106cc46d6f37e3fd6090b0412ab\core.a(adc.c.o)
                              C:\Users\XM\AppData\Local\Temp\arduino\sketches\395DA6E57F2FD801FDA8B66AD49E8E4E\core\wirish\boards.cpp.o (adc_set_sample_rate)
C:\Users\XM\AppData\Local\Temp\arduino\cores\a07b3106cc46d6f37e3fd6090b0412ab\core.a(adc_f1.c.o)
                              (__irq_adc)
C:\Users\XM\AppData\Local\Temp\arduino\cores\a07b3106cc46d6f37e3fd6090b0412ab\core.a(dma_f1.c.o)
                              (__irq_dma1_channel1)
C:\Users\XM\AppData\Local\Temp\arduino\cores\a07b3106cc46d6f37e3fd6090b0412ab\core.a(exc.S.o)
                              (__exc_nmi)
C:\Users\XM\AppData\Local\Temp\arduino\cores\a07b3106cc46d6f37e3fd6090b0412ab\core.a(exti.c.o)
                              (__irq_exti0)
C:\Users\XM\AppData\Local\Temp\arduino\cores\a07b3106cc46d6f37e3fd6090b0412ab\core.a(exti_f1.c.o)
                              C:\Users\XM\AppData\Local\Temp\arduino\cores\a07b3106cc46d6f37e3fd6090b0412ab\core.a(exti.c.o) (exti_select)
C:\Users\XM\AppData\Local\Temp\arduino\cores\a07b3106cc46d6f37e3fd6090b0412ab\core.a(flash.c.o)
                              C:\Users\XM\AppData\Local\Temp\arduino\sketches\395DA6E57F2FD801FDA8B66AD49E8E4E\core\wirish\boards.cpp.o (flash_set_latency)
C:\Users\XM\AppData\Local\Temp\arduino\cores\a07b3106cc46d6f37e3fd6090b0412ab\core.a(gpio_f1.c.o)
                              C:\Users\XM\AppData\Local\Temp\arduino\sketches\395DA6E57F2FD801FDA8B66AD49E8E4E\core\wirish\boards_setup.cpp.o (gpio_init_all)
C:\Users\XM\AppData\Local\Temp\arduino\cores\a07b3106cc46d6f37e3fd6090b0412ab\core.a(i2c_f1.c.o)
                              (__irq_i2c1_ev)
C:\Users\XM\AppData\Local\Temp\arduino\cores\a07b3106cc46d6f37e3fd6090b0412ab\core.a(nvic.c.o)
                              C:\Users\XM\AppData\Local\Temp\arduino\cores\a07b3106cc46d6f37e3fd6090b0412ab\core.a(i2c_f1.c.o) (nvic_irq_set_priority)
C:\Users\XM\AppData\Local\Temp\arduino\cores\a07b3106cc46d6f37e3fd6090b0412ab\core.a(rcc.c.o)
                              C:\Users\XM\AppData\Local\Temp\arduino\sketches\395DA6E57F2FD801FDA8B66AD49E8E4E\core\wirish\boards.cpp.o (rcc_switch_sysclk)
C:\Users\XM\AppData\Local\Temp\arduino\cores\a07b3106cc46d6f37e3fd6090b0412ab\core.a(rcc_f1.c.o)
                              C:\Users\XM\AppData\Local\Temp\arduino\sketches\395DA6E57F2FD801FDA8B66AD49E8E4E\core\wirish\boards.cpp.o (rcc_configure_pll)
C:\Users\XM\AppData\Local\Temp\arduino\cores\a07b3106cc46d6f37e3fd6090b0412ab\core.a(isrs.S.o)
                              (__stm32reservedexception7)
C:\Users\XM\AppData\Local\Temp\arduino\cores\a07b3106cc46d6f37e3fd6090b0412ab\core.a(vector_table.S.o)
                              (__stm32_vector_table)
C:\Users\XM\AppData\Local\Temp\arduino\cores\a07b3106cc46d6f37e3fd6090b0412ab\core.a(systick.c.o)
                              C:\Users\XM\AppData\Local\Temp\arduino\sketches\395DA6E57F2FD801FDA8B66AD49E8E4E\core\wirish\boards.cpp.o (systick_init)
C:\Users\XM\AppData\Local\Temp\arduino\cores\a07b3106cc46d6f37e3fd6090b0412ab\core.a(timer.c.o)
                              C:\Users\XM\AppData\Local\Temp\arduino\sketches\395DA6E57F2FD801FDA8B66AD49E8E4E\core\wirish\boards.cpp.o (timer_foreach)
C:\Users\XM\AppData\Local\Temp\arduino\cores\a07b3106cc46d6f37e3fd6090b0412ab\core.a(usart.c.o)
                              C:\Users\XM\AppData\Local\Temp\arduino\cores\a07b3106cc46d6f37e3fd6090b0412ab\core.a(HardwareSerial.cpp.o) (usart_init)
C:\Users\XM\AppData\Local\Temp\arduino\cores\a07b3106cc46d6f37e3fd6090b0412ab\core.a(usart_f1.c.o)
                              C:\Users\XM\AppData\Local\Temp\arduino\cores\a07b3106cc46d6f37e3fd6090b0412ab\core.a(HardwareSerial.cpp.o) (usart_config_gpios_async)
C:\Users\XM\AppData\Local\Temp\arduino\cores\a07b3106cc46d6f37e3fd6090b0412ab\core.a(usart_private.c.o)
                              C:\Users\XM\AppData\Local\Temp\arduino\cores\a07b3106cc46d6f37e3fd6090b0412ab\core.a(usart_f1.c.o) (_usart_clock_freq)
C:\Users\XM\AppData\Local\Temp\arduino\cores\a07b3106cc46d6f37e3fd6090b0412ab\core.a(usb.c.o)
[...]
Memory Configuration

Name             Origin             Length             Attributes
ram              0x20000000         0x00002800         xrw
rom              0x08000000         0x00008000         xr
*default*        0x00000000         0xffffffff

Linker script and memory map

LOAD c:/users/xm/appdata/local/arduino15/packages/arduino/tools/arm-none-eabi-gcc/7-2017q4/bin/../lib/gcc/arm-none-eabi/7.2.1/thumb/v7-m/crti.o
LOAD c:/users/xm/appdata/local/arduino15/packages/arduino/tools/arm-none-eabi-gcc/7-2017q4/bin/../lib/gcc/arm-none-eabi/7.2.1/thumb/v7-m/crtbegin.o
LOAD c:/users/xm/appdata/local/arduino15/packages/arduino/tools/arm-none-eabi-gcc/7-2017q4/bin/../lib/gcc/arm-none-eabi/7.2.1/../../../../arm-none-eabi/lib/thumb/v7-m/crt0.o
LOAD c:/users/xm/appdata/local/arduino15/packages/arduino/tools/arm-none-eabi-gcc/7-2017q4/bin/../lib/gcc/arm-none-eabi/7.2.1/thumb/v7-m\libgcc.a
START GROUP
LOAD C:\Users\XM\AppData\Local\Temp\arduino\sketches\395DA6E57F2FD801FDA8B66AD49E8E4E\sketch\Arduino-Aime-Reader.ino.cpp.o
LOAD C:\Users\XM\AppData\Local\Temp\arduino\sketches\395DA6E57F2FD801FDA8B66AD49E8E4E\libraries\PN532_HSU\PN532_HSU.cpp.o
LOAD C:\Users\XM\AppData\Local\Temp\arduino\sketches\395DA6E57F2FD801FDA8B66AD49E8E4E\libraries\PN532\PN532.cpp.o
LOAD C:\Users\XM\AppData\Local\Temp\arduino\sketches\395DA6E57F2FD801FDA8B66AD49E8E4E\libraries\PN532\emulatetag.cpp.o
LOAD C:\Users\XM\AppData\Local\Temp\arduino\sketches\395DA6E57F2FD801FDA8B66AD49E8E4E\libraries\PN532\llcp.cpp.o
LOAD C:\Users\XM\AppData\Local\Temp\arduino\sketches\395DA6E57F2FD801FDA8B66AD49E8E4E\libraries\PN532\mac_link.cpp.o
LOAD C:\Users\XM\AppData\Local\Temp\arduino\sketches\395DA6E57F2FD801FDA8B66AD49E8E4E\libraries\PN532\snep.cpp.o
LOAD C:\Users\XM\AppData\Local\Temp\arduino\sketches\395DA6E57F2FD801FDA8B66AD49E8E4E\libraries\EEPROM\EEPROM.cpp.o
LOAD C:\Users\XM\AppData\Local\Temp\arduino\sketches\395DA6E57F2FD801FDA8B66AD49E8E4E\libraries\EEPROM\flash_stm32.c.o
LOAD C:\Users\XM\AppData\Local\Temp\arduino\sketches\395DA6E57F2FD801FDA8B66AD49E8E4E\core\board.cpp.o
LOAD C:\Users\XM\AppData\Local\Temp\arduino\sketches\395DA6E57F2FD801FDA8B66AD49E8E4E\core\wirish\boards.cpp.o
LOAD C:\Users\XM\AppData\Local\Temp\arduino\sketches\395DA6E57F2FD801FDA8B66AD49E8E4E\core\wirish\boards_setup.cpp.o
LOAD C:\Users\XM\AppData\Local\Temp\arduino\sketches\395DA6E57F2FD801FDA8B66AD49E8E4E\core\wirish\start.S.o
LOAD C:\Users\XM\AppData\Local\Temp\arduino\sketches\395DA6E57F2FD801FDA8B66AD49E8E4E\core\wirish\start_c.c.o
LOAD C:\Users\XM\AppData\Local\Temp\arduino\sketches\395DA6E57F2FD801FDA8B66AD49E8E4E\core\wirish\syscalls.c.o
LOAD C:\Users\XM\AppData\Local\Temp\arduino\cores\a07b3106cc46d6f37e3fd6090b0412ab\core.a
END GROUP
LOAD c:/users/xm/appdata/local/arduino15/packages/arduino/tools/arm-none-eabi-gcc/7-2017q4/bin/../lib/gcc/arm-none-eabi/7.2.1/../../../../arm-none-eabi/lib/thumb/v7-m\libstdc++_nano.a
LOAD c:/users/xm/appdata/local/arduino15/packages/arduino/tools/arm-none-eabi-gcc/7-2017q4/bin/../lib/gcc/arm-none-eabi/7.2.1/../../../../arm-none-eabi/lib/thumb/v7-m\libm.a
START GROUP
LOAD c:/users/xm/appdata/local/arduino15/packages/arduino/tools/arm-none-eabi-gcc/7-2017q4/bin/../lib/gcc/arm-none-eabi/7.2.1/thumb/v7-m\libgcc.a
LOAD c:/users/xm/appdata/local/arduino15/packages/arduino/tools/arm-none-eabi-gcc/7-2017q4/bin/../lib/gcc/arm-none-eabi/7.2.1/../../../../arm-none-eabi/lib/thumb/v7-m\libc_nano.a
END GROUP
START GROUP
LOAD c:/users/xm/appdata/local/arduino15/packages/arduino/tools/arm-none-eabi-gcc/7-2017q4/bin/../lib/gcc/arm-none-eabi/7.2.1/thumb/v7-m\libgcc.a
LOAD c:/users/xm/appdata/local/arduino15/packages/arduino/tools/arm-none-eabi-gcc/7-2017q4/bin/../lib/gcc/arm-none-eabi/7.2.1/../../../../arm-none-eabi/lib/thumb/v7-m\libc_nano.a
END GROUP
LOAD c:/users/xm/appdata/local/arduino15/packages/arduino/tools/arm-none-eabi-gcc/7-2017q4/bin/../lib/gcc/arm-none-eabi/7.2.1/thumb/v7-m/crtend.o
LOAD c:/users/xm/appdata/local/arduino15/packages/arduino/tools/arm-none-eabi-gcc/7-2017q4/bin/../lib/gcc/arm-none-eabi/7.2.1/thumb/v7-m/crtn.o
START GROUP
LOAD c:/users/xm/appdata/local/arduino15/packages/arduino/tools/arm-none-eabi-gcc/7-2017q4/bin/../lib/gcc/arm-none-eabi/7.2.1/thumb/v7-m\libgcc.a
LOAD c:/users/xm/appdata/local/arduino15/packages/arduino/tools/arm-none-eabi-gcc/7-2017q4/bin/../lib/gcc/arm-none-eabi/7.2.1/../../../../arm-none-eabi/lib/thumb/v7-m\libc.a
LOAD c:/users/xm/appdata/local/arduino15/packages/arduino/tools/arm-none-eabi-gcc/7-2017q4/bin/../lib/gcc/arm-none-eabi/7.2.1/../../../../arm-none-eabi/lib/thumb/v7-m\libm.a
END GROUP
START GROUP
LOAD c:/users/xm/appdata/local/arduino15/packages/arduino/tools/arm-none-eabi-gcc/7-2017q4/bin/../lib/gcc/arm-none-eabi/7.2.1/../../../../arm-none-eabi/lib/thumb/v7-m\libnosys.a
END GROUP
                0x20002800                PROVIDE (__msp_init, (ORIGIN (ram) + LENGTH (ram)))
                0x080034b0                PROVIDE (__exc_reset, __start__)

.text           0x08000000     0x6700
                0x08000000                __text_start__ = .
 *(.stm32.interrupt_vector)
 .stm32.interrupt_vector
                0x08000000       0xec C:\Users\XM\AppData\Local\Temp\arduino\cores\a07b3106cc46d6f37e3fd6090b0412ab\core.a(vector_table.S.o)
                0x08000000                __stm32_vector_table
 *(.text .text.* .gnu.linkonce.t.*)
 .text          0x080000ec       0x40 c:/users/xm/appdata/local/arduino15/packages/arduino/tools/arm-none-eabi-gcc/7-2017q4/bin/../lib/gcc/arm-none-eabi/7.2.1/thumb/v7-m/crtbegin.o
 .text._Z8LED_showhhh
                0x0800012c       0x44 C:\Users\XM\AppData\Local\Temp\arduino\sketches\395DA6E57F2FD801FDA8B66AD49E8E4E\sketch\Arduino-Aime-Reader.ino.cpp.o
                0x0800012c                LED_show(unsigned char, unsigned char, unsigned char)
 .text._Z8LED_Initv
                0x08000170       0x28 C:\Users\XM\AppData\Local\Temp\arduino\sketches\395DA6E57F2FD801FDA8B66AD49E8E4E\sketch\Arduino-Aime-Reader.ino.cpp.o
                0x08000170                LED_Init()
 .text._Z20EEPROM_get_sysconfigv
                0x08000198       0x90 C:\Users\XM\AppData\Local\Temp\arduino\sketches\395DA6E57F2FD801FDA8B66AD49E8E4E\sketch\Arduino-Aime-Reader.ino.cpp.o
                0x08000198                EEPROM_get_sysconfig()
 .text._ZN11mifare_cardC2Ev
                0x08000228       0x54 C:\Users\XM\AppData\Local\Temp\arduino\sketches\395DA6E57F2FD801FDA8B66AD49E8E4E\sketch\Arduino-Aime-Reader.ino.cpp.o
                0x08000228                mifare_card::mifare_card()
                0x08000228                mifare_card::mifare_card()
 .text._Z11Nesica_ReadP11nesica_card
                0x0800027c       0x78 C:\Users\XM\AppData\Local\Temp\arduino\sketches\395DA6E57F2FD801FDA8B66AD49E8E4E\sketch\Arduino-Aime-Reader.ino.cpp.o
                0x0800027c                Nesica_Read(nesica_card*)
 .text._Z8res_inith
                0x080002f4       0x24 C:\Users\XM\AppData\Local\Temp\arduino\sketches\395DA6E57F2FD801FDA8B66AD49E8E4E\sketch\Arduino-Aime-Reader.ino.cpp.o
                0x080002f4                res_init(unsigned char)
 .text._Z18sys_to_normal_modev
                0x08000318       0x34 C:\Users\XM\AppData\Local\Temp\arduino\sketches\395DA6E57F2FD801FDA8B66AD49E8E4E\sketch\Arduino-Aime-Reader.ino.cpp.o
                0x08000318                sys_to_normal_mode()
 .text._Z18sys_get_fw_versionv
                0x0800034c       0x50 C:\Users\XM\AppData\Local\Temp\arduino\sketches\395DA6E57F2FD801FDA8B66AD49E8E4E\sketch\Arduino-Aime-Reader.ino.cpp.o
                0x0800034c                sys_get_fw_version()
 .text._Z18sys_get_hw_versionv
                0x0800039c       0x5c C:\Users\XM\AppData\Local\Temp\arduino\sketches\395DA6E57F2FD801FDA8B66AD49E8E4E\sketch\Arduino-Aime-Reader.ino.cpp.o
                0x0800039c                sys_get_hw_version()
 .text._Z16sys_get_led_infov
                0x080003f8       0x64 C:\Users\XM\AppData\Local\Temp\arduino\sketches\395DA6E57F2FD801FDA8B66AD49E8E4E\sketch\Arduino-Aime-Reader.ino.cpp.o
                0x080003f8                sys_get_led_info()
 .text._Z17nfc_start_pollingv
                0x0800045c       0x1c C:\Users\XM\AppData\Local\Temp\arduino\sketches\395DA6E57F2FD801FDA8B66AD49E8E4E\sketch\Arduino-Aime-Reader.ino.cpp.o
                0x0800045c                nfc_start_polling()
 .text._Z16nfc_stop_pollingv
                0x08000478       0x1c C:\Users\XM\AppData\Local\Temp\arduino\sketches\395DA6E57F2FD801FDA8B66AD49E8E4E\sketch\Arduino-Aime-Reader.ino.cpp.o
                0x08000478                nfc_stop_polling()
 .text._Z15nfc_card_detectv
                0x08000494      0x1a0 C:\Users\XM\AppData\Local\Temp\arduino\sketches\395DA6E57F2FD801FDA8B66AD49E8E4E\sketch\Arduino-Aime-Reader.ino.cpp.o
                0x08000494                nfc_card_detect()
 .text._Z22nfc_mifare_authorize_av
                0x08000634       0x3c C:\Users\XM\AppData\Local\Temp\arduino\sketches\395DA6E57F2FD801FDA8B66AD49E8E4E\sketch\Arduino-Aime-Reader.ino.cpp.o
                0x08000634                nfc_mifare_authorize_a()
 .text._Z22nfc_mifare_authorize_bv
                0x08000670       0x3c C:\Users\XM\AppData\Local\Temp\arduino\sketches\395DA6E57F2FD801FDA8B66AD49E8E4E\sketch\Arduino-Aime-Reader.ino.cpp.o
                0x08000670                nfc_mifare_authorize_b()
 .text._Z15nfc_mifare_readv
                0x080006ac      0x224 C:\Users\XM\AppData\Local\Temp\arduino\sketches\395DA6E57F2FD801FDA8B66AD49E8E4E\sketch\Arduino-Aime-Reader.ino.cpp.o
                0x080006ac                nfc_mifare_read()
 .text._Z18nfc_felica_throughv
                0x080008d0      0x140 C:\Users\XM\AppData\Local\Temp\arduino\sketches\395DA6E57F2FD801FDA8B66AD49E8E4E\sketch\Arduino-Aime-Reader.ino.cpp.o
                0x080008d0                nfc_felica_through()
 .text._Z14Sega_Mode_Initv
                0x08000a10       0xf4 C:\Users\XM\AppData\Local\Temp\arduino\sketches\395DA6E57F2FD801FDA8B66AD49E8E4E\sketch\Arduino-Aime-Reader.ino.cpp.o
                0x08000a10                Sega_Mode_Init()
 .text._Z7hex2strh
                0x08000b04        0xc C:\Users\XM\AppData\Local\Temp\arduino\sketches\395DA6E57F2FD801FDA8B66AD49E8E4E\sketch\Arduino-Aime-Reader.ino.cpp.o
                0x08000b04                hex2str(unsigned char)
 .text._Z15Spice_Mode_Initv
                0x08000b10       0x7c C:\Users\XM\AppData\Local\Temp\arduino\sketches\395DA6E57F2FD801FDA8B66AD49E8E4E\sketch\Arduino-Aime-Reader.ino.cpp.o
                0x08000b10                Spice_Mode_Init()
 .text._ZN7message8initThisEv
                0x08000b8c       0x16 C:\Users\XM\AppData\Local\Temp\arduino\sketches\395DA6E57F2FD801FDA8B66AD49E8E4E\sketch\Arduino-Aime-Reader.ino.cpp.o
                0x08000b8c                message::initThis()
 .text._ZN7message7isReadyEv
                0x08000ba2       0x22 C:\Users\XM\AppData\Local\Temp\arduino\sketches\395DA6E57F2FD801FDA8B66AD49E8E4E\sketch\Arduino-Aime-Reader.ino.cpp.o
                0x08000ba2                message::isReady()
 .text._Z6ledsvcv
                0x08000bc4      0x2e4 C:\Users\XM\AppData\Local\Temp\arduino\sketches\395DA6E57F2FD801FDA8B66AD49E8E4E\sketch\Arduino-Aime-Reader.ino.cpp.o
                0x08000bc4                ledsvc()
 .text._Z19set_led_blue_breathv
                0x08000ea8       0x28 C:\Users\XM\AppData\Local\Temp\arduino\sketches\395DA6E57F2FD801FDA8B66AD49E8E4E\sketch\Arduino-Aime-Reader.ino.cpp.o
                0x08000ea8                set_led_blue_breath()
 .text._Z18set_led_rgb_breathv
                0x08000ed0       0x28 C:\Users\XM\AppData\Local\Temp\arduino\sketches\395DA6E57F2FD801FDA8B66AD49E8E4E\sketch\Arduino-Aime-Reader.ino.cpp.o
                0x08000ed0                set_led_rgb_breath()
 .text._Z23set_led_red_yellow_loopv
                0x08000ef8       0x3c C:\Users\XM\AppData\Local\Temp\arduino\sketches\395DA6E57F2FD801FDA8B66AD49E8E4E\sketch\Arduino-Aime-Reader.ino.cpp.o
                0x08000ef8                set_led_red_yellow_loop()
 .text._Z11set_led_offv
                0x08000f34       0x14 C:\Users\XM\AppData\Local\Temp\arduino\sketches\395DA6E57F2FD801FDA8B66AD49E8E4E\sketch\Arduino-Aime-Reader.ino.cpp.o
                0x08000f34                set_led_off()
 .text._Z17set_led_blue_keepv
                0x08000f48       0x10 C:\Users\XM\AppData\Local\Temp\arduino\sketches\395DA6E57F2FD801FDA8B66AD49E8E4E\sketch\Arduino-Aime-Reader.ino.cpp.o
                0x08000f48                set_led_blue_keep()
 .text._Z23set_led_green_blue_loopv
                0x08000f58       0x3c C:\Users\XM\AppData\Local\Temp\arduino\sketches\395DA6E57F2FD801FDA8B66AD49E8E4E\sketch\Arduino-Aime-Reader.ino.cpp.o
                0x08000f58                set_led_green_blue_loop()
 .text._Z26set_led_green_to_blue_keepv
                0x08000f94       0x3c C:\Users\XM\AppData\Local\Temp\arduino\sketches\395DA6E57F2FD801FDA8B66AD49E8E4E\sketch\Arduino-Aime-Reader.ino.cpp.o
                0x08000f94                set_led_green_to_blue_keep()
 .text._Z24set_led_red_to_blue_keepv
                0x08000fd0       0x3c C:\Users\XM\AppData\Local\Temp\arduino\sketches\395DA6E57F2FD801FDA8B66AD49E8E4E\sketch\Arduino-Aime-Reader.ino.cpp.o
                0x08000fd0                set_led_red_to_blue_keep()
 .text._Z10setLEDModeh
                0x0800100c       0x40 C:\Users\XM\AppData\Local\Temp\arduino\sketches\395DA6E57F2FD801FDA8B66AD49E8E4E\sketch\Arduino-Aime-Reader.ino.cpp.o
                0x0800100c                setLEDMode(unsigned char)
 .text._Z11packet_readv
                0x0800104c       0x94 C:\Users\XM\AppData\Local\Temp\arduino\sketches\395DA6E57F2FD801FDA8B66AD49E8E4E\sketch\Arduino-Aime-Reader.ino.cpp.o
                0x0800104c                packet_read()
 .text._Z16Test_Reader_Loopv
                0x080010e0      0x350 C:\Users\XM\AppData\Local\Temp\arduino\sketches\395DA6E57F2FD801FDA8B66AD49E8E4E\sketch\Arduino-Aime-Reader.ino.cpp.o
                0x080010e0                Test_Reader_Loop()
 .text._ZN8spiceapi10Connection5resetEv
                0x08001430       0x1c C:\Users\XM\AppData\Local\Temp\arduino\sketches\395DA6E57F2FD801FDA8B66AD49E8E4E\sketch\Arduino-Aime-Reader.ino.cpp.o
                0x08001430                spiceapi::Connection::reset()
 .text._ZN8spiceapi10ConnectionC2Ej
                0x0800144c       0x1a C:\Users\XM\AppData\Local\Temp\arduino\sketches\395DA6E57F2FD801FDA8B66AD49E8E4E\sketch\Arduino-Aime-Reader.ino.cpp.o
                0x0800144c                spiceapi::Connection::Connection(unsigned int)
                0x0800144c                spiceapi::Connection::Connection(unsigned int)
 *fill*         0x08001466        0x2 
 .text.startup._GLOBAL__sub_I__Z8LED_showhhh
                0x08001468       0x80 C:\Users\XM\AppData\Local\Temp\arduino\sketches\395DA6E57F2FD801FDA8B66AD49E8E4E\sketch\Arduino-Aime-Reader.ino.cpp.o
 .text._Z12packet_writev
                0x080014e8       0x60 C:\Users\XM\AppData\Local\Temp\arduino\sketches\395DA6E57F2FD801FDA8B66AD49E8E4E\sketch\Arduino-Aime-Reader.ino.cpp.o
                0x080014e8                packet_write()
 .text._Z14Sega_Mode_Loopv
                0x08001548      0x244 C:\Users\XM\AppData\Local\Temp\arduino\sketches\395DA6E57F2FD801FDA8B66AD49E8E4E\sketch\Arduino-Aime-Reader.ino.cpp.o
                0x08001548                Sega_Mode_Loop()
 .text._Z6doSendv
                0x0800178c       0x64 C:\Users\XM\AppData\Local\Temp\arduino\sketches\395DA6E57F2FD801FDA8B66AD49E8E4E\sketch\Arduino-Aime-Reader.ino.cpp.o
                0x0800178c                doSend()
 .text._ZN8spiceapi10Connection7requestEPcj
                0x080017f0       0x7c C:\Users\XM\AppData\Local\Temp\arduino\sketches\395DA6E57F2FD801FDA8B66AD49E8E4E\sketch\Arduino-Aime-Reader.ino.cpp.o
                0x080017f0                spiceapi::Connection::request(char*, unsigned int)
 .text._Z15Spice_Mode_Loopv
                0x0800186c      0x27c C:\Users\XM\AppData\Local\Temp\arduino\sketches\395DA6E57F2FD801FDA8B66AD49E8E4E\sketch\Arduino-Aime-Reader.ino.cpp.o
                0x0800186c                Spice_Mode_Loop()
 .text._Z17Namco_PN532_Setupv
                0x08001ae8      0x11c C:\Users\XM\AppData\Local\Temp\arduino\sketches\395DA6E57F2FD801FDA8B66AD49E8E4E\sketch\Arduino-Aime-Reader.ino.cpp.o
                0x08001ae8                Namco_PN532_Setup()
 .text._Z5setupv
                0x08001c04       0x3c C:\Users\XM\AppData\Local\Temp\arduino\sketches\395DA6E57F2FD801FDA8B66AD49E8E4E\sketch\Arduino-Aime-Reader.ino.cpp.o
                0x08001c04                setup()
 .text._Z4procv
                0x08001c40      0x564 C:\Users\XM\AppData\Local\Temp\arduino\sketches\395DA6E57F2FD801FDA8B66AD49E8E4E\sketch\Arduino-Aime-Reader.ino.cpp.o
                0x08001c40                proc()
 .text._Z6doRecvv
                0x080021a4       0x94 C:\Users\XM\AppData\Local\Temp\arduino\sketches\395DA6E57F2FD801FDA8B66AD49E8E4E\sketch\Arduino-Aime-Reader.ino.cpp.o
                0x080021a4                doRecv()
 .text._Z15Namco_Mode_Loopv
                0x08002238       0xa8 C:\Users\XM\AppData\Local\Temp\arduino\sketches\395DA6E57F2FD801FDA8B66AD49E8E4E\sketch\Arduino-Aime-Reader.ino.cpp.o
                0x08002238                Namco_Mode_Loop()
 .text._Z8RAW_Loopv
                0x080022e0       0x80 C:\Users\XM\AppData\Local\Temp\arduino\sketches\395DA6E57F2FD801FDA8B66AD49E8E4E\sketch\Arduino-Aime-Reader.ino.cpp.o
                0x080022e0                RAW_Loop()
 .text._Z4loopv
                0x08002360       0x6c C:\Users\XM\AppData\Local\Temp\arduino\sketches\395DA6E57F2FD801FDA8B66AD49E8E4E\sketch\Arduino-Aime-Reader.ino.cpp.o
                0x08002360                loop()
 .text._ZN9PN532_HSU5beginEv
                0x080023cc        0xa C:\Users\XM\AppData\Local\Temp\arduino\sketches\395DA6E57F2FD801FDA8B66AD49E8E4E\libraries\PN532_HSU\PN532_HSU.cpp.o
                0x080023cc                PN532_HSU::begin()
 .text._ZN14HardwareSerial5writeEi
                0x080023d6        0x8 C:\Users\XM\AppData\Local\Temp\arduino\sketches\395DA6E57F2FD801FDA8B66AD49E8E4E\libraries\PN532_HSU\PN532_HSU.cpp.o
                0x080023d6                HardwareSerial::write(int)
 .text._ZN9PN532_HSU6wakeupEv
                0x080023de       0x4e C:\Users\XM\AppData\Local\Temp\arduino\sketches\395DA6E57F2FD801FDA8B66AD49E8E4E\libraries\PN532_HSU\PN532_HSU.cpp.o
                0x080023de                PN532_HSU::wakeup()
 .text._ZN9PN532_HSUC2ER14HardwareSerial
                0x0800242c       0x10 C:\Users\XM\AppData\Local\Temp\arduino\sketches\395DA6E57F2FD801FDA8B66AD49E8E4E\libraries\PN532_HSU\PN532_HSU.cpp.o
                0x0800242c                PN532_HSU::PN532_HSU(HardwareSerial&)
                0x0800242c                PN532_HSU::PN532_HSU(HardwareSerial&)
 .text._ZN9PN532_HSU7receiveEPhit
                0x0800243c       0x4c C:\Users\XM\AppData\Local\Temp\arduino\sketches\395DA6E57F2FD801FDA8B66AD49E8E4E\libraries\PN532_HSU\PN532_HSU.cpp.o
                0x0800243c                PN532_HSU::receive(unsigned char*, int, unsigned short)
 .text._ZN9PN532_HSU12readResponseEPhht
                0x08002488       0xf2 C:\Users\XM\AppData\Local\Temp\arduino\sketches\395DA6E57F2FD801FDA8B66AD49E8E4E\libraries\PN532_HSU\PN532_HSU.cpp.o
                0x08002488                PN532_HSU::readResponse(unsigned char*, unsigned char, unsigned short)
 *fill*         0x0800257a        0x2 
 .text._ZN9PN532_HSU12readAckFrameEv
                0x0800257c       0x40 C:\Users\XM\AppData\Local\Temp\arduino\sketches\395DA6E57F2FD801FDA8B66AD49E8E4E\libraries\PN532_HSU\PN532_HSU.cpp.o
                0x0800257c                PN532_HSU::readAckFrame()
 .text._ZN9PN532_HSU12writeCommandEPKhhS1_h
                0x080025bc       0xd0 C:\Users\XM\AppData\Local\Temp\arduino\sketches\395DA6E57F2FD801FDA8B66AD49E8E4E\libraries\PN532_HSU\PN532_HSU.cpp.o
                0x080025bc                PN532_HSU::writeCommand(unsigned char const*, unsigned char, unsigned char const*, unsigned char)
 .text._ZN5PN532C2ER14PN532Interface
                0x0800268c        0x4 C:\Users\XM\AppData\Local\Temp\arduino\sketches\395DA6E57F2FD801FDA8B66AD49E8E4E\libraries\PN532\PN532.cpp.o
                0x0800268c                PN532::PN532(PN532Interface&)
                0x0800268c                PN532::PN532(PN532Interface&)
 .text._ZN5PN5325beginEv
                0x08002690       0x18 C:\Users\XM\AppData\Local\Temp\arduino\sketches\395DA6E57F2FD801FDA8B66AD49E8E4E\libraries\PN532\PN532.cpp.o
                0x08002690                PN532::begin()
 .text._ZN5PN5328PrintHexEPKhm
                0x080026a8       0x54 C:\Users\XM\AppData\Local\Temp\arduino\sketches\395DA6E57F2FD801FDA8B66AD49E8E4E\libraries\PN532\PN532.cpp.o
                0x080026a8                PN532::PrintHex(unsigned char const*, unsigned long)
 .text._ZN5PN53218getFirmwareVersionEv
                0x080026fc       0x52 C:\Users\XM\AppData\Local\Temp\arduino\sketches\395DA6E57F2FD801FDA8B66AD49E8E4E\libraries\PN532\PN532.cpp.o
                0x080026fc                PN532::getFirmwareVersion()
 .text._ZN5PN5329SAMConfigEv
                0x0800274e       0x4e C:\Users\XM\AppData\Local\Temp\arduino\sketches\395DA6E57F2FD801FDA8B66AD49E8E4E\libraries\PN532\PN532.cpp.o
                0x0800274e                PN532::SAMConfig()
 .text._ZN5PN53227setPassiveActivationRetriesEh
                0x0800279c       0x54 C:\Users\XM\AppData\Local\Temp\arduino\sketches\395DA6E57F2FD801FDA8B66AD49E8E4E\libraries\PN532\PN532.cpp.o
                0x0800279c                PN532::setPassiveActivationRetries(unsigned char)
 .text._ZN5PN53210setRFFieldEhh
                0x080027f0       0x4c C:\Users\XM\AppData\Local\Temp\arduino\sketches\395DA6E57F2FD801FDA8B66AD49E8E4E\libraries\PN532\PN532.cpp.o
                0x080027f0                PN532::setRFField(unsigned char, unsigned char)
 .text._ZN5PN53219readPassiveTargetIDEhPhS0_tb
                0x0800283c       0x8c C:\Users\XM\AppData\Local\Temp\arduino\sketches\395DA6E57F2FD801FDA8B66AD49E8E4E\libraries\PN532\PN532.cpp.o
                0x0800283c                PN532::readPassiveTargetID(unsigned char, unsigned char*, unsigned char*, unsigned short, bool)
 .text._ZN5PN53231mifareclassic_AuthenticateBlockEPhhmhS0_
                0x080028c8       0x96 C:\Users\XM\AppData\Local\Temp\arduino\sketches\395DA6E57F2FD801FDA8B66AD49E8E4E\libraries\PN532\PN532.cpp.o
                0x080028c8                PN532::mifareclassic_AuthenticateBlock(unsigned char*, unsigned char, unsigned long, unsigned char, unsigned char*)
 .text._ZN5PN53227mifareclassic_ReadDataBlockEhPh
                0x0800295e       0x6c C:\Users\XM\AppData\Local\Temp\arduino\sketches\395DA6E57F2FD801FDA8B66AD49E8E4E\libraries\PN532\PN532.cpp.o
                0x0800295e                PN532::mifareclassic_ReadDataBlock(unsigned char, unsigned char*)
 .text._ZN5PN53225mifareultralight_ReadPageEhPh
                0x080029ca       0x5e C:\Users\XM\AppData\Local\Temp\arduino\sketches\395DA6E57F2FD801FDA8B66AD49E8E4E\libraries\PN532\PN532.cpp.o
                0x080029ca                PN532::mifareultralight_ReadPage(unsigned char, unsigned char*)
 .text._ZN5PN53214felica_PollingEthPhS0_Ptt
                0x08002a28       0xd4 C:\Users\XM\AppData\Local\Temp\arduino\sketches\395DA6E57F2FD801FDA8B66AD49E8E4E\libraries\PN532\PN532.cpp.o
                0x08002a28                PN532::felica_Polling(unsigned short, unsigned char, unsigned char*, unsigned char*, unsigned short*, unsigned short)
 .text._ZN5PN53218felica_SendCommandEPKhhPhS2_
                0x08002afc       0x90 C:\Users\XM\AppData\Local\Temp\arduino\sketches\395DA6E57F2FD801FDA8B66AD49E8E4E\libraries\PN532\PN532.cpp.o
                0x08002afc                PN532::felica_SendCommand(unsigned char const*, unsigned char, unsigned char*, unsigned char*)
 .text._ZN5PN53228felica_ReadWithoutEncryptionEhPKthS1_PA16_h
                0x08002b8c      0x122 C:\Users\XM\AppData\Local\Temp\arduino\sketches\395DA6E57F2FD801FDA8B66AD49E8E4E\libraries\PN532\PN532.cpp.o
                0x08002b8c                PN532::felica_ReadWithoutEncryption(unsigned char, unsigned short const*, unsigned char, unsigned short const*, unsigned char (*) [16])
 .text._ZN11EEPROMClass12EE_CheckPageEmt
                0x08002cae       0x32 C:\Users\XM\AppData\Local\Temp\arduino\sketches\395DA6E57F2FD801FDA8B66AD49E8E4E\libraries\EEPROM\EEPROM.cpp.o
                0x08002cae                EEPROMClass::EE_CheckPage(unsigned long, unsigned short)
 .text._ZN11EEPROMClass12EE_ErasePageEm
                0x08002ce0       0x58 C:\Users\XM\AppData\Local\Temp\arduino\sketches\395DA6E57F2FD801FDA8B66AD49E8E4E\libraries\EEPROM\EEPROM.cpp.o
                0x08002ce0                EEPROMClass::EE_ErasePage(unsigned long)
 .text._ZN11EEPROMClass17EE_CheckErasePageEmt
                0x08002d38       0x2c C:\Users\XM\AppData\Local\Temp\arduino\sketches\395DA6E57F2FD801FDA8B66AD49E8E4E\libraries\EEPROM\EEPROM.cpp.o
                0x08002d38                EEPROMClass::EE_CheckErasePage(unsigned long, unsigned short)
 .text._ZN11EEPROMClass16EE_FindValidPageEv
                0x08002d64       0x30 C:\Users\XM\AppData\Local\Temp\arduino\sketches\395DA6E57F2FD801FDA8B66AD49E8E4E\libraries\EEPROM\EEPROM.cpp.o
                0x08002d64                EEPROMClass::EE_FindValidPage()
 .text._ZN11EEPROMClass20EE_GetVariablesCountEmt
                0x08002d94       0x3c C:\Users\XM\AppData\Local\Temp\arduino\sketches\395DA6E57F2FD801FDA8B66AD49E8E4E\libraries\EEPROM\EEPROM.cpp.o
                0x08002d94                EEPROMClass::EE_GetVariablesCount(unsigned long, unsigned short)
 .text._ZN11EEPROMClass15EE_PageTransferEmmt
                0x08002dd0       0xb0 C:\Users\XM\AppData\Local\Temp\arduino\sketches\395DA6E57F2FD801FDA8B66AD49E8E4E\libraries\EEPROM\EEPROM.cpp.o
                0x08002dd0                EEPROMClass::EE_PageTransfer(unsigned long, unsigned long, unsigned short)
 .text._ZN11EEPROMClass30EE_VerifyPageFullWriteVariableEtt
                0x08002e80       0xf4 C:\Users\XM\AppData\Local\Temp\arduino\sketches\395DA6E57F2FD801FDA8B66AD49E8E4E\libraries\EEPROM\EEPROM.cpp.o
                0x08002e80                EEPROMClass::EE_VerifyPageFullWriteVariable(unsigned short, unsigned short)
 .text._ZN11EEPROMClassC2Ev
                0x08002f74       0x20 C:\Users\XM\AppData\Local\Temp\arduino\sketches\395DA6E57F2FD801FDA8B66AD49E8E4E\libraries\EEPROM\EEPROM.cpp.o
                0x08002f74                EEPROMClass::EEPROMClass()
                0x08002f74                EEPROMClass::EEPROMClass()
 .text._ZN11EEPROMClass6formatEv
                0x08002f94       0x40 C:\Users\XM\AppData\Local\Temp\arduino\sketches\395DA6E57F2FD801FDA8B66AD49E8E4E\libraries\EEPROM\EEPROM.cpp.o
                0x08002f94                EEPROMClass::format()
 .text._ZN11EEPROMClass4initEv
                0x08002fd4       0xbe C:\Users\XM\AppData\Local\Temp\arduino\sketches\395DA6E57F2FD801FDA8B66AD49E8E4E\libraries\EEPROM\EEPROM.cpp.o
                0x08002fd4                EEPROMClass::init()
 .text._ZN11EEPROMClass4initEmmm
                0x08003092       0x12 C:\Users\XM\AppData\Local\Temp\arduino\sketches\395DA6E57F2FD801FDA8B66AD49E8E4E\libraries\EEPROM\EEPROM.cpp.o
                0x08003092                EEPROMClass::init(unsigned long, unsigned long, unsigned long)
 .text._ZN11EEPROMClass4readEtPt
                0x080030a4       0x52 C:\Users\XM\AppData\Local\Temp\arduino\sketches\395DA6E57F2FD801FDA8B66AD49E8E4E\libraries\EEPROM\EEPROM.cpp.o
                0x080030a4                EEPROMClass::read(unsigned short, unsigned short*)
 .text._ZN11EEPROMClass4readEt
                0x080030f6       0x14 C:\Users\XM\AppData\Local\Temp\arduino\sketches\395DA6E57F2FD801FDA8B66AD49E8E4E\libraries\EEPROM\EEPROM.cpp.o
                0x080030f6                EEPROMClass::read(unsigned short)
 .text._ZN11EEPROMClass5writeEtt
                0x0800310a       0x32 C:\Users\XM\AppData\Local\Temp\arduino\sketches\395DA6E57F2FD801FDA8B66AD49E8E4E\libraries\EEPROM\EEPROM.cpp.o
                0x0800310a                EEPROMClass::write(unsigned short, unsigned short)
 .text.startup._GLOBAL__sub_I__ZN11EEPROMClass12EE_CheckPageEmt
                0x0800313c        0xc C:\Users\XM\AppData\Local\Temp\arduino\sketches\395DA6E57F2FD801FDA8B66AD49E8E4E\libraries\EEPROM\EEPROM.cpp.o
 .text.FLASH_GetStatus
                0x08003148       0x34 C:\Users\XM\AppData\Local\Temp\arduino\sketches\395DA6E57F2FD801FDA8B66AD49E8E4E\libraries\EEPROM\flash_stm32.c.o
                0x08003148                FLASH_GetStatus
 .text.FLASH_WaitForLastOperation
                0x0800317c       0x38 C:\Users\XM\AppData\Local\Temp\arduino\sketches\395DA6E57F2FD801FDA8B66AD49E8E4E\libraries\EEPROM\flash_stm32.c.o
                0x0800317c                FLASH_WaitForLastOperation
 .text.FLASH_ErasePage
                0x080031b4       0x44 C:\Users\XM\AppData\Local\Temp\arduino\sketches\395DA6E57F2FD801FDA8B66AD49E8E4E\libraries\EEPROM\flash_stm32.c.o
                0x080031b4                FLASH_ErasePage
 .text.FLASH_ProgramHalfWord
                0x080031f8       0x4c C:\Users\XM\AppData\Local\Temp\arduino\sketches\395DA6E57F2FD801FDA8B66AD49E8E4E\libraries\EEPROM\flash_stm32.c.o
                0x080031f8                FLASH_ProgramHalfWord
 .text.FLASH_Unlock
                0x08003244       0x18 C:\Users\XM\AppData\Local\Temp\arduino\sketches\395DA6E57F2FD801FDA8B66AD49E8E4E\libraries\EEPROM\flash_stm32.c.o
                0x08003244                FLASH_Unlock
 .text._Z9boardInitv
                0x0800325c        0x2 C:\Users\XM\AppData\Local\Temp\arduino\sketches\395DA6E57F2FD801FDA8B66AD49E8E4E\core\board.cpp.o
                0x0800325c                boardInit()
 *fill*         0x0800325e        0x2 
 .text.startup._GLOBAL__sub_I__Z9boardInitv
                0x08003260       0x48 C:\Users\XM\AppData\Local\Temp\arduino\sketches\395DA6E57F2FD801FDA8B66AD49E8E4E\core\board.cpp.o
 .text._ZL18adc_default_configP7adc_dev
                0x080032a8       0x1c C:\Users\XM\AppData\Local\Temp\arduino\sketches\395DA6E57F2FD801FDA8B66AD49E8E4E\core\wirish\boards.cpp.o
 .text._ZL20timer_default_configP9timer_dev
                0x080032c4       0xa8 C:\Users\XM\AppData\Local\Temp\arduino\sketches\395DA6E57F2FD801FDA8B66AD49E8E4E\core\wirish\boards.cpp.o
 .text._Z4initv
                0x0800336c       0xbc C:\Users\XM\AppData\Local\Temp\arduino\sketches\395DA6E57F2FD801FDA8B66AD49E8E4E\core\wirish\boards.cpp.o
                0x0800336c                init()
 .text._ZN6wirish4priv15board_reset_pllEv
                0x08003428        0x2 C:\Users\XM\AppData\Local\Temp\arduino\sketches\395DA6E57F2FD801FDA8B66AD49E8E4E\core\wirish\boards_setup.cpp.o
                0x08003428                wirish::priv::board_reset_pll()
 .text._ZN6wirish4priv28board_setup_clock_prescalersEv
                0x0800342a       0x2e C:\Users\XM\AppData\Local\Temp\arduino\sketches\395DA6E57F2FD801FDA8B66AD49E8E4E\core\wirish\boards_setup.cpp.o
                0x0800342a                wirish::priv::board_setup_clock_prescalers()
 .text._ZN6wirish4priv16board_setup_gpioEv
                0x08003458        0x4 C:\Users\XM\AppData\Local\Temp\arduino\sketches\395DA6E57F2FD801FDA8B66AD49E8E4E\core\wirish\boards_setup.cpp.o
                0x08003458                wirish::priv::board_setup_gpio()
 .text._ZN6wirish4priv15board_setup_usbEv
                0x0800345c       0x50 C:\Users\XM\AppData\Local\Temp\arduino\sketches\395DA6E57F2FD801FDA8B66AD49E8E4E\core\wirish\boards_setup.cpp.o
                0x0800345c                wirish::priv::board_setup_usb()
 .text._ZN6wirish4priv11series_initEv
                0x080034ac        0x4 C:\Users\XM\AppData\Local\Temp\arduino\sketches\395DA6E57F2FD801FDA8B66AD49E8E4E\core\wirish\boards_setup.cpp.o
                0x080034ac                wirish::priv::series_init()
 .text          0x080034b0       0x10 C:\Users\XM\AppData\Local\Temp\arduino\sketches\395DA6E57F2FD801FDA8B66AD49E8E4E\core\wirish\start.S.o
                0x080034b0                __start__
 .text.start_c  0x080034c0       0x54 C:\Users\XM\AppData\Local\Temp\arduino\sketches\395DA6E57F2FD801FDA8B66AD49E8E4E\core\wirish\start_c.c.o
                0x080034c0                start_c
 .text._sbrk    0x08003514       0x44 C:\Users\XM\AppData\Local\Temp\arduino\sketches\395DA6E57F2FD801FDA8B66AD49E8E4E\core\wirish\syscalls.c.o
                0x08003514                _sbrk
 .text.rb_full_count
                0x08003558       0x18 C:\Users\XM\AppData\Local\Temp\arduino\cores\a07b3106cc46d6f37e3fd6090b0412ab\core.a(HardwareSerial.cpp.o)
 .text._ZN14HardwareSerial4readEv
                0x08003570       0x38 C:\Users\XM\AppData\Local\Temp\arduino\cores\a07b3106cc46d6f37e3fd6090b0412ab\core.a(HardwareSerial.cpp.o)
                0x08003570                HardwareSerial::read()
 .text._ZN14HardwareSerial9availableEv
                0x080035a8        0xc C:\Users\XM\AppData\Local\Temp\arduino\cores\a07b3106cc46d6f37e3fd6090b0412ab\core.a(HardwareSerial.cpp.o)
                0x080035a8                HardwareSerial::available()
 .text._ZN14HardwareSerial4peekEv
                0x080035b4       0x20 C:\Users\XM\AppData\Local\Temp\arduino\cores\a07b3106cc46d6f37e3fd6090b0412ab\core.a(HardwareSerial.cpp.o)
                0x080035b4                HardwareSerial::peek()
 .text._ZN14HardwareSerial5flushEv
                0x080035d4       0x18 C:\Users\XM\AppData\Local\Temp\arduino\cores\a07b3106cc46d6f37e3fd6090b0412ab\core.a(HardwareSerial.cpp.o)
                0x080035d4                HardwareSerial::flush()
 .text._ZN14HardwareSerial5writeEh
                0x080035ec       0x1e C:\Users\XM\AppData\Local\Temp\arduino\cores\a07b3106cc46d6f37e3fd6090b0412ab\core.a(HardwareSerial.cpp.o)
                0x080035ec                HardwareSerial::write(unsigned char)
 *fill*         0x0800360a        0x2 
 .text._ZN14HardwareSerialC2EP9usart_devhh
                0x0800360c       0x20 C:\Users\XM\AppData\Local\Temp\arduino\cores\a07b3106cc46d6f37e3fd6090b0412ab\core.a(HardwareSerial.cpp.o)
                0x0800360c                HardwareSerial::HardwareSerial(usart_dev*, unsigned char, unsigned char)
                0x0800360c                HardwareSerial::HardwareSerial(usart_dev*, unsigned char, unsigned char)
 .text._ZN14HardwareSerial5beginEmh
                0x0800362c       0x68 C:\Users\XM\AppData\Local\Temp\arduino\cores\a07b3106cc46d6f37e3fd6090b0412ab\core.a(HardwareSerial.cpp.o)
                0x0800362c                HardwareSerial::begin(unsigned long, unsigned char)
 .text._ZN14HardwareSerial5beginEm
                0x08003694        0x6 C:\Users\XM\AppData\Local\Temp\arduino\cores\a07b3106cc46d6f37e3fd6090b0412ab\core.a(HardwareSerial.cpp.o)
                0x08003694                HardwareSerial::begin(unsigned long)
 .text._ZN5Print5writeEPKvm
                0x0800369a       0x20 C:\Users\XM\AppData\Local\Temp\arduino\cores\a07b3106cc46d6f37e3fd6090b0412ab\core.a(Print.cpp.o)
                0x0800369a                Print::write(void const*, unsigned long)
 .text._ZN5Print5writeEPKc
                0x080036ba       0x20 C:\Users\XM\AppData\Local\Temp\arduino\cores\a07b3106cc46d6f37e3fd6090b0412ab\core.a(Print.cpp.o)
                0x080036ba                Print::write(char const*)
 .text._ZN5Print5printEc
                0x080036da        0x6 C:\Users\XM\AppData\Local\Temp\arduino\cores\a07b3106cc46d6f37e3fd6090b0412ab\core.a(Print.cpp.o)
                0x080036da                Print::print(char)
 .text._ZN5Print5printEPKc
                0x080036e0        0x6 C:\Users\XM\AppData\Local\Temp\arduino\cores\a07b3106cc46d6f37e3fd6090b0412ab\core.a(Print.cpp.o)
                0x080036e0                Print::print(char const*)
 .text._ZN5Print7printlnEv
                0x080036e6       0x18 C:\Users\XM\AppData\Local\Temp\arduino\cores\a07b3106cc46d6f37e3fd6090b0412ab\core.a(Print.cpp.o)
                0x080036e6                Print::println()
 .text._ZN5Print7printlnEPKc
                0x080036fe       0x14 C:\Users\XM\AppData\Local\Temp\arduino\cores\a07b3106cc46d6f37e3fd6090b0412ab\core.a(Print.cpp.o)
                0x080036fe                Print::println(char const*)
 .text._ZN5Print11printNumberEyh
                0x08003712       0x6c C:\Users\XM\AppData\Local\Temp\arduino\cores\a07b3106cc46d6f37e3fd6090b0412ab\core.a(Print.cpp.o)
                0x08003712                Print::printNumber(unsigned long long, unsigned char)
 .text._ZN5Print5printExi
                0x0800377e       0x32 C:\Users\XM\AppData\Local\Temp\arduino\cores\a07b3106cc46d6f37e3fd6090b0412ab\core.a(Print.cpp.o)
                0x0800377e                Print::print(long long, int)
 .text._ZN5Print5printEii
                0x080037b0       0x12 C:\Users\XM\AppData\Local\Temp\arduino\cores\a07b3106cc46d6f37e3fd6090b0412ab\core.a(Print.cpp.o)
                0x080037b0                Print::print(int, int)
 .text._ZN5Print7printlnEii
                0x080037c2       0x14 C:\Users\XM\AppData\Local\Temp\arduino\cores\a07b3106cc46d6f37e3fd6090b0412ab\core.a(Print.cpp.o)
                0x080037c2                Print::println(int, int)
 .text._ZN5Print5printEhi
                0x080037d6       0x14 C:\Users\XM\AppData\Local\Temp\arduino\cores\a07b3106cc46d6f37e3fd6090b0412ab\core.a(Print.cpp.o)
                0x080037d6                Print::print(unsigned char, int)
 .text.adc_init
                0x080037ea       0x14 C:\Users\XM\AppData\Local\Temp\arduino\cores\a07b3106cc46d6f37e3fd6090b0412ab\core.a(adc.c.o)
                0x080037ea                adc_init
 .text.adc_set_extsel
                0x080037fe       0x12 C:\Users\XM\AppData\Local\Temp\arduino\cores\a07b3106cc46d6f37e3fd6090b0412ab\core.a(adc.c.o)
                0x080037fe                adc_set_extsel
 .text.adc_set_sample_rate
                0x08003810       0x2a C:\Users\XM\AppData\Local\Temp\arduino\cores\a07b3106cc46d6f37e3fd6090b0412ab\core.a(adc.c.o)
                0x08003810                adc_set_sample_rate
 *fill*         0x0800383a        0x2 
 .text.__irq_adc
                0x0800383c       0x54 C:\Users\XM\AppData\Local\Temp\arduino\cores\a07b3106cc46d6f37e3fd6090b0412ab\core.a(adc_f1.c.o)
                0x0800383c                __irq_adc
 .text.adc_calibrate
                0x08003890       0x24 C:\Users\XM\AppData\Local\Temp\arduino\cores\a07b3106cc46d6f37e3fd6090b0412ab\core.a(adc_f1.c.o)
                0x08003890                adc_calibrate
 .text.adc_set_prescaler
                0x080038b4        0x8 C:\Users\XM\AppData\Local\Temp\arduino\cores\a07b3106cc46d6f37e3fd6090b0412ab\core.a(adc_f1.c.o)
                0x080038b4                adc_set_prescaler
 .text.adc_foreach
                0x080038bc       0x20 C:\Users\XM\AppData\Local\Temp\arduino\cores\a07b3106cc46d6f37e3fd6090b0412ab\core.a(adc_f1.c.o)
                0x080038bc                adc_foreach
 .text.adc_enable_single_swstart
                0x080038dc       0x36 C:\Users\XM\AppData\Local\Temp\arduino\cores\a07b3106cc46d6f37e3fd6090b0412ab\core.a(adc_f1.c.o)
                0x080038dc                adc_enable_single_swstart
 .text.dma_irq_handler
                0x08003912       0x1a C:\Users\XM\AppData\Local\Temp\arduino\cores\a07b3106cc46d6f37e3fd6090b0412ab\core.a(dma_f1.c.o)
 .text.__irq_dma1_channel1
                0x0800392c       0x10 C:\Users\XM\AppData\Local\Temp\arduino\cores\a07b3106cc46d6f37e3fd6090b0412ab\core.a(dma_f1.c.o)
                0x0800392c                __irq_dma1_channel1
 .text.__irq_dma1_channel2
                0x0800393c       0x10 C:\Users\XM\AppData\Local\Temp\arduino\cores\a07b3106cc46d6f37e3fd6090b0412ab\core.a(dma_f1.c.o)
                0x0800393c                __irq_dma1_channel2
 .text.__irq_dma1_channel3
                0x0800394c       0x10 C:\Users\XM\AppData\Local\Temp\arduino\cores\a07b3106cc46d6f37e3fd6090b0412ab\core.a(dma_f1.c.o)
                0x0800394c                __irq_dma1_channel3
 .text.__irq_dma1_channel4
                0x0800395c       0x10 C:\Users\XM\AppData\Local\Temp\arduino\cores\a07b3106cc46d6f37e3fd6090b0412ab\core.a(dma_f1.c.o)
                0x0800395c                __irq_dma1_channel4
 .text.__irq_dma1_channel5
                0x0800396c       0x10 C:\Users\XM\AppData\Local\Temp\arduino\cores\a07b3106cc46d6f37e3fd6090b0412ab\core.a(dma_f1.c.o)
                0x0800396c                __irq_dma1_channel5
 .text.__irq_dma1_channel6
                0x0800397c       0x10 C:\Users\XM\AppData\Local\Temp\arduino\cores\a07b3106cc46d6f37e3fd6090b0412ab\core.a(dma_f1.c.o)
                0x0800397c                __irq_dma1_channel6
 .text.__irq_dma1_channel7
                0x0800398c       0x10 C:\Users\XM\AppData\Local\Temp\arduino\cores\a07b3106cc46d6f37e3fd6090b0412ab\core.a(dma_f1.c.o)
                0x0800398c                __irq_dma1_channel7
 *fill*         0x0800399c        0x4 
 .text          0x080039a0       0x54 C:\Users\XM\AppData\Local\Temp\arduino\cores\a07b3106cc46d6f37e3fd6090b0412ab\core.a(exc.S.o)
                0x080039a0                __exc_nmi
                0x080039a4                __exc_hardfault
                0x080039a8                __exc_memmanage
                0x080039ac                __exc_busfault
                0x080039b0                __exc_usagefault
 .text.dispatch_single_exti
                0x080039f4       0x2c C:\Users\XM\AppData\Local\Temp\arduino\cores\a07b3106cc46d6f37e3fd6090b0412ab\core.a(exti.c.o)
                0x080039f4                dispatch_single_exti
 .text.dispatch_extis
                0x08003a20       0x4c C:\Users\XM\AppData\Local\Temp\arduino\cores\a07b3106cc46d6f37e3fd6090b0412ab\core.a(exti.c.o)
                0x08003a20                dispatch_extis
 .text.__irq_exti0
                0x08003a6c        0x6 C:\Users\XM\AppData\Local\Temp\arduino\cores\a07b3106cc46d6f37e3fd6090b0412ab\core.a(exti.c.o)
                0x08003a6c                __irq_exti0
 .text.__irq_exti1
                0x08003a72        0x6 C:\Users\XM\AppData\Local\Temp\arduino\cores\a07b3106cc46d6f37e3fd6090b0412ab\core.a(exti.c.o)
                0x08003a72                __irq_exti1
 .text.__irq_exti2
                0x08003a78        0x6 C:\Users\XM\AppData\Local\Temp\arduino\cores\a07b3106cc46d6f37e3fd6090b0412ab\core.a(exti.c.o)
                0x08003a78                __irq_exti2
 .text.__irq_exti3
                0x08003a7e        0x6 C:\Users\XM\AppData\Local\Temp\arduino\cores\a07b3106cc46d6f37e3fd6090b0412ab\core.a(exti.c.o)
                0x08003a7e                __irq_exti3
 .text.__irq_exti4
                0x08003a84        0x6 C:\Users\XM\AppData\Local\Temp\arduino\cores\a07b3106cc46d6f37e3fd6090b0412ab\core.a(exti.c.o)
                0x08003a84                __irq_exti4
 .text.__irq_exti9_5
                0x08003a8a        0x8 C:\Users\XM\AppData\Local\Temp\arduino\cores\a07b3106cc46d6f37e3fd6090b0412ab\core.a(exti.c.o)
                0x08003a8a                __irq_exti9_5
 .text.__irq_exti15_10
                0x08003a92        0x8 C:\Users\XM\AppData\Local\Temp\arduino\cores\a07b3106cc46d6f37e3fd6090b0412ab\core.a(exti.c.o)
                0x08003a92                __irq_exti15_10
 *fill*         0x08003a9a        0x2 
 .text.flash_set_latency
                0x08003a9c       0x14 C:\Users\XM\AppData\Local\Temp\arduino\cores\a07b3106cc46d6f37e3fd6090b0412ab\core.a(flash.c.o)
                0x08003a9c                flash_set_latency
 .text.gpio_init_all
                0x08003ab0       0x30 C:\Users\XM\AppData\Local\Temp\arduino\cores\a07b3106cc46d6f37e3fd6090b0412ab\core.a(gpio_f1.c.o)
                0x08003ab0                gpio_init_all
 .text.gpio_set_mode
                0x08003ae0       0x4e C:\Users\XM\AppData\Local\Temp\arduino\cores\a07b3106cc46d6f37e3fd6090b0412ab\core.a(gpio_f1.c.o)
                0x08003ae0                gpio_set_mode
 .text.afio_init
                0x08003b2e       0x12 C:\Users\XM\AppData\Local\Temp\arduino\cores\a07b3106cc46d6f37e3fd6090b0412ab\core.a(gpio_f1.c.o)
                0x08003b2e                afio_init
 .text.afio_remap
                0x08003b40       0x20 C:\Users\XM\AppData\Local\Temp\arduino\cores\a07b3106cc46d6f37e3fd6090b0412ab\core.a(gpio_f1.c.o)
                0x08003b40                afio_remap
 .text.__irq_i2c1_ev
                0x08003b60        0xc C:\Users\XM\AppData\Local\Temp\arduino\cores\a07b3106cc46d6f37e3fd6090b0412ab\core.a(i2c_f1.c.o)
                0x08003b60                __irq_i2c1_ev
 .text.__irq_i2c2_ev
                0x08003b6c        0xc C:\Users\XM\AppData\Local\Temp\arduino\cores\a07b3106cc46d6f37e3fd6090b0412ab\core.a(i2c_f1.c.o)
                0x08003b6c                __irq_i2c2_ev
 .text.__irq_i2c1_er
                0x08003b78        0xc C:\Users\XM\AppData\Local\Temp\arduino\cores\a07b3106cc46d6f37e3fd6090b0412ab\core.a(i2c_f1.c.o)
                0x08003b78                __irq_i2c1_er
 .text.__irq_i2c2_er
                0x08003b84        0xc C:\Users\XM\AppData\Local\Temp\arduino\cores\a07b3106cc46d6f37e3fd6090b0412ab\core.a(i2c_f1.c.o)
                0x08003b84                __irq_i2c2_er
 .text.nvic_irq_set_priority
                0x08003b90       0x28 C:\Users\XM\AppData\Local\Temp\arduino\cores\a07b3106cc46d6f37e3fd6090b0412ab\core.a(nvic.c.o)
                0x08003b90                nvic_irq_set_priority
 .text.nvic_init
                0x08003bb8       0x2c C:\Users\XM\AppData\Local\Temp\arduino\cores\a07b3106cc46d6f37e3fd6090b0412ab\core.a(nvic.c.o)
                0x08003bb8                nvic_init
 .text.nvic_sys_reset
                0x08003be4       0x1c C:\Users\XM\AppData\Local\Temp\arduino\cores\a07b3106cc46d6f37e3fd6090b0412ab\core.a(nvic.c.o)
                0x08003be4                nvic_sys_reset
 .text.rcc_dev_clk
                0x08003c00        0xc C:\Users\XM\AppData\Local\Temp\arduino\cores\a07b3106cc46d6f37e3fd6090b0412ab\core.a(rcc.c.o)
                0x08003c00                rcc_dev_clk
 .text.rcc_switch_sysclk
                0x08003c0c       0x20 C:\Users\XM\AppData\Local\Temp\arduino\cores\a07b3106cc46d6f37e3fd6090b0412ab\core.a(rcc.c.o)
                0x08003c0c                rcc_switch_sysclk
 .text.rcc_turn_on_clk
                0x08003c2c       0x18 C:\Users\XM\AppData\Local\Temp\arduino\cores\a07b3106cc46d6f37e3fd6090b0412ab\core.a(rcc.c.o)
                0x08003c2c                rcc_turn_on_clk
 .text.rcc_turn_off_clk
                0x08003c44       0x1c C:\Users\XM\AppData\Local\Temp\arduino\cores\a07b3106cc46d6f37e3fd6090b0412ab\core.a(rcc.c.o)
                0x08003c44                rcc_turn_off_clk
 .text.rcc_is_clk_ready
                0x08003c60       0x18 C:\Users\XM\AppData\Local\Temp\arduino\cores\a07b3106cc46d6f37e3fd6090b0412ab\core.a(rcc.c.o)
                0x08003c60                rcc_is_clk_ready
 .text.rcc_configure_pll
                0x08003c78       0x1c C:\Users\XM\AppData\Local\Temp\arduino\cores\a07b3106cc46d6f37e3fd6090b0412ab\core.a(rcc_f1.c.o)
                0x08003c78                rcc_configure_pll
 .text.rcc_clk_enable
                0x08003c94       0x30 C:\Users\XM\AppData\Local\Temp\arduino\cores\a07b3106cc46d6f37e3fd6090b0412ab\core.a(rcc_f1.c.o)
                0x08003c94                rcc_clk_enable
 .text.rcc_reset_dev
                0x08003cc4       0x34 C:\Users\XM\AppData\Local\Temp\arduino\cores\a07b3106cc46d6f37e3fd6090b0412ab\core.a(rcc_f1.c.o)
                0x08003cc4                rcc_reset_dev
 .text.rcc_set_prescaler
                0x08003cf8       0x20 C:\Users\XM\AppData\Local\Temp\arduino\cores\a07b3106cc46d6f37e3fd6090b0412ab\core.a(rcc_f1.c.o)
                0x08003cf8                rcc_set_prescaler
 .text.rcc_clk_disable
                0x08003d18       0x30 C:\Users\XM\AppData\Local\Temp\arduino\cores\a07b3106cc46d6f37e3fd6090b0412ab\core.a(rcc_f1.c.o)
                0x08003d18                rcc_clk_disable
 .text          0x08003d48        0x2 C:\Users\XM\AppData\Local\Temp\arduino\cores\a07b3106cc46d6f37e3fd6090b0412ab\core.a(isrs.S.o)
                0x08003d48                __stm32reservedexception9
                0x08003d48                __exc_debug_monitor
                0x08003d48                __exc_svc
                0x08003d48                __irq_can_rx1
                0x08003d48                __irq_spi2
                0x08003d48                __irq_can_sce
                0x08003d48                __irq_pvd
                0x08003d48                __irq_tamper
                0x08003d48                __default_handler
                0x08003d48                __irq_wwdg
                0x08003d48                __stm32reservedexception10
                0x08003d48                __irq_flash
                0x08003d48                __stm32reservedexception13
                0x08003d48                __irq_rtc
                0x08003d48                __irq_spi1
                0x08003d48                __stm32reservedexception7
                0x08003d48                __irq_rtcalarm
                0x08003d48                __stm32reservedexception8
                0x08003d48                __exc_pendsv
                0x08003d48                __irq_usbwakeup
                0x08003d48                __irq_rcc
 *fill*         0x08003d4a        0x2 
 .text.systick_init
                0x08003d4c       0x10 C:\Users\XM\AppData\Local\Temp\arduino\cores\a07b3106cc46d6f37e3fd6090b0412ab\core.a(systick.c.o)
                0x08003d4c                systick_init
 .text.__exc_systick
                0x08003d5c       0x1c C:\Users\XM\AppData\Local\Temp\arduino\cores\a07b3106cc46d6f37e3fd6090b0412ab\core.a(systick.c.o)
                0x08003d5c                __exc_systick
 .text.timer_oc_set_mode
                0x08003d78       0x32 C:\Users\XM\AppData\Local\Temp\arduino\cores\a07b3106cc46d6f37e3fd6090b0412ab\core.a(timer.c.o)
 .text.dispatch_general
                0x08003daa       0x66 C:\Users\XM\AppData\Local\Temp\arduino\cores\a07b3106cc46d6f37e3fd6090b0412ab\core.a(timer.c.o)
 .text.timer_cc_enable
                0x08003e10       0x1c C:\Users\XM\AppData\Local\Temp\arduino\cores\a07b3106cc46d6f37e3fd6090b0412ab\core.a(timer.c.o)
 .text.timer_foreach
                0x08003e2c       0x2c C:\Users\XM\AppData\Local\Temp\arduino\cores\a07b3106cc46d6f37e3fd6090b0412ab\core.a(timer.c.o)
                0x08003e2c                timer_foreach
 .text.timer_init
                0x08003e58       0x14 C:\Users\XM\AppData\Local\Temp\arduino\cores\a07b3106cc46d6f37e3fd6090b0412ab\core.a(timer.c.o)
                0x08003e58                timer_init
 .text.timer_has_cc_channel
                0x08003e6c       0x30 C:\Users\XM\AppData\Local\Temp\arduino\cores\a07b3106cc46d6f37e3fd6090b0412ab\core.a(timer.c.o)
                0x08003e6c                timer_has_cc_channel
 .text.timer_detach_interrupt
                0x08003e9c       0x1e C:\Users\XM\AppData\Local\Temp\arduino\cores\a07b3106cc46d6f37e3fd6090b0412ab\core.a(timer.c.o)
                0x08003e9c                timer_detach_interrupt
 .text.input_capture_mode
                0x08003eba       0x1a C:\Users\XM\AppData\Local\Temp\arduino\cores\a07b3106cc46d6f37e3fd6090b0412ab\core.a(timer.c.o)
                0x08003eba                input_capture_mode
 .text.timer_set_mode
                0x08003ed4       0x8e C:\Users\XM\AppData\Local\Temp\arduino\cores\a07b3106cc46d6f37e3fd6090b0412ab\core.a(timer.c.o)
                0x08003ed4                timer_set_mode
 *fill*         0x08003f62        0x2 
 .text.__irq_tim1_brk
                0x08003f64       0x24 C:\Users\XM\AppData\Local\Temp\arduino\cores\a07b3106cc46d6f37e3fd6090b0412ab\core.a(timer.c.o)
                0x08003f64                __irq_tim1_brk
 .text.__irq_tim1_up
                0x08003f88       0x24 C:\Users\XM\AppData\Local\Temp\arduino\cores\a07b3106cc46d6f37e3fd6090b0412ab\core.a(timer.c.o)
                0x08003f88                __irq_tim1_up
 .text.__irq_tim1_trg_com
                0x08003fac       0x34 C:\Users\XM\AppData\Local\Temp\arduino\cores\a07b3106cc46d6f37e3fd6090b0412ab\core.a(timer.c.o)
                0x08003fac                __irq_tim1_trg_com
 .text.__irq_tim1_cc
                0x08003fe0       0x50 C:\Users\XM\AppData\Local\Temp\arduino\cores\a07b3106cc46d6f37e3fd6090b0412ab\core.a(timer.c.o)
                0x08003fe0                __irq_tim1_cc
 .text.__irq_tim2
                0x08004030        0xc C:\Users\XM\AppData\Local\Temp\arduino\cores\a07b3106cc46d6f37e3fd6090b0412ab\core.a(timer.c.o)
                0x08004030                __irq_tim2
 .text.__irq_tim3
                0x0800403c        0xc C:\Users\XM\AppData\Local\Temp\arduino\cores\a07b3106cc46d6f37e3fd6090b0412ab\core.a(timer.c.o)
                0x0800403c                __irq_tim3
 .text.__irq_tim4
                0x08004048        0xc C:\Users\XM\AppData\Local\Temp\arduino\cores\a07b3106cc46d6f37e3fd6090b0412ab\core.a(timer.c.o)
                0x08004048                __irq_tim4
 .text.usart_init
                0x08004054       0x4c C:\Users\XM\AppData\Local\Temp\arduino\cores\a07b3106cc46d6f37e3fd6090b0412ab\core.a(usart.c.o)
                0x08004054                usart_init
 .text.usart_enable
                0x080040a0       0x14 C:\Users\XM\AppData\Local\Temp\arduino\cores\a07b3106cc46d6f37e3fd6090b0412ab\core.a(usart.c.o)
                0x080040a0                usart_enable
 .text.usart_tx
                0x080040b4       0x8e C:\Users\XM\AppData\Local\Temp\arduino\cores\a07b3106cc46d6f37e3fd6090b0412ab\core.a(usart.c.o)
                0x080040b4                usart_tx
 .text.usart_irq
                0x08004142       0xb4 C:\Users\XM\AppData\Local\Temp\arduino\cores\a07b3106cc46d6f37e3fd6090b0412ab\core.a(usart_f1.c.o)
 .text.usart_config_gpios_async
                0x080041f6       0x4a C:\Users\XM\AppData\Local\Temp\arduino\cores\a07b3106cc46d6f37e3fd6090b0412ab\core.a(usart_f1.c.o)
                0x080041f6                usart_config_gpios_async
 .text.usart_set_baud_rate
                0x08004240       0x3a C:\Users\XM\AppData\Local\Temp\arduino\cores\a07b3106cc46d6f37e3fd6090b0412ab\core.a(usart_f1.c.o)
                0x08004240                usart_set_baud_rate
 *fill*         0x0800427a        0x2 
 .text.__irq_usart1
                0x0800427c       0x18 C:\Users\XM\AppData\Local\Temp\arduino\cores\a07b3106cc46d6f37e3fd6090b0412ab\core.a(usart_f1.c.o)
                0x0800427c                __irq_usart1
 .text.__irq_usart2
                0x08004294       0x18 C:\Users\XM\AppData\Local\Temp\arduino\cores\a07b3106cc46d6f37e3fd6090b0412ab\core.a(usart_f1.c.o)
                0x08004294                __irq_usart2
 .text.__irq_usart3
                0x080042ac       0x18 C:\Users\XM\AppData\Local\Temp\arduino\cores\a07b3106cc46d6f37e3fd6090b0412ab\core.a(usart_f1.c.o)
                0x080042ac                __irq_usart3
 .text._usart_clock_freq
                0x080042c4       0x24 C:\Users\XM\AppData\Local\Temp\arduino\cores\a07b3106cc46d6f37e3fd6090b0412ab\core.a(usart_private.c.o)
                0x080042c4                _usart_clock_freq
 .text.set_rx_tx_status0
                0x080042e8       0x30 C:\Users\XM\AppData\Local\Temp\arduino\cores\a07b3106cc46d6f37e3fd6090b0412ab\core.a(usb.c.o)
 .text.usb_resume
                0x08004318       0xb0 C:\Users\XM\AppData\Local\Temp\arduino\cores\a07b3106cc46d6f37e3fd6090b0412ab\core.a(usb.c.o)
 .text.usb_init_usblib
                0x080043c8       0x48 C:\Users\XM\AppData\Local\Temp\arduino\cores\a07b3106cc46d6f37e3fd6090b0412ab\core.a(usb.c.o)
                0x080043c8                usb_init_usblib
 .text.USB_HP_CAN_TX_IRQHandler
                0x08004410        0x2 C:\Users\XM\AppData\Local\Temp\arduino\cores\a07b3106cc46d6f37e3fd6090b0412ab\core.a(usb.c.o)
                0x08004410                USB_HP_CAN_TX_IRQHandler
 .text.__irq_usb_hp_can_tx
                0x08004412        0x8 C:\Users\XM\AppData\Local\Temp\arduino\cores\a07b3106cc46d6f37e3fd6090b0412ab\core.a(usb.c.o)
                0x08004412                __irq_usb_hp_can_tx
 .text.CAN_RX0_IRQ_Handler
                0x0800441a        0x4 C:\Users\XM\AppData\Local\Temp\arduino\cores\a07b3106cc46d6f37e3fd6090b0412ab\core.a(usb.c.o)
                0x0800441a                CAN_RX0_IRQ_Handler
 *fill*         0x0800441e        0x2 
 .text.__irq_usb_lp_can_rx0
                0x08004420      0x194 C:\Users\XM\AppData\Local\Temp\arduino\cores\a07b3106cc46d6f37e3fd6090b0412ab\core.a(usb.c.o)
                0x08004420                __irq_usb_lp_can_rx0
 .text.usb_set_ep_rx_stat
                0x080045b4       0x22 C:\Users\XM\AppData\Local\Temp\arduino\cores\a07b3106cc46d6f37e3fd6090b0412ab\core.a(usb_cdcacm.c.o)
 *fill*         0x080045d6        0x2 
 .text.vcomGetSetLineCoding
                0x080045d8       0x18 C:\Users\XM\AppData\Local\Temp\arduino\cores\a07b3106cc46d6f37e3fd6090b0412ab\core.a(usb_cdcacm.c.o)
 .text.usbInit  0x080045f0       0x44 C:\Users\XM\AppData\Local\Temp\arduino\cores\a07b3106cc46d6f37e3fd6090b0412ab\core.a(usb_cdcacm.c.o)
 .text.usbNoDataSetup
                0x08004634       0x50 C:\Users\XM\AppData\Local\Temp\arduino\cores\a07b3106cc46d6f37e3fd6090b0412ab\core.a(usb_cdcacm.c.o)
 .text.usbGetInterfaceSetting
                0x08004684       0x10 C:\Users\XM\AppData\Local\Temp\arduino\cores\a07b3106cc46d6f37e3fd6090b0412ab\core.a(usb_cdcacm.c.o)
 .text.usbSetConfiguration
                0x08004694       0x1c C:\Users\XM\AppData\Local\Temp\arduino\cores\a07b3106cc46d6f37e3fd6090b0412ab\core.a(usb_cdcacm.c.o)
 .text.usbSetDeviceAddress
                0x080046b0       0x10 C:\Users\XM\AppData\Local\Temp\arduino\cores\a07b3106cc46d6f37e3fd6090b0412ab\core.a(usb_cdcacm.c.o)
 .text.usbGetStringDescriptor
                0x080046c0       0x20 C:\Users\XM\AppData\Local\Temp\arduino\cores\a07b3106cc46d6f37e3fd6090b0412ab\core.a(usb_cdcacm.c.o)
 .text.usbGetConfigDescriptor
                0x080046e0        0xc C:\Users\XM\AppData\Local\Temp\arduino\cores\a07b3106cc46d6f37e3fd6090b0412ab\core.a(usb_cdcacm.c.o)
 .text.usbGetDeviceDescriptor
                0x080046ec        0xc C:\Users\XM\AppData\Local\Temp\arduino\cores\a07b3106cc46d6f37e3fd6090b0412ab\core.a(usb_cdcacm.c.o)
 .text.usbDataSetup
                0x080046f8       0x54 C:\Users\XM\AppData\Local\Temp\arduino\cores\a07b3106cc46d6f37e3fd6090b0412ab\core.a(usb_cdcacm.c.o)
 .text.vcomDataRxCb
                0x0800474c       0x8c C:\Users\XM\AppData\Local\Temp\arduino\cores\a07b3106cc46d6f37e3fd6090b0412ab\core.a(usb_cdcacm.c.o)
 .text.vcomDataTxCb
                0x080047d8       0xa0 C:\Users\XM\AppData\Local\Temp\arduino\cores\a07b3106cc46d6f37e3fd6090b0412ab\core.a(usb_cdcacm.c.o)
 .text.usb_cdcacm_tx.part.2
                0x08004878       0x54 C:\Users\XM\AppData\Local\Temp\arduino\cores\a07b3106cc46d6f37e3fd6090b0412ab\core.a(usb_cdcacm.c.o)
 .text.usbReset
                0x080048cc      0x15c C:\Users\XM\AppData\Local\Temp\arduino\cores\a07b3106cc46d6f37e3fd6090b0412ab\core.a(usb_cdcacm.c.o)
 .text.usb_cdcacm_set_hooks
                0x08004a28       0x1c C:\Users\XM\AppData\Local\Temp\arduino\cores\a07b3106cc46d6f37e3fd6090b0412ab\core.a(usb_cdcacm.c.o)
                0x08004a28                usb_cdcacm_set_hooks
 .text.usb_cdcacm_enable
                0x08004a44       0x34 C:\Users\XM\AppData\Local\Temp\arduino\cores\a07b3106cc46d6f37e3fd6090b0412ab\core.a(usb_cdcacm.c.o)
                0x08004a44                usb_cdcacm_enable
 .text.usb_cdcacm_tx
                0x08004a78        0xa C:\Users\XM\AppData\Local\Temp\arduino\cores\a07b3106cc46d6f37e3fd6090b0412ab\core.a(usb_cdcacm.c.o)
                0x08004a78                usb_cdcacm_tx
 *fill*         0x08004a82        0x2 
 .text.usb_cdcacm_data_available
                0x08004a84       0x18 C:\Users\XM\AppData\Local\Temp\arduino\cores\a07b3106cc46d6f37e3fd6090b0412ab\core.a(usb_cdcacm.c.o)
                0x08004a84                usb_cdcacm_data_available
 .text.usb_cdcacm_peek
                0x08004a9c       0x38 C:\Users\XM\AppData\Local\Temp\arduino\cores\a07b3106cc46d6f37e3fd6090b0412ab\core.a(usb_cdcacm.c.o)
                0x08004a9c                usb_cdcacm_peek
 .text.usb_cdcacm_rx
                0x08004ad4       0x34 C:\Users\XM\AppData\Local\Temp\arduino\cores\a07b3106cc46d6f37e3fd6090b0412ab\core.a(usb_cdcacm.c.o)
                0x08004ad4                usb_cdcacm_rx
 .text.usb_cdcacm_peek_ex
                0x08004b08       0x3c C:\Users\XM\AppData\Local\Temp\arduino\cores\a07b3106cc46d6f37e3fd6090b0412ab\core.a(usb_cdcacm.c.o)
                0x08004b08                usb_cdcacm_peek_ex
 .text.usb_cdcacm_get_dtr
                0x08004b44       0x10 C:\Users\XM\AppData\Local\Temp\arduino\cores\a07b3106cc46d6f37e3fd6090b0412ab\core.a(usb_cdcacm.c.o)
                0x08004b44                usb_cdcacm_get_dtr
 .text.usb_set_ep_rx_count
                0x08004b54       0x44 C:\Users\XM\AppData\Local\Temp\arduino\cores\a07b3106cc46d6f37e3fd6090b0412ab\core.a(usb_reg_map.c.o)
                0x08004b54                usb_set_ep_rx_count
 .text.Standard_GetConfiguration
                0x08004b98       0x24 C:\Users\XM\AppData\Local\Temp\arduino\cores\a07b3106cc46d6f37e3fd6090b0412ab\core.a(usb_core.c.o)
                0x08004b98                Standard_GetConfiguration
 .text.Standard_GetInterface
                0x08004bbc       0x24 C:\Users\XM\AppData\Local\Temp\arduino\cores\a07b3106cc46d6f37e3fd6090b0412ab\core.a(usb_core.c.o)
                0x08004bbc                Standard_GetInterface
 .text.Standard_GetStatus
                0x08004be0       0x88 C:\Users\XM\AppData\Local\Temp\arduino\cores\a07b3106cc46d6f37e3fd6090b0412ab\core.a(usb_core.c.o)
                0x08004be0                Standard_GetStatus
 .text.DataStageIn
                0x08004c68       0xac C:\Users\XM\AppData\Local\Temp\arduino\cores\a07b3106cc46d6f37e3fd6090b0412ab\core.a(usb_core.c.o)
 .text.Standard_SetConfiguration
                0x08004d14       0x38 C:\Users\XM\AppData\Local\Temp\arduino\cores\a07b3106cc46d6f37e3fd6090b0412ab\core.a(usb_core.c.o)
                0x08004d14                Standard_SetConfiguration
 .text.Standard_SetInterface
                0x08004d4c       0x4c C:\Users\XM\AppData\Local\Temp\arduino\cores\a07b3106cc46d6f37e3fd6090b0412ab\core.a(usb_core.c.o)
                0x08004d4c                Standard_SetInterface
 .text.Standard_ClearFeature
                0x08004d98       0xc4 C:\Users\XM\AppData\Local\Temp\arduino\cores\a07b3106cc46d6f37e3fd6090b0412ab\core.a(usb_core.c.o)
                0x08004d98                Standard_ClearFeature
 .text.Standard_SetEndPointFeature
                0x08004e5c       0x7c C:\Users\XM\AppData\Local\Temp\arduino\cores\a07b3106cc46d6f37e3fd6090b0412ab\core.a(usb_core.c.o)
                0x08004e5c                Standard_SetEndPointFeature
 .text.Standard_SetDeviceFeature
                0x08004ed8       0x24 C:\Users\XM\AppData\Local\Temp\arduino\cores\a07b3106cc46d6f37e3fd6090b0412ab\core.a(usb_core.c.o)
                0x08004ed8                Standard_SetDeviceFeature
 .text.Standard_GetDescriptorData
                0x08004efc       0x1c C:\Users\XM\AppData\Local\Temp\arduino\cores\a07b3106cc46d6f37e3fd6090b0412ab\core.a(usb_core.c.o)
                0x08004efc                Standard_GetDescriptorData
 .text.Post0_Process
                0x08004f18       0x40 C:\Users\XM\AppData\Local\Temp\arduino\cores\a07b3106cc46d6f37e3fd6090b0412ab\core.a(usb_core.c.o)
                0x08004f18                Post0_Process
 .text.Setup0_Process
                0x08004f58      0x2b8 C:\Users\XM\AppData\Local\Temp\arduino\cores\a07b3106cc46d6f37e3fd6090b0412ab\core.a(usb_core.c.o)
                0x08004f58                Setup0_Process
 .text.Out0_Process
                0x08005210       0xc0 C:\Users\XM\AppData\Local\Temp\arduino\cores\a07b3106cc46d6f37e3fd6090b0412ab\core.a(usb_core.c.o)
                0x08005210                Out0_Process
 .text.SetDeviceAddress
                0x080052d0       0x38 C:\Users\XM\AppData\Local\Temp\arduino\cores\a07b3106cc46d6f37e3fd6090b0412ab\core.a(usb_core.c.o)
                0x080052d0                SetDeviceAddress
 .text.In0_Process
                0x08005308       0x5c C:\Users\XM\AppData\Local\Temp\arduino\cores\a07b3106cc46d6f37e3fd6090b0412ab\core.a(usb_core.c.o)
                0x08005308                In0_Process
 .text.NOP_Process
                0x08005364        0x2 C:\Users\XM\AppData\Local\Temp\arduino\cores\a07b3106cc46d6f37e3fd6090b0412ab\core.a(usb_core.c.o)
                0x08005364                NOP_Process
 .text.UserToPMABufferCopy
                0x08005366       0x1e C:\Users\XM\AppData\Local\Temp\arduino\cores\a07b3106cc46d6f37e3fd6090b0412ab\core.a(usb_mem.c.o)
                0x08005366                UserToPMABufferCopy
 .text.PMAToUserBufferCopy
                0x08005384       0x32 C:\Users\XM\AppData\Local\Temp\arduino\cores\a07b3106cc46d6f37e3fd6090b0412ab\core.a(usb_mem.c.o)
                0x08005384                PMAToUserBufferCopy
 .text.SetEPTxStatus
                0x080053b6       0x2a C:\Users\XM\AppData\Local\Temp\arduino\cores\a07b3106cc46d6f37e3fd6090b0412ab\core.a(usb_regs.c.o)
                0x080053b6                SetEPTxStatus
 .text.ClearDTOG_RX
                0x080053e0       0x26 C:\Users\XM\AppData\Local\Temp\arduino\cores\a07b3106cc46d6f37e3fd6090b0412ab\core.a(usb_regs.c.o)
                0x080053e0                ClearDTOG_RX
 .text.ClearDTOG_TX
                0x08005406       0x26 C:\Users\XM\AppData\Local\Temp\arduino\cores\a07b3106cc46d6f37e3fd6090b0412ab\core.a(usb_regs.c.o)
                0x08005406                ClearDTOG_TX
 .text.GetEPTxAddr
                0x0800542c       0x1c C:\Users\XM\AppData\Local\Temp\arduino\cores\a07b3106cc46d6f37e3fd6090b0412ab\core.a(usb_regs.c.o)
                0x0800542c                GetEPTxAddr
 .text.GetEPRxAddr
                0x08005448       0x1c C:\Users\XM\AppData\Local\Temp\arduino\cores\a07b3106cc46d6f37e3fd6090b0412ab\core.a(usb_regs.c.o)
                0x08005448                GetEPRxAddr
 .text.SetEPTxCount
                0x08005464       0x1c C:\Users\XM\AppData\Local\Temp\arduino\cores\a07b3106cc46d6f37e3fd6090b0412ab\core.a(usb_regs.c.o)
                0x08005464                SetEPTxCount
 .text.SetEPRxCount
                0x08005480       0x40 C:\Users\XM\AppData\Local\Temp\arduino\cores\a07b3106cc46d6f37e3fd6090b0412ab\core.a(usb_regs.c.o)
                0x08005480                SetEPRxCount
 .text.throb    0x080054c0       0x58 C:\Users\XM\AppData\Local\Temp\arduino\cores\a07b3106cc46d6f37e3fd6090b0412ab\core.a(util.c.o)
                0x080054c0                throb
 .text.__error  0x08005518       0x14 C:\Users\XM\AppData\Local\Temp\arduino\cores\a07b3106cc46d6f37e3fd6090b0412ab\core.a(util.c.o)
                0x08005518                __error
 .text.startup._Z7premainv
                0x0800552c        0x4 C:\Users\XM\AppData\Local\Temp\arduino\cores\a07b3106cc46d6f37e3fd6090b0412ab\core.a(main.cpp.o)
                0x0800552c                premain()
 .text.startup.main
                0x08005530        0xc C:\Users\XM\AppData\Local\Temp\arduino\cores\a07b3106cc46d6f37e3fd6090b0412ab\core.a(main.cpp.o)
                0x08005530                main
 .text._Znaj    0x0800553c        0x4 C:\Users\XM\AppData\Local\Temp\arduino\cores\a07b3106cc46d6f37e3fd6090b0412ab\core.a(new.cpp.o)
                0x0800553c                operator new[](unsigned int)
 .text._Z8pwmWriteht
                0x08005540       0x24 C:\Users\XM\AppData\Local\Temp\arduino\cores\a07b3106cc46d6f37e3fd6090b0412ab\core.a(pwm.cpp.o)
                0x08005540                pwmWrite(unsigned char, unsigned short)
 .text._Z11analogWritehi
                0x08005564       0x1c C:\Users\XM\AppData\Local\Temp\arduino\cores\a07b3106cc46d6f37e3fd6090b0412ab\core.a(pwm.cpp.o)
                0x08005564                analogWrite(unsigned char, int)
 .text._Z7pinModeh13WiringPinMode
                0x08005580       0x84 C:\Users\XM\AppData\Local\Temp\arduino\cores\a07b3106cc46d6f37e3fd6090b0412ab\core.a(wirish_digital_f1.cpp.o)
                0x08005580                pinMode(unsigned char, WiringPinMode)
 .text._ZN9USBSerial9availableEv
                0x08005604        0x4 C:\Users\XM\AppData\Local\Temp\arduino\cores\a07b3106cc46d6f37e3fd6090b0412ab\core.a(usb_serial.cpp.o)
                0x08005604                USBSerial::available()
 .text._ZN9USBSerial4peekEv
                0x08005608       0x1e C:\Users\XM\AppData\Local\Temp\arduino\cores\a07b3106cc46d6f37e3fd6090b0412ab\core.a(usb_serial.cpp.o)
                0x08005608                USBSerial::peek()
 .text._ZN9USBSerial4readEv
                0x08005626       0x1e C:\Users\XM\AppData\Local\Temp\arduino\cores\a07b3106cc46d6f37e3fd6090b0412ab\core.a(usb_serial.cpp.o)
                0x08005626                USBSerial::read()
 .text._ZL14ifaceSetupHookjPv
                0x08005644       0x38 C:\Users\XM\AppData\Local\Temp\arduino\cores\a07b3106cc46d6f37e3fd6090b0412ab\core.a(usb_serial.cpp.o)
 .text._ZL6rxHookjPv
                0x0800567c       0x6c C:\Users\XM\AppData\Local\Temp\arduino\cores\a07b3106cc46d6f37e3fd6090b0412ab\core.a(usb_serial.cpp.o)
 .text._ZN9USBSerial5beginEv
                0x080056e8       0x34 C:\Users\XM\AppData\Local\Temp\arduino\cores\a07b3106cc46d6f37e3fd6090b0412ab\core.a(usb_serial.cpp.o)
                0x080056e8                USBSerial::begin()
 .text._ZN9USBSerial5beginEm
                0x0800571c        0xc C:\Users\XM\AppData\Local\Temp\arduino\cores\a07b3106cc46d6f37e3fd6090b0412ab\core.a(usb_serial.cpp.o)
                0x0800571c                USBSerial::begin(unsigned long)
 .text._ZN9USBSerial5writeEPKhm
                0x08005728       0x44 C:\Users\XM\AppData\Local\Temp\arduino\cores\a07b3106cc46d6f37e3fd6090b0412ab\core.a(usb_serial.cpp.o)
                0x08005728                USBSerial::write(unsigned char const*, unsigned long)
 .text._ZN9USBSerial5writeEh
                0x0800576c       0x16 C:\Users\XM\AppData\Local\Temp\arduino\cores\a07b3106cc46d6f37e3fd6090b0412ab\core.a(usb_serial.cpp.o)
                0x0800576c                USBSerial::write(unsigned char)
 .text._ZN9USBSerial5writeEPKc
                0x08005782       0x1a C:\Users\XM\AppData\Local\Temp\arduino\cores\a07b3106cc46d6f37e3fd6090b0412ab\core.a(usb_serial.cpp.o)
                0x08005782                USBSerial::write(char const*)
 .text._ZN9USBSerial4readEPhm
                0x0800579c       0x1c C:\Users\XM\AppData\Local\Temp\arduino\cores\a07b3106cc46d6f37e3fd6090b0412ab\core.a(usb_serial.cpp.o)
                0x0800579c                USBSerial::read(unsigned char*, unsigned long)
 .text._ZN9USBSerial5flushEv
                0x080057b8       0x1c C:\Users\XM\AppData\Local\Temp\arduino\cores\a07b3106cc46d6f37e3fd6090b0412ab\core.a(usb_serial.cpp.o)
                0x080057b8                USBSerial::flush()
 .text._ZN9USBSerialcvbEv
                0x080057d4       0x20 C:\Users\XM\AppData\Local\Temp\arduino\cores\a07b3106cc46d6f37e3fd6090b0412ab\core.a(usb_serial.cpp.o)
                0x080057d4                USBSerial::operator bool()
 .text.startup._GLOBAL__sub_I__ZN9USBSerial9_hasBegunE
                0x080057f4       0x1c C:\Users\XM\AppData\Local\Temp\arduino\cores\a07b3106cc46d6f37e3fd6090b0412ab\core.a(usb_serial.cpp.o)
 .text.micros   0x08005810       0x34 C:\Users\XM\AppData\Local\Temp\arduino\cores\a07b3106cc46d6f37e3fd6090b0412ab\core.a(wirish_time.cpp.o)
 .text.delay    0x08005844       0x26 C:\Users\XM\AppData\Local\Temp\arduino\cores\a07b3106cc46d6f37e3fd6090b0412ab\core.a(wirish_time.cpp.o)
                0x08005844                delay
 .text.__empty  0x0800586a        0x2 C:\Users\XM\AppData\Local\Temp\arduino\cores\a07b3106cc46d6f37e3fd6090b0412ab\core.a(hooks.c.o)
                0x0800586a                yield
 .text.bkp_init
                0x0800586c       0x18 C:\Users\XM\AppData\Local\Temp\arduino\cores\a07b3106cc46d6f37e3fd6090b0412ab\core.a(bkp_f1.c.o)
                0x0800586c                bkp_init
 .text.bkp_enable_writes
                0x08005884        0xc C:\Users\XM\AppData\Local\Temp\arduino\cores\a07b3106cc46d6f37e3fd6090b0412ab\core.a(bkp_f1.c.o)
                0x08005884                bkp_enable_writes
 .text.bkp_disable_writes
                0x08005890        0xc C:\Users\XM\AppData\Local\Temp\arduino\cores\a07b3106cc46d6f37e3fd6090b0412ab\core.a(bkp_f1.c.o)
                0x08005890                bkp_disable_writes
 .text.bkp_write
                0x0800589c       0x14 C:\Users\XM\AppData\Local\Temp\arduino\cores\a07b3106cc46d6f37e3fd6090b0412ab\core.a(bkp_f1.c.o)
                0x0800589c                bkp_write
 .text.gpio_init
                0x080058b0       0x14 C:\Users\XM\AppData\Local\Temp\arduino\cores\a07b3106cc46d6f37e3fd6090b0412ab\core.a(gpio.c.o)
                0x080058b0                gpio_init
 .text.i2c_disable_irq
                0x080058c4        0xc C:\Users\XM\AppData\Local\Temp\arduino\cores\a07b3106cc46d6f37e3fd6090b0412ab\core.a(i2c.c.o)
 .text._i2c_irq_handler
                0x080058d0      0x3f8 C:\Users\XM\AppData\Local\Temp\arduino\cores\a07b3106cc46d6f37e3fd6090b0412ab\core.a(i2c.c.o)
                0x080058d0                _i2c_irq_handler
 .text._i2c_irq_error_handler
                0x08005cc8       0x74 C:\Users\XM\AppData\Local\Temp\arduino\cores\a07b3106cc46d6f37e3fd6090b0412ab\core.a(i2c.c.o)
                0x08005cc8                _i2c_irq_error_handler
 .text          0x08005d3c      0x21c c:/users/xm/appdata/local/arduino15/packages/arduino/tools/arm-none-eabi-gcc/7-2017q4/bin/../lib/gcc/arm-none-eabi/7.2.1/thumb/v7-m\libgcc.a(_arm_addsubsf3.o)
                0x08005d3c                __aeabi_frsub
                0x08005d44                __subsf3
                0x08005d44                __aeabi_fsub
                0x08005d48                __aeabi_fadd
                0x08005d48                __addsf3
                0x08005ea8                __aeabi_ui2f
                0x08005ea8                __floatunsisf
                0x08005eb0                __aeabi_i2f
                0x08005eb0                __floatsisf
                0x08005ecc                __aeabi_ul2f
                0x08005ecc                __floatundisf
                0x08005edc                __aeabi_l2f
                0x08005edc                __floatdisf
 .text          0x08005f58      0x2a0 c:/users/xm/appdata/local/arduino15/packages/arduino/tools/arm-none-eabi-gcc/7-2017q4/bin/../lib/gcc/arm-none-eabi/7.2.1/thumb/v7-m\libgcc.a(_arm_muldivsf3.o)
                0x08005f58                __mulsf3
                0x08005f58                __aeabi_fmul
                0x080060c0                __aeabi_fdiv
                0x080060c0                __divsf3
 .text          0x080061f8       0x40 c:/users/xm/appdata/local/arduino15/packages/arduino/tools/arm-none-eabi-gcc/7-2017q4/bin/../lib/gcc/arm-none-eabi/7.2.1/thumb/v7-m\libgcc.a(_arm_fixunssfsi.o)
                0x080061f8                __fixunssfsi
                0x080061f8                __aeabi_f2uiz
 .text          0x08006238       0x30 c:/users/xm/appdata/local/arduino15/packages/arduino/tools/arm-none-eabi-gcc/7-2017q4/bin/../lib/gcc/arm-none-eabi/7.2.1/thumb/v7-m\libgcc.a(_aeabi_uldivmod.o)
                0x08006238                __aeabi_uldivmod
 .text          0x08006268      0x2d0 c:/users/xm/appdata/local/arduino15/packages/arduino/tools/arm-none-eabi-gcc/7-2017q4/bin/../lib/gcc/arm-none-eabi/7.2.1/thumb/v7-m\libgcc.a(_udivmoddi4.o)
                0x08006268                __udivmoddi4
 .text          0x08006538        0x4 c:/users/xm/appdata/local/arduino15/packages/arduino/tools/arm-none-eabi-gcc/7-2017q4/bin/../lib/gcc/arm-none-eabi/7.2.1/thumb/v7-m\libgcc.a(_dvmd_tls.o)
                0x08006538                __aeabi_idiv0
                0x08006538                __aeabi_ldiv0
 .text.__errno  0x0800653c        0xc c:/users/xm/appdata/local/arduino15/packages/arduino/tools/arm-none-eabi-gcc/7-2017q4/bin/../lib/gcc/arm-none-eabi/7.2.1/../../../../arm-none-eabi/lib/thumb/v7-m\libc_nano.a(lib_a-errno.o)
                0x0800653c                __errno
 .text.__libc_init_array
                0x08006548       0x48 c:/users/xm/appdata/local/arduino15/packages/arduino/tools/arm-none-eabi-gcc/7-2017q4/bin/../lib/gcc/arm-none-eabi/7.2.1/../../../../arm-none-eabi/lib/thumb/v7-m\libc_nano.a(lib_a-init.o)
                0x08006548                __libc_init_array
 .text.malloc   0x08006590       0x10 c:/users/xm/appdata/local/arduino15/packages/arduino/tools/arm-none-eabi-gcc/7-2017q4/bin/../lib/gcc/arm-none-eabi/7.2.1/../../../../arm-none-eabi/lib/thumb/v7-m\libc_nano.a(lib_a-malloc.o)
                0x08006590                malloc
 .text.memcmp   0x080065a0       0x1e c:/users/xm/appdata/local/arduino15/packages/arduino/tools/arm-none-eabi-gcc/7-2017q4/bin/../lib/gcc/arm-none-eabi/7.2.1/../../../../arm-none-eabi/lib/thumb/v7-m\libc_nano.a(lib_a-memcmp.o)
                0x080065a0                memcmp
 .text.memcpy   0x080065be       0x16 c:/users/xm/appdata/local/arduino15/packages/arduino/tools/arm-none-eabi-gcc/7-2017q4/bin/../lib/gcc/arm-none-eabi/7.2.1/../../../../arm-none-eabi/lib/thumb/v7-m\libc_nano.a(lib_a-memcpy-stub.o)
                0x080065be                memcpy
 .text.memset   0x080065d4       0x10 c:/users/xm/appdata/local/arduino15/packages/arduino/tools/arm-none-eabi-gcc/7-2017q4/bin/../lib/gcc/arm-none-eabi/7.2.1/../../../../arm-none-eabi/lib/thumb/v7-m\libc_nano.a(lib_a-memset.o)
                0x080065d4                memset
 .text._malloc_r
                0x080065e4       0xb4 c:/users/xm/appdata/local/arduino15/packages/arduino/tools/arm-none-eabi-gcc/7-2017q4/bin/../lib/gcc/arm-none-eabi/7.2.1/../../../../arm-none-eabi/lib/thumb/v7-m\libc_nano.a(lib_a-nano-mallocr.o)
                0x080065e4                _malloc_r
 .text._sbrk_r  0x08006698       0x20 c:/users/xm/appdata/local/arduino15/packages/arduino/tools/arm-none-eabi-gcc/7-2017q4/bin/../lib/gcc/arm-none-eabi/7.2.1/../../../../arm-none-eabi/lib/thumb/v7-m\libc_nano.a(lib_a-sbrkr.o)
                0x08006698                _sbrk_r
 .text          0x080066b8       0x10 c:/users/xm/appdata/local/arduino15/packages/arduino/tools/arm-none-eabi-gcc/7-2017q4/bin/../lib/gcc/arm-none-eabi/7.2.1/../../../../arm-none-eabi/lib/thumb/v7-m\libc_nano.a(lib_a-strlen.o)
                0x080066b8                strlen
 .text.__malloc_lock
                0x080066c8        0x2 c:/users/xm/appdata/local/arduino15/packages/arduino/tools/arm-none-eabi-gcc/7-2017q4/bin/../lib/gcc/arm-none-eabi/7.2.1/../../../../arm-none-eabi/lib/thumb/v7-m\libc_nano.a(lib_a-mlock.o)
                0x080066c8                __malloc_lock
 .text.__malloc_unlock
                0x080066ca        0x2 c:/users/xm/appdata/local/arduino15/packages/arduino/tools/arm-none-eabi-gcc/7-2017q4/bin/../lib/gcc/arm-none-eabi/7.2.1/../../../../arm-none-eabi/lib/thumb/v7-m\libc_nano.a(lib_a-mlock.o)
                0x080066ca                __malloc_unlock
 *(.plt)
 *(.gnu.warning)
 *(.glue_7t)
 .glue_7t       0x080066cc        0x0 linker stubs
 *(.glue_7)
 .glue_7        0x080066cc        0x0 linker stubs
 *(.vfp11_veneer)
 .vfp11_veneer  0x080066cc        0x0 linker stubs
 *(.ARM.extab* .gnu.linkonce.armextab.*)
 *(.gcc_except_table)
 *(.eh_frame_hdr)
 *(.eh_frame)
 .eh_frame      0x080066cc        0x0 c:/users/xm/appdata/local/arduino15/packages/arduino/tools/arm-none-eabi-gcc/7-2017q4/bin/../lib/gcc/arm-none-eabi/7.2.1/thumb/v7-m/crtbegin.o
                0x080066cc                . = ALIGN (0x4)
 *(.init)
 .init          0x080066cc        0x4 c:/users/xm/appdata/local/arduino15/packages/arduino/tools/arm-none-eabi-gcc/7-2017q4/bin/../lib/gcc/arm-none-eabi/7.2.1/thumb/v7-m/crti.o
                0x080066cc                _init
 .init          0x080066d0        0x8 c:/users/xm/appdata/local/arduino15/packages/arduino/tools/arm-none-eabi-gcc/7-2017q4/bin/../lib/gcc/arm-none-eabi/7.2.1/thumb/v7-m/crtn.o
                0x080066d8                . = ALIGN (0x4)
                0x080066d8                __preinit_array_start = .
 *(.preinit_array)
                0x080066d8                __preinit_array_end = .
                0x080066d8                . = ALIGN (0x4)
                0x080066d8                __init_array_start = .
 *(SORT_BY_NAME(.init_array.*))
 .init_array.00101
                0x080066d8        0x4 C:\Users\XM\AppData\Local\Temp\arduino\cores\a07b3106cc46d6f37e3fd6090b0412ab\core.a(main.cpp.o)
 *(.init_array)
 .init_array    0x080066dc        0x4 c:/users/xm/appdata/local/arduino15/packages/arduino/tools/arm-none-eabi-gcc/7-2017q4/bin/../lib/gcc/arm-none-eabi/7.2.1/thumb/v7-m/crtbegin.o
 .init_array    0x080066e0        0x4 C:\Users\XM\AppData\Local\Temp\arduino\sketches\395DA6E57F2FD801FDA8B66AD49E8E4E\sketch\Arduino-Aime-Reader.ino.cpp.o
 .init_array    0x080066e4        0x4 C:\Users\XM\AppData\Local\Temp\arduino\sketches\395DA6E57F2FD801FDA8B66AD49E8E4E\libraries\EEPROM\EEPROM.cpp.o
 .init_array    0x080066e8        0x4 C:\Users\XM\AppData\Local\Temp\arduino\sketches\395DA6E57F2FD801FDA8B66AD49E8E4E\core\board.cpp.o
 .init_array    0x080066ec        0x4 C:\Users\XM\AppData\Local\Temp\arduino\cores\a07b3106cc46d6f37e3fd6090b0412ab\core.a(usb_serial.cpp.o)
                0x080066f0                __init_array_end = .
                0x080066f0                . = ALIGN (0x4)
 *crtbegin.o(.ctors)
 *(EXCLUDE_FILE(*crtend.o) .ctors)
 *(SORT_BY_NAME(.ctors.*))
 *crtend.o(.ctors)
                0x080066f0                . = ALIGN (0x4)
 *(.fini)
 .fini          0x080066f0        0x4 c:/users/xm/appdata/local/arduino15/packages/arduino/tools/arm-none-eabi-gcc/7-2017q4/bin/../lib/gcc/arm-none-eabi/7.2.1/thumb/v7-m/crti.o
                0x080066f0                _fini
 .fini          0x080066f4        0x8 c:/users/xm/appdata/local/arduino15/packages/arduino/tools/arm-none-eabi-gcc/7-2017q4/bin/../lib/gcc/arm-none-eabi/7.2.1/thumb/v7-m/crtn.o
                0x080066fc                . = ALIGN (0x4)
                0x080066fc                __fini_array_start = .
 *(.fini_array)
 .fini_array    0x080066fc        0x4 c:/users/xm/appdata/local/arduino15/packages/arduino/tools/arm-none-eabi-gcc/7-2017q4/bin/../lib/gcc/arm-none-eabi/7.2.1/thumb/v7-m/crtbegin.o
 *(SORT_BY_NAME(.fini_array.*))
                0x08006700                __fini_array_end = .
 *crtbegin.o(.dtors)
 *(EXCLUDE_FILE(*crtend.o) .dtors)
 *(SORT_BY_NAME(.dtors.*))
 *crtend.o(.dtors)

.v4_bx          0x08006700        0x0
 .v4_bx         0x08006700        0x0 linker stubs

.iplt           0x08006700        0x0
 .iplt          0x08006700        0x0 c:/users/xm/appdata/local/arduino15/packages/arduino/tools/arm-none-eabi-gcc/7-2017q4/bin/../lib/gcc/arm-none-eabi/7.2.1/thumb/v7-m/crtbegin.o

.text.align     0x08006700        0x0
                0x08006700                . = ALIGN (0x8)
                0x08006700                __text_end__ = .
                0x08006700                __exidx_start = .

.ARM.exidx      0x08006700        0x8
 *(.ARM.exidx* .gnu.linkonce.armexidx.*)
 .ARM.exidx     0x08006700        0x8 C:\Users\XM\AppData\Local\Temp\arduino\sketches\395DA6E57F2FD801FDA8B66AD49E8E4E\core\wirish\start.S.o
 .ARM.exidx     0x08006708        0x0 c:/users/xm/appdata/local/arduino15/packages/arduino/tools/arm-none-eabi-gcc/7-2017q4/bin/../lib/gcc/arm-none-eabi/7.2.1/thumb/v7-m\libgcc.a(_udivmoddi4.o)
                                  0x8 (size before relaxing)
                0x08006708                __exidx_end = .

.data           0x20000000      0x4e0 load address 0x08006708
                0x20000000                __data_start__ = .
                0x20000000        0x4 LONG 0x0
                0x20000008                . = ALIGN (0x8)
 *fill*         0x20000004        0x4 
 *(.got.plt)
 *(.got)
 *(.data .data.* .gnu.linkonce.d.*)
 .data.AimeKey  0x20000008        0x6 C:\Users\XM\AppData\Local\Temp\arduino\sketches\395DA6E57F2FD801FDA8B66AD49E8E4E\sketch\Arduino-Aime-Reader.ino.cpp.o
                0x20000008                AimeKey
 .data.BanaKey  0x2000000e        0x6 C:\Users\XM\AppData\Local\Temp\arduino\sketches\395DA6E57F2FD801FDA8B66AD49E8E4E\sketch\Arduino-Aime-Reader.ino.cpp.o
                0x2000000e                BanaKey
 .data.MifareKey
                0x20000014        0x6 C:\Users\XM\AppData\Local\Temp\arduino\sketches\395DA6E57F2FD801FDA8B66AD49E8E4E\sketch\Arduino-Aime-Reader.ino.cpp.o
                0x20000014                MifareKey
 *fill*         0x2000001a        0x2 
 .data._ZN6wirish4priv15w_board_pll_cfgE
                0x2000001c        0x8 C:\Users\XM\AppData\Local\Temp\arduino\sketches\395DA6E57F2FD801FDA8B66AD49E8E4E\core\wirish\boards_setup.cpp.o
                0x2000001c                wirish::priv::w_board_pll_cfg
 .data._ZN6wirish4priv9w_adc_preE
                0x20000024        0x2 C:\Users\XM\AppData\Local\Temp\arduino\sketches\395DA6E57F2FD801FDA8B66AD49E8E4E\core\wirish\boards_setup.cpp.o
                0x20000024                wirish::priv::w_adc_pre
 .data._ZN6wirish4priv9w_adc_smpE
                0x20000026        0x1 C:\Users\XM\AppData\Local\Temp\arduino\sketches\395DA6E57F2FD801FDA8B66AD49E8E4E\core\wirish\boards_setup.cpp.o
                0x20000026                wirish::priv::w_adc_smp
 *fill*         0x20000027        0x1 
 .data._ZN6wirish4privL8pll_dataE
                0x20000028        0x4 C:\Users\XM\AppData\Local\Temp\arduino\sketches\395DA6E57F2FD801FDA8B66AD49E8E4E\core\wirish\boards_setup.cpp.o
 .data.ADC1     0x2000002c        0x4 C:\Users\XM\AppData\Local\Temp\arduino\cores\a07b3106cc46d6f37e3fd6090b0412ab\core.a(adc_f1.c.o)
                0x2000002c                ADC1
 .data.ADC2     0x20000030        0x4 C:\Users\XM\AppData\Local\Temp\arduino\cores\a07b3106cc46d6f37e3fd6090b0412ab\core.a(adc_f1.c.o)
                0x20000030                ADC2
 .data.adc1     0x20000034       0x18 C:\Users\XM\AppData\Local\Temp\arduino\cores\a07b3106cc46d6f37e3fd6090b0412ab\core.a(adc_f1.c.o)
                0x20000034                adc1
 .data.adc2     0x2000004c        0x8 C:\Users\XM\AppData\Local\Temp\arduino\cores\a07b3106cc46d6f37e3fd6090b0412ab\core.a(adc_f1.c.o)
                0x2000004c                adc2
 .data.DMA1     0x20000054        0x4 C:\Users\XM\AppData\Local\Temp\arduino\cores\a07b3106cc46d6f37e3fd6090b0412ab\core.a(dma_f1.c.o)
                0x20000054                DMA1
 .data.dma1     0x20000058       0x40 C:\Users\XM\AppData\Local\Temp\arduino\cores\a07b3106cc46d6f37e3fd6090b0412ab\core.a(dma_f1.c.o)
 .data.gpioa    0x20000098        0x8 C:\Users\XM\AppData\Local\Temp\arduino\cores\a07b3106cc46d6f37e3fd6090b0412ab\core.a(gpio_f1.c.o)
                0x20000098                gpioa
 .data.gpiob    0x200000a0        0x8 C:\Users\XM\AppData\Local\Temp\arduino\cores\a07b3106cc46d6f37e3fd6090b0412ab\core.a(gpio_f1.c.o)
                0x200000a0                gpiob
 .data.gpioc    0x200000a8        0x8 C:\Users\XM\AppData\Local\Temp\arduino\cores\a07b3106cc46d6f37e3fd6090b0412ab\core.a(gpio_f1.c.o)
                0x200000a8                gpioc
 .data.gpiod    0x200000b0        0x8 C:\Users\XM\AppData\Local\Temp\arduino\cores\a07b3106cc46d6f37e3fd6090b0412ab\core.a(gpio_f1.c.o)
                0x200000b0                gpiod
 .data.i2c1     0x200000b8       0x38 C:\Users\XM\AppData\Local\Temp\arduino\cores\a07b3106cc46d6f37e3fd6090b0412ab\core.a(i2c_f1.c.o)
 .data.i2c2     0x200000f0       0x38 C:\Users\XM\AppData\Local\Temp\arduino\cores\a07b3106cc46d6f37e3fd6090b0412ab\core.a(i2c_f1.c.o)
 .data.enable_regs.4455
                0x20000128        0xc C:\Users\XM\AppData\Local\Temp\arduino\cores\a07b3106cc46d6f37e3fd6090b0412ab\core.a(rcc_f1.c.o)
 .data.enable_regs.4468
                0x20000134        0xc C:\Users\XM\AppData\Local\Temp\arduino\cores\a07b3106cc46d6f37e3fd6090b0412ab\core.a(rcc_f1.c.o)
 .data.reset_regs.4459
                0x20000140        0x8 C:\Users\XM\AppData\Local\Temp\arduino\cores\a07b3106cc46d6f37e3fd6090b0412ab\core.a(rcc_f1.c.o)
 .data.timer1   0x20000148       0x28 C:\Users\XM\AppData\Local\Temp\arduino\cores\a07b3106cc46d6f37e3fd6090b0412ab\core.a(timer.c.o)
                0x20000148                timer1
 .data.timer2   0x20000170       0x24 C:\Users\XM\AppData\Local\Temp\arduino\cores\a07b3106cc46d6f37e3fd6090b0412ab\core.a(timer.c.o)
                0x20000170                timer2
 .data.timer3   0x20000194       0x24 C:\Users\XM\AppData\Local\Temp\arduino\cores\a07b3106cc46d6f37e3fd6090b0412ab\core.a(timer.c.o)
                0x20000194                timer3
 .data.timer4   0x200001b8       0x24 C:\Users\XM\AppData\Local\Temp\arduino\cores\a07b3106cc46d6f37e3fd6090b0412ab\core.a(timer.c.o)
                0x200001b8                timer4
 .data.USART1   0x200001dc        0x4 C:\Users\XM\AppData\Local\Temp\arduino\cores\a07b3106cc46d6f37e3fd6090b0412ab\core.a(usart_f1.c.o)
                0x200001dc                USART1
 .data.USART2   0x200001e0        0x4 C:\Users\XM\AppData\Local\Temp\arduino\cores\a07b3106cc46d6f37e3fd6090b0412ab\core.a(usart_f1.c.o)
                0x200001e0                USART2
 .data.USART3   0x200001e4        0x4 C:\Users\XM\AppData\Local\Temp\arduino\cores\a07b3106cc46d6f37e3fd6090b0412ab\core.a(usart_f1.c.o)
                0x200001e4                USART3
 .data.usart1   0x200001e8       0x94 C:\Users\XM\AppData\Local\Temp\arduino\cores\a07b3106cc46d6f37e3fd6090b0412ab\core.a(usart_f1.c.o)
 .data.usart2   0x2000027c       0x94 C:\Users\XM\AppData\Local\Temp\arduino\cores\a07b3106cc46d6f37e3fd6090b0412ab\core.a(usart_f1.c.o)
 .data.usart3   0x20000310       0x94 C:\Users\XM\AppData\Local\Temp\arduino\cores\a07b3106cc46d6f37e3fd6090b0412ab\core.a(usart_f1.c.o)
 .data.USBLIB   0x200003a4        0x4 C:\Users\XM\AppData\Local\Temp\arduino\cores\a07b3106cc46d6f37e3fd6090b0412ab\core.a(usb.c.o)
                0x200003a4                USBLIB
 .data.usblib   0x200003a8       0x10 C:\Users\XM\AppData\Local\Temp\arduino\cores\a07b3106cc46d6f37e3fd6090b0412ab\core.a(usb.c.o)
 .data.Config_Descriptor
                0x200003b8        0x8 C:\Users\XM\AppData\Local\Temp\arduino\cores\a07b3106cc46d6f37e3fd6090b0412ab\core.a(usb_cdcacm.c.o)
 .data.Device_Descriptor
                0x200003c0        0x8 C:\Users\XM\AppData\Local\Temp\arduino\cores\a07b3106cc46d6f37e3fd6090b0412ab\core.a(usb_cdcacm.c.o)
 .data.Device_Property
                0x200003c8       0x30 C:\Users\XM\AppData\Local\Temp\arduino\cores\a07b3106cc46d6f37e3fd6090b0412ab\core.a(usb_cdcacm.c.o)
                0x200003c8                Device_Property
 .data.Device_Table
                0x200003f8        0x2 C:\Users\XM\AppData\Local\Temp\arduino\cores\a07b3106cc46d6f37e3fd6090b0412ab\core.a(usb_cdcacm.c.o)
                0x200003f8                Device_Table
 *fill*         0x200003fa        0x2 
 .data.String_Descriptor
                0x200003fc       0x18 C:\Users\XM\AppData\Local\Temp\arduino\cores\a07b3106cc46d6f37e3fd6090b0412ab\core.a(usb_cdcacm.c.o)
 .data.User_Standard_Requests
                0x20000414       0x24 C:\Users\XM\AppData\Local\Temp\arduino\cores\a07b3106cc46d6f37e3fd6090b0412ab\core.a(usb_cdcacm.c.o)
                0x20000414                User_Standard_Requests
 .data.ep_int_in
                0x20000438       0x1c C:\Users\XM\AppData\Local\Temp\arduino\cores\a07b3106cc46d6f37e3fd6090b0412ab\core.a(usb_cdcacm.c.o)
 .data.ep_int_out
                0x20000454       0x1c C:\Users\XM\AppData\Local\Temp\arduino\cores\a07b3106cc46d6f37e3fd6090b0412ab\core.a(usb_cdcacm.c.o)
 .data.line_coding
                0x20000470        0x7 C:\Users\XM\AppData\Local\Temp\arduino\cores\a07b3106cc46d6f37e3fd6090b0412ab\core.a(usb_cdcacm.c.o)
 *fill*         0x20000477        0x1 
 .data._impure_ptr
                0x20000478        0x4 c:/users/xm/appdata/local/arduino15/packages/arduino/tools/arm-none-eabi-gcc/7-2017q4/bin/../lib/gcc/arm-none-eabi/7.2.1/../../../../arm-none-eabi/lib/thumb/v7-m\libc_nano.a(lib_a-impure.o)
                0x20000478                _impure_ptr
 .data.impure_data
                0x2000047c       0x60 c:/users/xm/appdata/local/arduino15/packages/arduino/tools/arm-none-eabi-gcc/7-2017q4/bin/../lib/gcc/arm-none-eabi/7.2.1/../../../../arm-none-eabi/lib/thumb/v7-m\libc_nano.a(lib_a-impure.o)
                0x200004e0                . = ALIGN (0x8)
 *fill*         0x200004dc        0x4 
                0x200004e0                __data_end__ = .

.igot.plt       0x200004e0        0x0 load address 0x08006be8
 .igot.plt      0x200004e0        0x0 c:/users/xm/appdata/local/arduino15/packages/arduino/tools/arm-none-eabi-gcc/7-2017q4/bin/../lib/gcc/arm-none-eabi/7.2.1/thumb/v7-m/crtbegin.o

.rodata         0x08006be8      0x64c
 *(.rodata .rodata.* .gnu.linkonce.r.*)
 .rodata        0x08006be8      0x168 C:\Users\XM\AppData\Local\Temp\arduino\sketches\395DA6E57F2FD801FDA8B66AD49E8E4E\sketch\Arduino-Aime-Reader.ino.cpp.o
 .rodata._Z14Sega_Mode_Initv.str1.1
                0x08006d50       0x18 C:\Users\XM\AppData\Local\Temp\arduino\sketches\395DA6E57F2FD801FDA8B66AD49E8E4E\sketch\Arduino-Aime-Reader.ino.cpp.o
 .rodata._Z16Test_Reader_Loopv.str1.1
                0x08006d68       0xec C:\Users\XM\AppData\Local\Temp\arduino\sketches\395DA6E57F2FD801FDA8B66AD49E8E4E\sketch\Arduino-Aime-Reader.ino.cpp.o
 .rodata._Z16sys_get_led_infov.str1.1
                0x08006e54        0xd C:\Users\XM\AppData\Local\Temp\arduino\sketches\395DA6E57F2FD801FDA8B66AD49E8E4E\sketch\Arduino-Aime-Reader.ino.cpp.o
 .rodata._Z18sys_get_fw_versionv.str1.1
                0x08006e61       0x18 C:\Users\XM\AppData\Local\Temp\arduino\sketches\395DA6E57F2FD801FDA8B66AD49E8E4E\sketch\Arduino-Aime-Reader.ino.cpp.o
 .rodata._Z18sys_get_hw_versionv.str1.1
                0x08006e79       0x22 C:\Users\XM\AppData\Local\Temp\arduino\sketches\395DA6E57F2FD801FDA8B66AD49E8E4E\sketch\Arduino-Aime-Reader.ino.cpp.o
 *fill*         0x08006e9b        0x1 
 .rodata._ZL15serviceCodeList
                0x08006e9c        0x2 C:\Users\XM\AppData\Local\Temp\arduino\sketches\395DA6E57F2FD801FDA8B66AD49E8E4E\sketch\Arduino-Aime-Reader.ino.cpp.o
 .rodata._ZL9blockList
                0x08006e9e        0x8 C:\Users\XM\AppData\Local\Temp\arduino\sketches\395DA6E57F2FD801FDA8B66AD49E8E4E\sketch\Arduino-Aime-Reader.ino.cpp.o
 .rodata._ZN8spiceapi10Connection7requestEPcj.str1.1