Archive member included to satisfy reference by file (symbol)

C:\Users\XM\AppData\Local\Temp\arduino\cores\b8e377b71d0c10b31ba3f6ffd29b5f93\core.a(HardwareSerial.cpp.o)
                              C:\Users\XM\AppData\Local\Temp\arduino\sketches\395DA6E57F2FD801FDA8B66AD49E8E4E\sketch\Arduino-Aime-Reader.ino.cpp.o (HardwareSerial::read())
C:\Users\XM\AppData\Local\Temp\arduino\cores\b8e377b71d0c10b31ba3f6ffd29b5f93\core.a(Print.cpp.o)
                              C:\Users\XM\AppData\Local\Temp\arduino\cores\b8e377b71d0c10b31ba3f6ffd29b5f93\core.a(HardwareSerial.cpp.o) (Print::write(void const*, unsigned long))
C:\Users\XM\AppData\Local\Temp\arduino\cores\b8e377b71d0c10b31ba3f6ffd29b5f93\core.a(cxxabi-compat.cpp.o)
                              C:\Users\XM\AppData\Local\Temp\arduino\cores\b8e377b71d0c10b31ba3f6ffd29b5f93\core.a(Print.cpp.o) (__cxa_pure_virtual)
C:\Users\XM\AppData\Local\Temp\arduino\cores\b8e377b71d0c10b31ba3f6ffd29b5f93\core.a(adc.c.o)
                              C:\Users\XM\AppData\Local\Temp\arduino\sketches\395DA6E57F2FD801FDA8B66AD49E8E4E\core\wirish\boards.cpp.o (adc_set_sample_rate)
C:\Users\XM\AppData\Local\Temp\arduino\cores\b8e377b71d0c10b31ba3f6ffd29b5f93\core.a(adc_f1.c.o)
                              (__irq_adc)
C:\Users\XM\AppData\Local\Temp\arduino\cores\b8e377b71d0c10b31ba3f6ffd29b5f93\core.a(dma_f1.c.o)
                              (__irq_dma1_channel1)
C:\Users\XM\AppData\Local\Temp\arduino\cores\b8e377b71d0c10b31ba3f6ffd29b5f93\core.a(exc.S.o)
                              (__exc_nmi)
C:\Users\XM\AppData\Local\Temp\arduino\cores\b8e377b71d0c10b31ba3f6ffd29b5f93\core.a(exti.c.o)
                              (__irq_exti0)
C:\Users\XM\AppData\Local\Temp\arduino\cores\b8e377b71d0c10b31ba3f6ffd29b5f93\core.a(exti_f1.c.o)
                              C:\Users\XM\AppData\Local\Temp\arduino\cores\b8e377b71d0c10b31ba3f6ffd29b5f93\core.a(exti.c.o) (exti_select)
C:\Users\XM\AppData\Local\Temp\arduino\cores\b8e377b71d0c10b31ba3f6ffd29b5f93\core.a(flash.c.o)
                              C:\Users\XM\AppData\Local\Temp\arduino\sketches\395DA6E57F2FD801FDA8B66AD49E8E4E\core\wirish\boards.cpp.o (flash_set_latency)
C:\Users\XM\AppData\Local\Temp\arduino\cores\b8e377b71d0c10b31ba3f6ffd29b5f93\core.a(gpio_f1.c.o)
                              C:\Users\XM\AppData\Local\Temp\arduino\sketches\395DA6E57F2FD801FDA8B66AD49E8E4E\core\wirish\boards_setup.cpp.o (gpio_init_all)
C:\Users\XM\AppData\Local\Temp\arduino\cores\b8e377b71d0c10b31ba3f6ffd29b5f93\core.a(i2c_f1.c.o)
                              (__irq_i2c1_ev)
C:\Users\XM\AppData\Local\Temp\arduino\cores\b8e377b71d0c10b31ba3f6ffd29b5f93\core.a(nvic.c.o)
                              C:\Users\XM\AppData\Local\Temp\arduino\cores\b8e377b71d0c10b31ba3f6ffd29b5f93\core.a(i2c_f1.c.o) (nvic_irq_set_priority)
C:\Users\XM\AppData\Local\Temp\arduino\cores\b8e377b71d0c10b31ba3f6ffd29b5f93\core.a(rcc.c.o)
                              C:\Users\XM\AppData\Local\Temp\arduino\sketches\395DA6E57F2FD801FDA8B66AD49E8E4E\core\wirish\boards.cpp.o (rcc_switch_sysclk)
C:\Users\XM\AppData\Local\Temp\arduino\cores\b8e377b71d0c10b31ba3f6ffd29b5f93\core.a(rcc_f1.c.o)
                              C:\Users\XM\AppData\Local\Temp\arduino\sketches\395DA6E57F2FD801FDA8B66AD49E8E4E\core\wirish\boards.cpp.o (rcc_configure_pll)
C:\Users\XM\AppData\Local\Temp\arduino\cores\b8e377b71d0c10b31ba3f6ffd29b5f93\core.a(isrs.S.o)
                              (__stm32reservedexception7)
C:\Users\XM\AppData\Local\Temp\arduino\cores\b8e377b71d0c10b31ba3f6ffd29b5f93\core.a(vector_table.S.o)
                              (__stm32_vector_table)
C:\Users\XM\AppData\Local\Temp\arduino\cores\b8e377b71d0c10b31ba3f6ffd29b5f93\core.a(systick.c.o)
                              C:\Users\XM\AppData\Local\Temp\arduino\sketches\395DA6E57F2FD801FDA8B66AD49E8E4E\core\wirish\boards.cpp.o (systick_init)
C:\Users\XM\AppData\Local\Temp\arduino\cores\b8e377b71d0c10b31ba3f6ffd29b5f93\core.a(timer.c.o)
                              C:\Users\XM\AppData\Local\Temp\arduino\sketches\395DA6E57F2FD801FDA8B66AD49E8E4E\core\wirish\boards.cpp.o (timer_foreach)
C:\Users\XM\AppData\Local\Temp\arduino\cores\b8e377b71d0c10b31ba3f6ffd29b5f93\core.a(usart.c.o)
                              C:\Users\XM\AppData\Local\Temp\arduino\cores\b8e377b71d0c10b31ba3f6ffd29b5f93\core.a(HardwareSerial.cpp.o) (usart_init)
C:\Users\XM\AppData\Local\Temp\arduino\cores\b8e377b71d0c10b31ba3f6ffd29b5f93\core.a(usart_f1.c.o)
                              C:\Users\XM\AppData\Local\Temp\arduino\cores\b8e377b71d0c10b31ba3f6ffd29b5f93\core.a(HardwareSerial.cpp.o) (usart_config_gpios_async)
C:\Users\XM\AppData\Local\Temp\arduino\cores\b8e377b71d0c10b31ba3f6ffd29b5f93\core.a(usart_private.c.o)
                              C:\Users\XM\AppData\Local\Temp\arduino\cores\b8e377b71d0c10b31ba3f6ffd29b5f93\core.a(usart_f1.c.o) (_usart_clock_freq)
C:\Users\XM\AppData\Local\Temp\arduino\cores\b8e377b71d0c10b31ba3f6ffd29b5f93\core.a(usb.c.o)
[...]
Memory Configuration

Name             Origin             Length             Attributes
ram              0x20000000         0x00002800         xrw
rom              0x08000000         0x00008000         xr
*default*        0x00000000         0xffffffff

Linker script and memory map

LOAD c:/users/xm/appdata/local/arduino15/packages/arduino/tools/arm-none-eabi-gcc/7-2017q4/bin/../lib/gcc/arm-none-eabi/7.2.1/thumb/v7-m/crti.o
LOAD c:/users/xm/appdata/local/arduino15/packages/arduino/tools/arm-none-eabi-gcc/7-2017q4/bin/../lib/gcc/arm-none-eabi/7.2.1/thumb/v7-m/crtbegin.o
LOAD c:/users/xm/appdata/local/arduino15/packages/arduino/tools/arm-none-eabi-gcc/7-2017q4/bin/../lib/gcc/arm-none-eabi/7.2.1/../../../../arm-none-eabi/lib/thumb/v7-m/crt0.o
LOAD c:/users/xm/appdata/local/arduino15/packages/arduino/tools/arm-none-eabi-gcc/7-2017q4/bin/../lib/gcc/arm-none-eabi/7.2.1/thumb/v7-m\libgcc.a
START GROUP
LOAD C:\Users\XM\AppData\Local\Temp\arduino\sketches\395DA6E57F2FD801FDA8B66AD49E8E4E\sketch\Arduino-Aime-Reader.ino.cpp.o
LOAD C:\Users\XM\AppData\Local\Temp\arduino\sketches\395DA6E57F2FD801FDA8B66AD49E8E4E\libraries\PN532_HSU\PN532_HSU.cpp.o
LOAD C:\Users\XM\AppData\Local\Temp\arduino\sketches\395DA6E57F2FD801FDA8B66AD49E8E4E\libraries\PN532\PN532.cpp.o
LOAD C:\Users\XM\AppData\Local\Temp\arduino\sketches\395DA6E57F2FD801FDA8B66AD49E8E4E\libraries\PN532\emulatetag.cpp.o
LOAD C:\Users\XM\AppData\Local\Temp\arduino\sketches\395DA6E57F2FD801FDA8B66AD49E8E4E\libraries\PN532\llcp.cpp.o
LOAD C:\Users\XM\AppData\Local\Temp\arduino\sketches\395DA6E57F2FD801FDA8B66AD49E8E4E\libraries\PN532\mac_link.cpp.o
LOAD C:\Users\XM\AppData\Local\Temp\arduino\sketches\395DA6E57F2FD801FDA8B66AD49E8E4E\libraries\PN532\snep.cpp.o
LOAD C:\Users\XM\AppData\Local\Temp\arduino\sketches\395DA6E57F2FD801FDA8B66AD49E8E4E\libraries\EEPROM\EEPROM.cpp.o
LOAD C:\Users\XM\AppData\Local\Temp\arduino\sketches\395DA6E57F2FD801FDA8B66AD49E8E4E\libraries\EEPROM\flash_stm32.c.o
LOAD C:\Users\XM\AppData\Local\Temp\arduino\sketches\395DA6E57F2FD801FDA8B66AD49E8E4E\core\board.cpp.o
LOAD C:\Users\XM\AppData\Local\Temp\arduino\sketches\395DA6E57F2FD801FDA8B66AD49E8E4E\core\wirish\boards.cpp.o
LOAD C:\Users\XM\AppData\Local\Temp\arduino\sketches\395DA6E57F2FD801FDA8B66AD49E8E4E\core\wirish\boards_setup.cpp.o
LOAD C:\Users\XM\AppData\Local\Temp\arduino\sketches\395DA6E57F2FD801FDA8B66AD49E8E4E\core\wirish\start.S.o
LOAD C:\Users\XM\AppData\Local\Temp\arduino\sketches\395DA6E57F2FD801FDA8B66AD49E8E4E\core\wirish\start_c.c.o
LOAD C:\Users\XM\AppData\Local\Temp\arduino\sketches\395DA6E57F2FD801FDA8B66AD49E8E4E\core\wirish\syscalls.c.o
LOAD C:\Users\XM\AppData\Local\Temp\arduino\cores\b8e377b71d0c10b31ba3f6ffd29b5f93\core.a
END GROUP
LOAD c:/users/xm/appdata/local/arduino15/packages/arduino/tools/arm-none-eabi-gcc/7-2017q4/bin/../lib/gcc/arm-none-eabi/7.2.1/../../../../arm-none-eabi/lib/thumb/v7-m\libstdc++_nano.a
LOAD c:/users/xm/appdata/local/arduino15/packages/arduino/tools/arm-none-eabi-gcc/7-2017q4/bin/../lib/gcc/arm-none-eabi/7.2.1/../../../../arm-none-eabi/lib/thumb/v7-m\libm.a
START GROUP
LOAD c:/users/xm/appdata/local/arduino15/packages/arduino/tools/arm-none-eabi-gcc/7-2017q4/bin/../lib/gcc/arm-none-eabi/7.2.1/thumb/v7-m\libgcc.a
LOAD c:/users/xm/appdata/local/arduino15/packages/arduino/tools/arm-none-eabi-gcc/7-2017q4/bin/../lib/gcc/arm-none-eabi/7.2.1/../../../../arm-none-eabi/lib/thumb/v7-m\libc_nano.a
END GROUP
START GROUP
LOAD c:/users/xm/appdata/local/arduino15/packages/arduino/tools/arm-none-eabi-gcc/7-2017q4/bin/../lib/gcc/arm-none-eabi/7.2.1/thumb/v7-m\libgcc.a
LOAD c:/users/xm/appdata/local/arduino15/packages/arduino/tools/arm-none-eabi-gcc/7-2017q4/bin/../lib/gcc/arm-none-eabi/7.2.1/../../../../arm-none-eabi/lib/thumb/v7-m\libc_nano.a
END GROUP
LOAD c:/users/xm/appdata/local/arduino15/packages/arduino/tools/arm-none-eabi-gcc/7-2017q4/bin/../lib/gcc/arm-none-eabi/7.2.1/thumb/v7-m/crtend.o
LOAD c:/users/xm/appdata/local/arduino15/packages/arduino/tools/arm-none-eabi-gcc/7-2017q4/bin/../lib/gcc/arm-none-eabi/7.2.1/thumb/v7-m/crtn.o
START GROUP
LOAD c:/users/xm/appdata/local/arduino15/packages/arduino/tools/arm-none-eabi-gcc/7-2017q4/bin/../lib/gcc/arm-none-eabi/7.2.1/thumb/v7-m\libgcc.a
LOAD c:/users/xm/appdata/local/arduino15/packages/arduino/tools/arm-none-eabi-gcc/7-2017q4/bin/../lib/gcc/arm-none-eabi/7.2.1/../../../../arm-none-eabi/lib/thumb/v7-m\libc.a
LOAD c:/users/xm/appdata/local/arduino15/packages/arduino/tools/arm-none-eabi-gcc/7-2017q4/bin/../lib/gcc/arm-none-eabi/7.2.1/../../../../arm-none-eabi/lib/thumb/v7-m\libm.a
END GROUP
START GROUP
LOAD c:/users/xm/appdata/local/arduino15/packages/arduino/tools/arm-none-eabi-gcc/7-2017q4/bin/../lib/gcc/arm-none-eabi/7.2.1/../../../../arm-none-eabi/lib/thumb/v7-m\libnosys.a
END GROUP
                0x20002800                PROVIDE (__msp_init, (ORIGIN (ram) + LENGTH (ram)))
                0x08003258                PROVIDE (__exc_reset, __start__)

.text           0x08000000     0x64b0
                0x08000000                __text_start__ = .
 *(.stm32.interrupt_vector)
 .stm32.interrupt_vector
                0x08000000       0xec C:\Users\XM\AppData\Local\Temp\arduino\cores\b8e377b71d0c10b31ba3f6ffd29b5f93\core.a(vector_table.S.o)
                0x08000000                __stm32_vector_table
 *(.text .text.* .gnu.linkonce.t.*)
 .text          0x080000ec       0x40 c:/users/xm/appdata/local/arduino15/packages/arduino/tools/arm-none-eabi-gcc/7-2017q4/bin/../lib/gcc/arm-none-eabi/7.2.1/thumb/v7-m/crtbegin.o
 .text._Z8RAW_Loopv.part.12
                0x0800012c       0x20 C:\Users\XM\AppData\Local\Temp\arduino\sketches\395DA6E57F2FD801FDA8B66AD49E8E4E\sketch\Arduino-Aime-Reader.ino.cpp.o
 .text._Z8LED_showhhh
                0x0800014c       0x44 C:\Users\XM\AppData\Local\Temp\arduino\sketches\395DA6E57F2FD801FDA8B66AD49E8E4E\sketch\Arduino-Aime-Reader.ino.cpp.o
                0x0800014c                LED_show(unsigned char, unsigned char, unsigned char)
 .text._Z8LED_Initv
                0x08000190       0x28 C:\Users\XM\AppData\Local\Temp\arduino\sketches\395DA6E57F2FD801FDA8B66AD49E8E4E\sketch\Arduino-Aime-Reader.ino.cpp.o
                0x08000190                LED_Init()
 .text._Z20EEPROM_get_sysconfigv
                0x080001b8       0x90 C:\Users\XM\AppData\Local\Temp\arduino\sketches\395DA6E57F2FD801FDA8B66AD49E8E4E\sketch\Arduino-Aime-Reader.ino.cpp.o
                0x080001b8                EEPROM_get_sysconfig()
 .text._ZN11mifare_cardC2Ev
                0x08000248       0x54 C:\Users\XM\AppData\Local\Temp\arduino\sketches\395DA6E57F2FD801FDA8B66AD49E8E4E\sketch\Arduino-Aime-Reader.ino.cpp.o
                0x08000248                mifare_card::mifare_card()
                0x08000248                mifare_card::mifare_card()
 .text._Z8res_inith
                0x0800029c       0x24 C:\Users\XM\AppData\Local\Temp\arduino\sketches\395DA6E57F2FD801FDA8B66AD49E8E4E\sketch\Arduino-Aime-Reader.ino.cpp.o
                0x0800029c                res_init(unsigned char)
 .text._Z18sys_to_normal_modev
                0x080002c0       0x34 C:\Users\XM\AppData\Local\Temp\arduino\sketches\395DA6E57F2FD801FDA8B66AD49E8E4E\sketch\Arduino-Aime-Reader.ino.cpp.o
                0x080002c0                sys_to_normal_mode()
 .text._Z18sys_get_fw_versionv
                0x080002f4       0x50 C:\Users\XM\AppData\Local\Temp\arduino\sketches\395DA6E57F2FD801FDA8B66AD49E8E4E\sketch\Arduino-Aime-Reader.ino.cpp.o
                0x080002f4                sys_get_fw_version()
 .text._Z18sys_get_hw_versionv
                0x08000344       0x5c C:\Users\XM\AppData\Local\Temp\arduino\sketches\395DA6E57F2FD801FDA8B66AD49E8E4E\sketch\Arduino-Aime-Reader.ino.cpp.o
                0x08000344                sys_get_hw_version()
 .text._Z16sys_get_led_infov
                0x080003a0       0x64 C:\Users\XM\AppData\Local\Temp\arduino\sketches\395DA6E57F2FD801FDA8B66AD49E8E4E\sketch\Arduino-Aime-Reader.ino.cpp.o
                0x080003a0                sys_get_led_info()
 .text._Z17nfc_start_pollingv
                0x08000404       0x1c C:\Users\XM\AppData\Local\Temp\arduino\sketches\395DA6E57F2FD801FDA8B66AD49E8E4E\sketch\Arduino-Aime-Reader.ino.cpp.o
                0x08000404                nfc_start_polling()
 .text._Z16nfc_stop_pollingv
                0x08000420       0x1c C:\Users\XM\AppData\Local\Temp\arduino\sketches\395DA6E57F2FD801FDA8B66AD49E8E4E\sketch\Arduino-Aime-Reader.ino.cpp.o
                0x08000420                nfc_stop_polling()
 .text._Z15nfc_card_detectv
                0x0800043c      0x158 C:\Users\XM\AppData\Local\Temp\arduino\sketches\395DA6E57F2FD801FDA8B66AD49E8E4E\sketch\Arduino-Aime-Reader.ino.cpp.o
                0x0800043c                nfc_card_detect()
 .text._Z22nfc_mifare_authorize_av
                0x08000594       0x34 C:\Users\XM\AppData\Local\Temp\arduino\sketches\395DA6E57F2FD801FDA8B66AD49E8E4E\sketch\Arduino-Aime-Reader.ino.cpp.o
                0x08000594                nfc_mifare_authorize_a()
 .text._Z22nfc_mifare_authorize_bv
                0x080005c8       0x34 C:\Users\XM\AppData\Local\Temp\arduino\sketches\395DA6E57F2FD801FDA8B66AD49E8E4E\sketch\Arduino-Aime-Reader.ino.cpp.o
                0x080005c8                nfc_mifare_authorize_b()
 .text._Z15nfc_mifare_readv
                0x080005fc      0x1c4 C:\Users\XM\AppData\Local\Temp\arduino\sketches\395DA6E57F2FD801FDA8B66AD49E8E4E\sketch\Arduino-Aime-Reader.ino.cpp.o
                0x080005fc                nfc_mifare_read()
 .text._Z18nfc_felica_throughv
                0x080007c0      0x13c C:\Users\XM\AppData\Local\Temp\arduino\sketches\395DA6E57F2FD801FDA8B66AD49E8E4E\sketch\Arduino-Aime-Reader.ino.cpp.o
                0x080007c0                nfc_felica_through()
 .text._Z14Sega_Mode_Initv
                0x080008fc       0xec C:\Users\XM\AppData\Local\Temp\arduino\sketches\395DA6E57F2FD801FDA8B66AD49E8E4E\sketch\Arduino-Aime-Reader.ino.cpp.o
                0x080008fc                Sega_Mode_Init()
 .text._Z7hex2strh
                0x080009e8        0xc C:\Users\XM\AppData\Local\Temp\arduino\sketches\395DA6E57F2FD801FDA8B66AD49E8E4E\sketch\Arduino-Aime-Reader.ino.cpp.o
                0x080009e8                hex2str(unsigned char)
 .text._Z15Spice_Mode_Initv
                0x080009f4       0x7c C:\Users\XM\AppData\Local\Temp\arduino\sketches\395DA6E57F2FD801FDA8B66AD49E8E4E\sketch\Arduino-Aime-Reader.ino.cpp.o
                0x080009f4                Spice_Mode_Init()
 .text._ZN7message8initThisEv
                0x08000a70       0x14 C:\Users\XM\AppData\Local\Temp\arduino\sketches\395DA6E57F2FD801FDA8B66AD49E8E4E\sketch\Arduino-Aime-Reader.ino.cpp.o
                0x08000a70                message::initThis()
 .text._ZN7message7isReadyEv
                0x08000a84       0x24 C:\Users\XM\AppData\Local\Temp\arduino\sketches\395DA6E57F2FD801FDA8B66AD49E8E4E\sketch\Arduino-Aime-Reader.ino.cpp.o
                0x08000a84                message::isReady()
 .text._Z6ledsvcv
                0x08000aa8      0x3a8 C:\Users\XM\AppData\Local\Temp\arduino\sketches\395DA6E57F2FD801FDA8B66AD49E8E4E\sketch\Arduino-Aime-Reader.ino.cpp.o
                0x08000aa8                ledsvc()
 .text._Z19set_led_blue_breathv
                0x08000e50       0x28 C:\Users\XM\AppData\Local\Temp\arduino\sketches\395DA6E57F2FD801FDA8B66AD49E8E4E\sketch\Arduino-Aime-Reader.ino.cpp.o
                0x08000e50                set_led_blue_breath()
 .text._Z18set_led_rgb_breathv
                0x08000e78       0x28 C:\Users\XM\AppData\Local\Temp\arduino\sketches\395DA6E57F2FD801FDA8B66AD49E8E4E\sketch\Arduino-Aime-Reader.ino.cpp.o
                0x08000e78                set_led_rgb_breath()
 .text._Z23set_led_red_yellow_loopv
                0x08000ea0       0x3c C:\Users\XM\AppData\Local\Temp\arduino\sketches\395DA6E57F2FD801FDA8B66AD49E8E4E\sketch\Arduino-Aime-Reader.ino.cpp.o
                0x08000ea0                set_led_red_yellow_loop()
 .text._Z11set_led_offv
                0x08000edc       0x14 C:\Users\XM\AppData\Local\Temp\arduino\sketches\395DA6E57F2FD801FDA8B66AD49E8E4E\sketch\Arduino-Aime-Reader.ino.cpp.o
                0x08000edc                set_led_off()
 .text._Z17set_led_blue_keepv
                0x08000ef0        0xa C:\Users\XM\AppData\Local\Temp\arduino\sketches\395DA6E57F2FD801FDA8B66AD49E8E4E\sketch\Arduino-Aime-Reader.ino.cpp.o
                0x08000ef0                set_led_blue_keep()
 *fill*         0x08000efa        0x2 
 .text._Z23set_led_green_blue_loopv
                0x08000efc       0x3c C:\Users\XM\AppData\Local\Temp\arduino\sketches\395DA6E57F2FD801FDA8B66AD49E8E4E\sketch\Arduino-Aime-Reader.ino.cpp.o
                0x08000efc                set_led_green_blue_loop()
 .text._Z26set_led_green_to_blue_keepv
                0x08000f38       0x3c C:\Users\XM\AppData\Local\Temp\arduino\sketches\395DA6E57F2FD801FDA8B66AD49E8E4E\sketch\Arduino-Aime-Reader.ino.cpp.o
                0x08000f38                set_led_green_to_blue_keep()
 .text._Z24set_led_red_to_blue_keepv
                0x08000f74       0x3c C:\Users\XM\AppData\Local\Temp\arduino\sketches\395DA6E57F2FD801FDA8B66AD49E8E4E\sketch\Arduino-Aime-Reader.ino.cpp.o
                0x08000f74                set_led_red_to_blue_keep()
 .text._Z10setLEDModeh
                0x08000fb0       0x40 C:\Users\XM\AppData\Local\Temp\arduino\sketches\395DA6E57F2FD801FDA8B66AD49E8E4E\sketch\Arduino-Aime-Reader.ino.cpp.o
                0x08000fb0                setLEDMode(unsigned char)
 .text._Z11packet_readv
                0x08000ff0       0x94 C:\Users\XM\AppData\Local\Temp\arduino\sketches\395DA6E57F2FD801FDA8B66AD49E8E4E\sketch\Arduino-Aime-Reader.ino.cpp.o
                0x08000ff0                packet_read()
 .text._Z16Test_Reader_Loopv
                0x08001084      0x2b4 C:\Users\XM\AppData\Local\Temp\arduino\sketches\395DA6E57F2FD801FDA8B66AD49E8E4E\sketch\Arduino-Aime-Reader.ino.cpp.o
                0x08001084                Test_Reader_Loop()
 .text._ZN8spiceapi10Connection5resetEv
                0x08001338       0x1c C:\Users\XM\AppData\Local\Temp\arduino\sketches\395DA6E57F2FD801FDA8B66AD49E8E4E\sketch\Arduino-Aime-Reader.ino.cpp.o
                0x08001338                spiceapi::Connection::reset()
 .text._ZN8spiceapi10ConnectionC2Ej
                0x08001354       0x1a C:\Users\XM\AppData\Local\Temp\arduino\sketches\395DA6E57F2FD801FDA8B66AD49E8E4E\sketch\Arduino-Aime-Reader.ino.cpp.o
                0x08001354                spiceapi::Connection::Connection(unsigned int)
                0x08001354                spiceapi::Connection::Connection(unsigned int)
 *fill*         0x0800136e        0x2 
 .text.startup._GLOBAL__sub_I__Z8LED_showhhh
                0x08001370       0x70 C:\Users\XM\AppData\Local\Temp\arduino\sketches\395DA6E57F2FD801FDA8B66AD49E8E4E\sketch\Arduino-Aime-Reader.ino.cpp.o
 .text._Z12packet_writev
                0x080013e0       0x60 C:\Users\XM\AppData\Local\Temp\arduino\sketches\395DA6E57F2FD801FDA8B66AD49E8E4E\sketch\Arduino-Aime-Reader.ino.cpp.o
                0x080013e0                packet_write()
 .text._Z14Sega_Mode_Loopv
                0x08001440      0x244 C:\Users\XM\AppData\Local\Temp\arduino\sketches\395DA6E57F2FD801FDA8B66AD49E8E4E\sketch\Arduino-Aime-Reader.ino.cpp.o
                0x08001440                Sega_Mode_Loop()
 .text._Z6doSendv
                0x08001684       0x64 C:\Users\XM\AppData\Local\Temp\arduino\sketches\395DA6E57F2FD801FDA8B66AD49E8E4E\sketch\Arduino-Aime-Reader.ino.cpp.o
                0x08001684                doSend()
 .text._ZN8spiceapi10Connection7requestEPcj
                0x080016e8       0x7c C:\Users\XM\AppData\Local\Temp\arduino\sketches\395DA6E57F2FD801FDA8B66AD49E8E4E\sketch\Arduino-Aime-Reader.ino.cpp.o
                0x080016e8                spiceapi::Connection::request(char*, unsigned int)
 .text._Z15Spice_Mode_Loopv
                0x08001764      0x19c C:\Users\XM\AppData\Local\Temp\arduino\sketches\395DA6E57F2FD801FDA8B66AD49E8E4E\sketch\Arduino-Aime-Reader.ino.cpp.o
                0x08001764                Spice_Mode_Loop()
 .text._Z8RAW_Loopv
                0x08001900       0x4c C:\Users\XM\AppData\Local\Temp\arduino\sketches\395DA6E57F2FD801FDA8B66AD49E8E4E\sketch\Arduino-Aime-Reader.ino.cpp.o
                0x08001900                RAW_Loop()
 .text._Z4procv
                0x0800194c      0x5b4 C:\Users\XM\AppData\Local\Temp\arduino\sketches\395DA6E57F2FD801FDA8B66AD49E8E4E\sketch\Arduino-Aime-Reader.ino.cpp.o
                0x0800194c                proc()
 .text._Z6doRecvv
                0x08001f00       0x88 C:\Users\XM\AppData\Local\Temp\arduino\sketches\395DA6E57F2FD801FDA8B66AD49E8E4E\sketch\Arduino-Aime-Reader.ino.cpp.o
                0x08001f00                doRecv()
 .text._Z15Namco_Mode_Loopv
                0x08001f88       0x70 C:\Users\XM\AppData\Local\Temp\arduino\sketches\395DA6E57F2FD801FDA8B66AD49E8E4E\sketch\Arduino-Aime-Reader.ino.cpp.o
                0x08001f88                Namco_Mode_Loop()
 .text._Z17Namco_PN532_Setupv
                0x08001ff8      0x11c C:\Users\XM\AppData\Local\Temp\arduino\sketches\395DA6E57F2FD801FDA8B66AD49E8E4E\sketch\Arduino-Aime-Reader.ino.cpp.o
                0x08001ff8                Namco_PN532_Setup()
 .text._Z5setupv
                0x08002114       0x50 C:\Users\XM\AppData\Local\Temp\arduino\sketches\395DA6E57F2FD801FDA8B66AD49E8E4E\sketch\Arduino-Aime-Reader.ino.cpp.o
                0x08002114                setup()
 .text._Z4loopv
                0x08002164       0x6c C:\Users\XM\AppData\Local\Temp\arduino\sketches\395DA6E57F2FD801FDA8B66AD49E8E4E\sketch\Arduino-Aime-Reader.ino.cpp.o
                0x08002164                loop()
 .text._ZN9PN532_HSU5beginEv
                0x080021d0        0xa C:\Users\XM\AppData\Local\Temp\arduino\sketches\395DA6E57F2FD801FDA8B66AD49E8E4E\libraries\PN532_HSU\PN532_HSU.cpp.o
                0x080021d0                PN532_HSU::begin()
 .text._ZN14HardwareSerial5writeEi
                0x080021da        0x8 C:\Users\XM\AppData\Local\Temp\arduino\sketches\395DA6E57F2FD801FDA8B66AD49E8E4E\libraries\PN532_HSU\PN532_HSU.cpp.o
                0x080021da                HardwareSerial::write(int)
 .text._ZN9PN532_HSU6wakeupEv
                0x080021e2       0x4e C:\Users\XM\AppData\Local\Temp\arduino\sketches\395DA6E57F2FD801FDA8B66AD49E8E4E\libraries\PN532_HSU\PN532_HSU.cpp.o
                0x080021e2                PN532_HSU::wakeup()
 .text._ZN9PN532_HSUC2ER14HardwareSerial
                0x08002230       0x10 C:\Users\XM\AppData\Local\Temp\arduino\sketches\395DA6E57F2FD801FDA8B66AD49E8E4E\libraries\PN532_HSU\PN532_HSU.cpp.o
                0x08002230                PN532_HSU::PN532_HSU(HardwareSerial&)
                0x08002230                PN532_HSU::PN532_HSU(HardwareSerial&)
 .text._ZN9PN532_HSU7receiveEPhit
                0x08002240       0x4c C:\Users\XM\AppData\Local\Temp\arduino\sketches\395DA6E57F2FD801FDA8B66AD49E8E4E\libraries\PN532_HSU\PN532_HSU.cpp.o
                0x08002240                PN532_HSU::receive(unsigned char*, int, unsigned short)
 .text._ZN9PN532_HSU12readResponseEPhht
                0x0800228c       0xf2 C:\Users\XM\AppData\Local\Temp\arduino\sketches\395DA6E57F2FD801FDA8B66AD49E8E4E\libraries\PN532_HSU\PN532_HSU.cpp.o
                0x0800228c                PN532_HSU::readResponse(unsigned char*, unsigned char, unsigned short)
 *fill*         0x0800237e        0x2 
 .text._ZN9PN532_HSU12readAckFrameEv
                0x08002380       0x40 C:\Users\XM\AppData\Local\Temp\arduino\sketches\395DA6E57F2FD801FDA8B66AD49E8E4E\libraries\PN532_HSU\PN532_HSU.cpp.o
                0x08002380                PN532_HSU::readAckFrame()
 .text._ZN9PN532_HSU12writeCommandEPKhhS1_h
                0x080023c0       0xd0 C:\Users\XM\AppData\Local\Temp\arduino\sketches\395DA6E57F2FD801FDA8B66AD49E8E4E\libraries\PN532_HSU\PN532_HSU.cpp.o
                0x080023c0                PN532_HSU::writeCommand(unsigned char const*, unsigned char, unsigned char const*, unsigned char)
 .text._ZN5PN532C2ER14PN532Interface
                0x08002490        0x4 C:\Users\XM\AppData\Local\Temp\arduino\sketches\395DA6E57F2FD801FDA8B66AD49E8E4E\libraries\PN532\PN532.cpp.o
                0x08002490                PN532::PN532(PN532Interface&)
                0x08002490                PN532::PN532(PN532Interface&)
 .text._ZN5PN5325beginEv
                0x08002494       0x18 C:\Users\XM\AppData\Local\Temp\arduino\sketches\395DA6E57F2FD801FDA8B66AD49E8E4E\libraries\PN532\PN532.cpp.o
                0x08002494                PN532::begin()
 .text._ZN5PN5328PrintHexEPKhm
                0x080024ac       0x54 C:\Users\XM\AppData\Local\Temp\arduino\sketches\395DA6E57F2FD801FDA8B66AD49E8E4E\libraries\PN532\PN532.cpp.o
                0x080024ac                PN532::PrintHex(unsigned char const*, unsigned long)
 .text._ZN5PN53218getFirmwareVersionEv
                0x08002500       0x52 C:\Users\XM\AppData\Local\Temp\arduino\sketches\395DA6E57F2FD801FDA8B66AD49E8E4E\libraries\PN532\PN532.cpp.o
                0x08002500                PN532::getFirmwareVersion()
 .text._ZN5PN5329SAMConfigEv
                0x08002552       0x4e C:\Users\XM\AppData\Local\Temp\arduino\sketches\395DA6E57F2FD801FDA8B66AD49E8E4E\libraries\PN532\PN532.cpp.o
                0x08002552                PN532::SAMConfig()
 .text._ZN5PN53227setPassiveActivationRetriesEh
                0x080025a0       0x54 C:\Users\XM\AppData\Local\Temp\arduino\sketches\395DA6E57F2FD801FDA8B66AD49E8E4E\libraries\PN532\PN532.cpp.o
                0x080025a0                PN532::setPassiveActivationRetries(unsigned char)
 .text._ZN5PN53210setRFFieldEhh
                0x080025f4       0x4c C:\Users\XM\AppData\Local\Temp\arduino\sketches\395DA6E57F2FD801FDA8B66AD49E8E4E\libraries\PN532\PN532.cpp.o
                0x080025f4                PN532::setRFField(unsigned char, unsigned char)
 .text._ZN5PN53219readPassiveTargetIDEhPhS0_tb
                0x08002640       0x8c C:\Users\XM\AppData\Local\Temp\arduino\sketches\395DA6E57F2FD801FDA8B66AD49E8E4E\libraries\PN532\PN532.cpp.o
                0x08002640                PN532::readPassiveTargetID(unsigned char, unsigned char*, unsigned char*, unsigned short, bool)
 .text._ZN5PN53231mifareclassic_AuthenticateBlockEPhhmhS0_
                0x080026cc       0x96 C:\Users\XM\AppData\Local\Temp\arduino\sketches\395DA6E57F2FD801FDA8B66AD49E8E4E\libraries\PN532\PN532.cpp.o
                0x080026cc                PN532::mifareclassic_AuthenticateBlock(unsigned char*, unsigned char, unsigned long, unsigned char, unsigned char*)
 .text._ZN5PN53227mifareclassic_ReadDataBlockEhPh
                0x08002762       0x6c C:\Users\XM\AppData\Local\Temp\arduino\sketches\395DA6E57F2FD801FDA8B66AD49E8E4E\libraries\PN532\PN532.cpp.o
                0x08002762                PN532::mifareclassic_ReadDataBlock(unsigned char, unsigned char*)
 .text._ZN5PN53214felica_PollingEthPhS0_Ptt
                0x080027ce       0xd4 C:\Users\XM\AppData\Local\Temp\arduino\sketches\395DA6E57F2FD801FDA8B66AD49E8E4E\libraries\PN532\PN532.cpp.o
                0x080027ce                PN532::felica_Polling(unsigned short, unsigned char, unsigned char*, unsigned char*, unsigned short*, unsigned short)
 .text._ZN5PN53218felica_SendCommandEPKhhPhS2_
                0x080028a2       0x90 C:\Users\XM\AppData\Local\Temp\arduino\sketches\395DA6E57F2FD801FDA8B66AD49E8E4E\libraries\PN532\PN532.cpp.o
                0x080028a2                PN532::felica_SendCommand(unsigned char const*, unsigned char, unsigned char*, unsigned char*)
 .text._ZN5PN53228felica_ReadWithoutEncryptionEhPKthS1_PA16_h
                0x08002932      0x122 C:\Users\XM\AppData\Local\Temp\arduino\sketches\395DA6E57F2FD801FDA8B66AD49E8E4E\libraries\PN532\PN532.cpp.o
                0x08002932                PN532::felica_ReadWithoutEncryption(unsigned char, unsigned short const*, unsigned char, unsigned short const*, unsigned char (*) [16])
 .text._ZN11EEPROMClass12EE_CheckPageEmt
                0x08002a54       0x32 C:\Users\XM\AppData\Local\Temp\arduino\sketches\395DA6E57F2FD801FDA8B66AD49E8E4E\libraries\EEPROM\EEPROM.cpp.o
                0x08002a54                EEPROMClass::EE_CheckPage(unsigned long, unsigned short)
 .text._ZN11EEPROMClass12EE_ErasePageEm
                0x08002a86       0x58 C:\Users\XM\AppData\Local\Temp\arduino\sketches\395DA6E57F2FD801FDA8B66AD49E8E4E\libraries\EEPROM\EEPROM.cpp.o
                0x08002a86                EEPROMClass::EE_ErasePage(unsigned long)
 .text._ZN11EEPROMClass17EE_CheckErasePageEmt
                0x08002ade       0x2c C:\Users\XM\AppData\Local\Temp\arduino\sketches\395DA6E57F2FD801FDA8B66AD49E8E4E\libraries\EEPROM\EEPROM.cpp.o
                0x08002ade                EEPROMClass::EE_CheckErasePage(unsigned long, unsigned short)
 .text._ZN11EEPROMClass16EE_FindValidPageEv
                0x08002b0a       0x30 C:\Users\XM\AppData\Local\Temp\arduino\sketches\395DA6E57F2FD801FDA8B66AD49E8E4E\libraries\EEPROM\EEPROM.cpp.o
                0x08002b0a                EEPROMClass::EE_FindValidPage()
 .text._ZN11EEPROMClass20EE_GetVariablesCountEmt
                0x08002b3a       0x3c C:\Users\XM\AppData\Local\Temp\arduino\sketches\395DA6E57F2FD801FDA8B66AD49E8E4E\libraries\EEPROM\EEPROM.cpp.o
                0x08002b3a                EEPROMClass::EE_GetVariablesCount(unsigned long, unsigned short)
 .text._ZN11EEPROMClass15EE_PageTransferEmmt
                0x08002b76       0xb0 C:\Users\XM\AppData\Local\Temp\arduino\sketches\395DA6E57F2FD801FDA8B66AD49E8E4E\libraries\EEPROM\EEPROM.cpp.o
                0x08002b76                EEPROMClass::EE_PageTransfer(unsigned long, unsigned long, unsigned short)
 .text._ZN11EEPROMClass30EE_VerifyPageFullWriteVariableEtt
                0x08002c26       0xf4 C:\Users\XM\AppData\Local\Temp\arduino\sketches\395DA6E57F2FD801FDA8B66AD49E8E4E\libraries\EEPROM\EEPROM.cpp.o
                0x08002c26                EEPROMClass::EE_VerifyPageFullWriteVariable(unsigned short, unsigned short)
 *fill*         0x08002d1a        0x2 
 .text._ZN11EEPROMClassC2Ev
                0x08002d1c       0x20 C:\Users\XM\AppData\Local\Temp\arduino\sketches\395DA6E57F2FD801FDA8B66AD49E8E4E\libraries\EEPROM\EEPROM.cpp.o
                0x08002d1c                EEPROMClass::EEPROMClass()
                0x08002d1c                EEPROMClass::EEPROMClass()
 .text._ZN11EEPROMClass6formatEv
                0x08002d3c       0x40 C:\Users\XM\AppData\Local\Temp\arduino\sketches\395DA6E57F2FD801FDA8B66AD49E8E4E\libraries\EEPROM\EEPROM.cpp.o
                0x08002d3c                EEPROMClass::format()
 .text._ZN11EEPROMClass4initEv
                0x08002d7c       0xbe C:\Users\XM\AppData\Local\Temp\arduino\sketches\395DA6E57F2FD801FDA8B66AD49E8E4E\libraries\EEPROM\EEPROM.cpp.o
                0x08002d7c                EEPROMClass::init()
 .text._ZN11EEPROMClass4initEmmm
                0x08002e3a       0x12 C:\Users\XM\AppData\Local\Temp\arduino\sketches\395DA6E57F2FD801FDA8B66AD49E8E4E\libraries\EEPROM\EEPROM.cpp.o
                0x08002e3a                EEPROMClass::init(unsigned long, unsigned long, unsigned long)
 .text._ZN11EEPROMClass4readEtPt
                0x08002e4c       0x52 C:\Users\XM\AppData\Local\Temp\arduino\sketches\395DA6E57F2FD801FDA8B66AD49E8E4E\libraries\EEPROM\EEPROM.cpp.o
                0x08002e4c                EEPROMClass::read(unsigned short, unsigned short*)
 .text._ZN11EEPROMClass4readEt
                0x08002e9e       0x14 C:\Users\XM\AppData\Local\Temp\arduino\sketches\395DA6E57F2FD801FDA8B66AD49E8E4E\libraries\EEPROM\EEPROM.cpp.o
                0x08002e9e                EEPROMClass::read(unsigned short)
 .text._ZN11EEPROMClass5writeEtt
                0x08002eb2       0x32 C:\Users\XM\AppData\Local\Temp\arduino\sketches\395DA6E57F2FD801FDA8B66AD49E8E4E\libraries\EEPROM\EEPROM.cpp.o
                0x08002eb2                EEPROMClass::write(unsigned short, unsigned short)
 .text.startup._GLOBAL__sub_I__ZN11EEPROMClass12EE_CheckPageEmt
                0x08002ee4        0xc C:\Users\XM\AppData\Local\Temp\arduino\sketches\395DA6E57F2FD801FDA8B66AD49E8E4E\libraries\EEPROM\EEPROM.cpp.o
 .text.FLASH_GetStatus
                0x08002ef0       0x34 C:\Users\XM\AppData\Local\Temp\arduino\sketches\395DA6E57F2FD801FDA8B66AD49E8E4E\libraries\EEPROM\flash_stm32.c.o
                0x08002ef0                FLASH_GetStatus
 .text.FLASH_WaitForLastOperation
                0x08002f24       0x38 C:\Users\XM\AppData\Local\Temp\arduino\sketches\395DA6E57F2FD801FDA8B66AD49E8E4E\libraries\EEPROM\flash_stm32.c.o
                0x08002f24                FLASH_WaitForLastOperation
 .text.FLASH_ErasePage
                0x08002f5c       0x44 C:\Users\XM\AppData\Local\Temp\arduino\sketches\395DA6E57F2FD801FDA8B66AD49E8E4E\libraries\EEPROM\flash_stm32.c.o
                0x08002f5c                FLASH_ErasePage
 .text.FLASH_ProgramHalfWord
                0x08002fa0       0x4c C:\Users\XM\AppData\Local\Temp\arduino\sketches\395DA6E57F2FD801FDA8B66AD49E8E4E\libraries\EEPROM\flash_stm32.c.o
                0x08002fa0                FLASH_ProgramHalfWord
 .text.FLASH_Unlock
                0x08002fec       0x18 C:\Users\XM\AppData\Local\Temp\arduino\sketches\395DA6E57F2FD801FDA8B66AD49E8E4E\libraries\EEPROM\flash_stm32.c.o
                0x08002fec                FLASH_Unlock
 .text._Z9boardInitv
                0x08003004        0x2 C:\Users\XM\AppData\Local\Temp\arduino\sketches\395DA6E57F2FD801FDA8B66AD49E8E4E\core\board.cpp.o
                0x08003004                boardInit()
 *fill*         0x08003006        0x2 
 .text.startup._GLOBAL__sub_I__Z9boardInitv
                0x08003008       0x48 C:\Users\XM\AppData\Local\Temp\arduino\sketches\395DA6E57F2FD801FDA8B66AD49E8E4E\core\board.cpp.o
 .text._ZL18adc_default_configP7adc_dev
                0x08003050       0x1c C:\Users\XM\AppData\Local\Temp\arduino\sketches\395DA6E57F2FD801FDA8B66AD49E8E4E\core\wirish\boards.cpp.o
 .text._ZL20timer_default_configP9timer_dev
                0x0800306c       0xa8 C:\Users\XM\AppData\Local\Temp\arduino\sketches\395DA6E57F2FD801FDA8B66AD49E8E4E\core\wirish\boards.cpp.o
 .text._Z4initv
                0x08003114       0xbc C:\Users\XM\AppData\Local\Temp\arduino\sketches\395DA6E57F2FD801FDA8B66AD49E8E4E\core\wirish\boards.cpp.o
                0x08003114                init()
 .text._ZN6wirish4priv15board_reset_pllEv
                0x080031d0        0x2 C:\Users\XM\AppData\Local\Temp\arduino\sketches\395DA6E57F2FD801FDA8B66AD49E8E4E\core\wirish\boards_setup.cpp.o
                0x080031d0                wirish::priv::board_reset_pll()
 .text._ZN6wirish4priv28board_setup_clock_prescalersEv
                0x080031d2       0x2e C:\Users\XM\AppData\Local\Temp\arduino\sketches\395DA6E57F2FD801FDA8B66AD49E8E4E\core\wirish\boards_setup.cpp.o
                0x080031d2                wirish::priv::board_setup_clock_prescalers()
 .text._ZN6wirish4priv16board_setup_gpioEv
                0x08003200        0x4 C:\Users\XM\AppData\Local\Temp\arduino\sketches\395DA6E57F2FD801FDA8B66AD49E8E4E\core\wirish\boards_setup.cpp.o
                0x08003200                wirish::priv::board_setup_gpio()
 .text._ZN6wirish4priv15board_setup_usbEv
                0x08003204       0x50 C:\Users\XM\AppData\Local\Temp\arduino\sketches\395DA6E57F2FD801FDA8B66AD49E8E4E\core\wirish\boards_setup.cpp.o
                0x08003204                wirish::priv::board_setup_usb()
 .text._ZN6wirish4priv11series_initEv
                0x08003254        0x4 C:\Users\XM\AppData\Local\Temp\arduino\sketches\395DA6E57F2FD801FDA8B66AD49E8E4E\core\wirish\boards_setup.cpp.o
                0x08003254                wirish::priv::series_init()
 .text          0x08003258       0x10 C:\Users\XM\AppData\Local\Temp\arduino\sketches\395DA6E57F2FD801FDA8B66AD49E8E4E\core\wirish\start.S.o
                0x08003258                __start__
 .text.start_c  0x08003268       0x54 C:\Users\XM\AppData\Local\Temp\arduino\sketches\395DA6E57F2FD801FDA8B66AD49E8E4E\core\wirish\start_c.c.o
                0x08003268                start_c
 .text._sbrk    0x080032bc       0x44 C:\Users\XM\AppData\Local\Temp\arduino\sketches\395DA6E57F2FD801FDA8B66AD49E8E4E\core\wirish\syscalls.c.o
                0x080032bc                _sbrk
 .text.rb_full_count
                0x08003300       0x18 C:\Users\XM\AppData\Local\Temp\arduino\cores\b8e377b71d0c10b31ba3f6ffd29b5f93\core.a(HardwareSerial.cpp.o)
 .text._ZN14HardwareSerial4readEv
                0x08003318       0x38 C:\Users\XM\AppData\Local\Temp\arduino\cores\b8e377b71d0c10b31ba3f6ffd29b5f93\core.a(HardwareSerial.cpp.o)
                0x08003318                HardwareSerial::read()
 .text._ZN14HardwareSerial9availableEv
                0x08003350        0xc C:\Users\XM\AppData\Local\Temp\arduino\cores\b8e377b71d0c10b31ba3f6ffd29b5f93\core.a(HardwareSerial.cpp.o)
                0x08003350                HardwareSerial::available()
 .text._ZN14HardwareSerial4peekEv
                0x0800335c       0x20 C:\Users\XM\AppData\Local\Temp\arduino\cores\b8e377b71d0c10b31ba3f6ffd29b5f93\core.a(HardwareSerial.cpp.o)
                0x0800335c                HardwareSerial::peek()
 .text._ZN14HardwareSerial5flushEv
                0x0800337c       0x18 C:\Users\XM\AppData\Local\Temp\arduino\cores\b8e377b71d0c10b31ba3f6ffd29b5f93\core.a(HardwareSerial.cpp.o)
                0x0800337c                HardwareSerial::flush()
 .text._ZN14HardwareSerial5writeEh
                0x08003394       0x1e C:\Users\XM\AppData\Local\Temp\arduino\cores\b8e377b71d0c10b31ba3f6ffd29b5f93\core.a(HardwareSerial.cpp.o)
                0x08003394                HardwareSerial::write(unsigned char)
 *fill*         0x080033b2        0x2 
 .text._ZN14HardwareSerialC2EP9usart_devhh
                0x080033b4       0x20 C:\Users\XM\AppData\Local\Temp\arduino\cores\b8e377b71d0c10b31ba3f6ffd29b5f93\core.a(HardwareSerial.cpp.o)
                0x080033b4                HardwareSerial::HardwareSerial(usart_dev*, unsigned char, unsigned char)
                0x080033b4                HardwareSerial::HardwareSerial(usart_dev*, unsigned char, unsigned char)
 .text._ZN14HardwareSerial5beginEmh
                0x080033d4       0x68 C:\Users\XM\AppData\Local\Temp\arduino\cores\b8e377b71d0c10b31ba3f6ffd29b5f93\core.a(HardwareSerial.cpp.o)
                0x080033d4                HardwareSerial::begin(unsigned long, unsigned char)
 .text._ZN14HardwareSerial5beginEm
                0x0800343c        0x6 C:\Users\XM\AppData\Local\Temp\arduino\cores\b8e377b71d0c10b31ba3f6ffd29b5f93\core.a(HardwareSerial.cpp.o)
                0x0800343c                HardwareSerial::begin(unsigned long)
 .text._ZN5Print5writeEPKvm
                0x08003442       0x20 C:\Users\XM\AppData\Local\Temp\arduino\cores\b8e377b71d0c10b31ba3f6ffd29b5f93\core.a(Print.cpp.o)
                0x08003442                Print::write(void const*, unsigned long)
 .text._ZN5Print5writeEPKc
                0x08003462       0x20 C:\Users\XM\AppData\Local\Temp\arduino\cores\b8e377b71d0c10b31ba3f6ffd29b5f93\core.a(Print.cpp.o)
                0x08003462                Print::write(char const*)
 .text._ZN5Print5printEc
                0x08003482        0x6 C:\Users\XM\AppData\Local\Temp\arduino\cores\b8e377b71d0c10b31ba3f6ffd29b5f93\core.a(Print.cpp.o)
                0x08003482                Print::print(char)
 .text._ZN5Print5printEPKc
                0x08003488        0x6 C:\Users\XM\AppData\Local\Temp\arduino\cores\b8e377b71d0c10b31ba3f6ffd29b5f93\core.a(Print.cpp.o)
                0x08003488                Print::print(char const*)
 .text._ZN5Print7printlnEv
                0x0800348e       0x18 C:\Users\XM\AppData\Local\Temp\arduino\cores\b8e377b71d0c10b31ba3f6ffd29b5f93\core.a(Print.cpp.o)
                0x0800348e                Print::println()
 .text._ZN5Print7printlnEPKc
                0x080034a6       0x14 C:\Users\XM\AppData\Local\Temp\arduino\cores\b8e377b71d0c10b31ba3f6ffd29b5f93\core.a(Print.cpp.o)
                0x080034a6                Print::println(char const*)
 .text._ZN5Print11printNumberEyh
                0x080034ba       0x6c C:\Users\XM\AppData\Local\Temp\arduino\cores\b8e377b71d0c10b31ba3f6ffd29b5f93\core.a(Print.cpp.o)
                0x080034ba                Print::printNumber(unsigned long long, unsigned char)
 .text._ZN5Print5printExi
                0x08003526       0x32 C:\Users\XM\AppData\Local\Temp\arduino\cores\b8e377b71d0c10b31ba3f6ffd29b5f93\core.a(Print.cpp.o)
                0x08003526                Print::print(long long, int)
 .text._ZN5Print5printEii
                0x08003558       0x12 C:\Users\XM\AppData\Local\Temp\arduino\cores\b8e377b71d0c10b31ba3f6ffd29b5f93\core.a(Print.cpp.o)
                0x08003558                Print::print(int, int)
 .text._ZN5Print7printlnEii
                0x0800356a       0x14 C:\Users\XM\AppData\Local\Temp\arduino\cores\b8e377b71d0c10b31ba3f6ffd29b5f93\core.a(Print.cpp.o)
                0x0800356a                Print::println(int, int)
 .text._ZN5Print5printEhi
                0x0800357e       0x14 C:\Users\XM\AppData\Local\Temp\arduino\cores\b8e377b71d0c10b31ba3f6ffd29b5f93\core.a(Print.cpp.o)
                0x0800357e                Print::print(unsigned char, int)
 .text.adc_init
                0x08003592       0x14 C:\Users\XM\AppData\Local\Temp\arduino\cores\b8e377b71d0c10b31ba3f6ffd29b5f93\core.a(adc.c.o)
                0x08003592                adc_init
 .text.adc_set_extsel
                0x080035a6       0x12 C:\Users\XM\AppData\Local\Temp\arduino\cores\b8e377b71d0c10b31ba3f6ffd29b5f93\core.a(adc.c.o)
                0x080035a6                adc_set_extsel
 .text.adc_set_sample_rate
                0x080035b8       0x2a C:\Users\XM\AppData\Local\Temp\arduino\cores\b8e377b71d0c10b31ba3f6ffd29b5f93\core.a(adc.c.o)
                0x080035b8                adc_set_sample_rate
 *fill*         0x080035e2        0x2 
 .text.__irq_adc
                0x080035e4       0x54 C:\Users\XM\AppData\Local\Temp\arduino\cores\b8e377b71d0c10b31ba3f6ffd29b5f93\core.a(adc_f1.c.o)
                0x080035e4                __irq_adc
 .text.adc_calibrate
                0x08003638       0x24 C:\Users\XM\AppData\Local\Temp\arduino\cores\b8e377b71d0c10b31ba3f6ffd29b5f93\core.a(adc_f1.c.o)
                0x08003638                adc_calibrate
 .text.adc_set_prescaler
                0x0800365c        0x8 C:\Users\XM\AppData\Local\Temp\arduino\cores\b8e377b71d0c10b31ba3f6ffd29b5f93\core.a(adc_f1.c.o)
                0x0800365c                adc_set_prescaler
 .text.adc_foreach
                0x08003664       0x20 C:\Users\XM\AppData\Local\Temp\arduino\cores\b8e377b71d0c10b31ba3f6ffd29b5f93\core.a(adc_f1.c.o)
                0x08003664                adc_foreach
 .text.adc_enable_single_swstart
                0x08003684       0x36 C:\Users\XM\AppData\Local\Temp\arduino\cores\b8e377b71d0c10b31ba3f6ffd29b5f93\core.a(adc_f1.c.o)
                0x08003684                adc_enable_single_swstart
 .text.dma_irq_handler
                0x080036ba       0x1a C:\Users\XM\AppData\Local\Temp\arduino\cores\b8e377b71d0c10b31ba3f6ffd29b5f93\core.a(dma_f1.c.o)
 .text.__irq_dma1_channel1
                0x080036d4       0x10 C:\Users\XM\AppData\Local\Temp\arduino\cores\b8e377b71d0c10b31ba3f6ffd29b5f93\core.a(dma_f1.c.o)
                0x080036d4                __irq_dma1_channel1
 .text.__irq_dma1_channel2
                0x080036e4       0x10 C:\Users\XM\AppData\Local\Temp\arduino\cores\b8e377b71d0c10b31ba3f6ffd29b5f93\core.a(dma_f1.c.o)
                0x080036e4                __irq_dma1_channel2
 .text.__irq_dma1_channel3
                0x080036f4       0x10 C:\Users\XM\AppData\Local\Temp\arduino\cores\b8e377b71d0c10b31ba3f6ffd29b5f93\core.a(dma_f1.c.o)
                0x080036f4                __irq_dma1_channel3
 .text.__irq_dma1_channel4
                0x08003704       0x10 C:\Users\XM\AppData\Local\Temp\arduino\cores\b8e377b71d0c10b31ba3f6ffd29b5f93\core.a(dma_f1.c.o)
                0x08003704                __irq_dma1_channel4
 .text.__irq_dma1_channel5
                0x08003714       0x10 C:\Users\XM\AppData\Local\Temp\arduino\cores\b8e377b71d0c10b31ba3f6ffd29b5f93\core.a(dma_f1.c.o)
                0x08003714                __irq_dma1_channel5
 .text.__irq_dma1_channel6
                0x08003724       0x10 C:\Users\XM\AppData\Local\Temp\arduino\cores\b8e377b71d0c10b31ba3f6ffd29b5f93\core.a(dma_f1.c.o)
                0x08003724                __irq_dma1_channel6
 .text.__irq_dma1_channel7
                0x08003734       0x10 C:\Users\XM\AppData\Local\Temp\arduino\cores\b8e377b71d0c10b31ba3f6ffd29b5f93\core.a(dma_f1.c.o)
                0x08003734                __irq_dma1_channel7
 *fill*         0x08003744        0xc 
 .text          0x08003750       0x54 C:\Users\XM\AppData\Local\Temp\arduino\cores\b8e377b71d0c10b31ba3f6ffd29b5f93\core.a(exc.S.o)
                0x08003750                __exc_nmi
                0x08003754                __exc_hardfault
                0x08003758                __exc_memmanage
                0x0800375c                __exc_busfault
                0x08003760                __exc_usagefault
 .text.dispatch_single_exti
                0x080037a4       0x2c C:\Users\XM\AppData\Local\Temp\arduino\cores\b8e377b71d0c10b31ba3f6ffd29b5f93\core.a(exti.c.o)
                0x080037a4                dispatch_single_exti
 .text.dispatch_extis
                0x080037d0       0x4c C:\Users\XM\AppData\Local\Temp\arduino\cores\b8e377b71d0c10b31ba3f6ffd29b5f93\core.a(exti.c.o)
                0x080037d0                dispatch_extis
 .text.__irq_exti0
                0x0800381c        0x6 C:\Users\XM\AppData\Local\Temp\arduino\cores\b8e377b71d0c10b31ba3f6ffd29b5f93\core.a(exti.c.o)
                0x0800381c                __irq_exti0
 .text.__irq_exti1
                0x08003822        0x6 C:\Users\XM\AppData\Local\Temp\arduino\cores\b8e377b71d0c10b31ba3f6ffd29b5f93\core.a(exti.c.o)
                0x08003822                __irq_exti1
 .text.__irq_exti2
                0x08003828        0x6 C:\Users\XM\AppData\Local\Temp\arduino\cores\b8e377b71d0c10b31ba3f6ffd29b5f93\core.a(exti.c.o)
                0x08003828                __irq_exti2
 .text.__irq_exti3
                0x0800382e        0x6 C:\Users\XM\AppData\Local\Temp\arduino\cores\b8e377b71d0c10b31ba3f6ffd29b5f93\core.a(exti.c.o)
                0x0800382e                __irq_exti3
 .text.__irq_exti4
                0x08003834        0x6 C:\Users\XM\AppData\Local\Temp\arduino\cores\b8e377b71d0c10b31ba3f6ffd29b5f93\core.a(exti.c.o)
                0x08003834                __irq_exti4
 .text.__irq_exti9_5
                0x0800383a        0x8 C:\Users\XM\AppData\Local\Temp\arduino\cores\b8e377b71d0c10b31ba3f6ffd29b5f93\core.a(exti.c.o)
                0x0800383a                __irq_exti9_5
 .text.__irq_exti15_10
                0x08003842        0x8 C:\Users\XM\AppData\Local\Temp\arduino\cores\b8e377b71d0c10b31ba3f6ffd29b5f93\core.a(exti.c.o)
                0x08003842                __irq_exti15_10
 *fill*         0x0800384a        0x2 
 .text.flash_set_latency
                0x0800384c       0x14 C:\Users\XM\AppData\Local\Temp\arduino\cores\b8e377b71d0c10b31ba3f6ffd29b5f93\core.a(flash.c.o)
                0x0800384c                flash_set_latency
 .text.gpio_init_all
                0x08003860       0x30 C:\Users\XM\AppData\Local\Temp\arduino\cores\b8e377b71d0c10b31ba3f6ffd29b5f93\core.a(gpio_f1.c.o)
                0x08003860                gpio_init_all
 .text.gpio_set_mode
                0x08003890       0x4e C:\Users\XM\AppData\Local\Temp\arduino\cores\b8e377b71d0c10b31ba3f6ffd29b5f93\core.a(gpio_f1.c.o)
                0x08003890                gpio_set_mode
 .text.afio_init
                0x080038de       0x12 C:\Users\XM\AppData\Local\Temp\arduino\cores\b8e377b71d0c10b31ba3f6ffd29b5f93\core.a(gpio_f1.c.o)
                0x080038de                afio_init
 .text.afio_remap
                0x080038f0       0x20 C:\Users\XM\AppData\Local\Temp\arduino\cores\b8e377b71d0c10b31ba3f6ffd29b5f93\core.a(gpio_f1.c.o)
                0x080038f0                afio_remap
 .text.__irq_i2c1_ev
                0x08003910        0xc C:\Users\XM\AppData\Local\Temp\arduino\cores\b8e377b71d0c10b31ba3f6ffd29b5f93\core.a(i2c_f1.c.o)
                0x08003910                __irq_i2c1_ev
 .text.__irq_i2c2_ev
                0x0800391c        0xc C:\Users\XM\AppData\Local\Temp\arduino\cores\b8e377b71d0c10b31ba3f6ffd29b5f93\core.a(i2c_f1.c.o)
                0x0800391c                __irq_i2c2_ev
 .text.__irq_i2c1_er
                0x08003928        0xc C:\Users\XM\AppData\Local\Temp\arduino\cores\b8e377b71d0c10b31ba3f6ffd29b5f93\core.a(i2c_f1.c.o)
                0x08003928                __irq_i2c1_er
 .text.__irq_i2c2_er
                0x08003934        0xc C:\Users\XM\AppData\Local\Temp\arduino\cores\b8e377b71d0c10b31ba3f6ffd29b5f93\core.a(i2c_f1.c.o)
                0x08003934                __irq_i2c2_er
 .text.nvic_irq_set_priority
                0x08003940       0x28 C:\Users\XM\AppData\Local\Temp\arduino\cores\b8e377b71d0c10b31ba3f6ffd29b5f93\core.a(nvic.c.o)
                0x08003940                nvic_irq_set_priority
 .text.nvic_init
                0x08003968       0x2c C:\Users\XM\AppData\Local\Temp\arduino\cores\b8e377b71d0c10b31ba3f6ffd29b5f93\core.a(nvic.c.o)
                0x08003968                nvic_init
 .text.nvic_sys_reset
                0x08003994       0x1c C:\Users\XM\AppData\Local\Temp\arduino\cores\b8e377b71d0c10b31ba3f6ffd29b5f93\core.a(nvic.c.o)
                0x08003994                nvic_sys_reset
 .text.rcc_dev_clk
                0x080039b0        0xc C:\Users\XM\AppData\Local\Temp\arduino\cores\b8e377b71d0c10b31ba3f6ffd29b5f93\core.a(rcc.c.o)
                0x080039b0                rcc_dev_clk
 .text.rcc_switch_sysclk
                0x080039bc       0x20 C:\Users\XM\AppData\Local\Temp\arduino\cores\b8e377b71d0c10b31ba3f6ffd29b5f93\core.a(rcc.c.o)
                0x080039bc                rcc_switch_sysclk
 .text.rcc_turn_on_clk
                0x080039dc       0x18 C:\Users\XM\AppData\Local\Temp\arduino\cores\b8e377b71d0c10b31ba3f6ffd29b5f93\core.a(rcc.c.o)
                0x080039dc                rcc_turn_on_clk
 .text.rcc_turn_off_clk
                0x080039f4       0x1c C:\Users\XM\AppData\Local\Temp\arduino\cores\b8e377b71d0c10b31ba3f6ffd29b5f93\core.a(rcc.c.o)
                0x080039f4                rcc_turn_off_clk
 .text.rcc_is_clk_ready
                0x08003a10       0x18 C:\Users\XM\AppData\Local\Temp\arduino\cores\b8e377b71d0c10b31ba3f6ffd29b5f93\core.a(rcc.c.o)
                0x08003a10                rcc_is_clk_ready
 .text.rcc_configure_pll
                0x08003a28       0x1c C:\Users\XM\AppData\Local\Temp\arduino\cores\b8e377b71d0c10b31ba3f6ffd29b5f93\core.a(rcc_f1.c.o)
                0x08003a28                rcc_configure_pll
 .text.rcc_clk_enable
                0x08003a44       0x30 C:\Users\XM\AppData\Local\Temp\arduino\cores\b8e377b71d0c10b31ba3f6ffd29b5f93\core.a(rcc_f1.c.o)
                0x08003a44                rcc_clk_enable
 .text.rcc_reset_dev
                0x08003a74       0x34 C:\Users\XM\AppData\Local\Temp\arduino\cores\b8e377b71d0c10b31ba3f6ffd29b5f93\core.a(rcc_f1.c.o)
                0x08003a74                rcc_reset_dev
 .text.rcc_set_prescaler
                0x08003aa8       0x20 C:\Users\XM\AppData\Local\Temp\arduino\cores\b8e377b71d0c10b31ba3f6ffd29b5f93\core.a(rcc_f1.c.o)
                0x08003aa8                rcc_set_prescaler
 .text.rcc_clk_disable
                0x08003ac8       0x30 C:\Users\XM\AppData\Local\Temp\arduino\cores\b8e377b71d0c10b31ba3f6ffd29b5f93\core.a(rcc_f1.c.o)
                0x08003ac8                rcc_clk_disable
 .text          0x08003af8        0x2 C:\Users\XM\AppData\Local\Temp\arduino\cores\b8e377b71d0c10b31ba3f6ffd29b5f93\core.a(isrs.S.o)
                0x08003af8                __stm32reservedexception9
                0x08003af8                __exc_debug_monitor
                0x08003af8                __exc_svc
                0x08003af8                __irq_can_rx1
                0x08003af8                __irq_spi2
                0x08003af8                __irq_can_sce
                0x08003af8                __irq_pvd
                0x08003af8                __irq_tamper
                0x08003af8                __default_handler
                0x08003af8                __irq_wwdg
                0x08003af8                __stm32reservedexception10
                0x08003af8                __irq_flash
                0x08003af8                __stm32reservedexception13
                0x08003af8                __irq_rtc
                0x08003af8                __irq_spi1
                0x08003af8                __stm32reservedexception7
                0x08003af8                __irq_rtcalarm
                0x08003af8                __stm32reservedexception8
                0x08003af8                __exc_pendsv
                0x08003af8                __irq_usbwakeup
                0x08003af8                __irq_rcc
 *fill*         0x08003afa        0x2 
 .text.systick_init
                0x08003afc       0x10 C:\Users\XM\AppData\Local\Temp\arduino\cores\b8e377b71d0c10b31ba3f6ffd29b5f93\core.a(systick.c.o)
                0x08003afc                systick_init
 .text.__exc_systick
                0x08003b0c       0x1c C:\Users\XM\AppData\Local\Temp\arduino\cores\b8e377b71d0c10b31ba3f6ffd29b5f93\core.a(systick.c.o)
                0x08003b0c                __exc_systick
 .text.timer_oc_set_mode
                0x08003b28       0x32 C:\Users\XM\AppData\Local\Temp\arduino\cores\b8e377b71d0c10b31ba3f6ffd29b5f93\core.a(timer.c.o)
 .text.dispatch_general
                0x08003b5a       0x66 C:\Users\XM\AppData\Local\Temp\arduino\cores\b8e377b71d0c10b31ba3f6ffd29b5f93\core.a(timer.c.o)
 .text.timer_cc_enable
                0x08003bc0       0x1c C:\Users\XM\AppData\Local\Temp\arduino\cores\b8e377b71d0c10b31ba3f6ffd29b5f93\core.a(timer.c.o)
 .text.timer_foreach
                0x08003bdc       0x2c C:\Users\XM\AppData\Local\Temp\arduino\cores\b8e377b71d0c10b31ba3f6ffd29b5f93\core.a(timer.c.o)
                0x08003bdc                timer_foreach
 .text.timer_init
                0x08003c08       0x14 C:\Users\XM\AppData\Local\Temp\arduino\cores\b8e377b71d0c10b31ba3f6ffd29b5f93\core.a(timer.c.o)
                0x08003c08                timer_init
 .text.timer_has_cc_channel
                0x08003c1c       0x30 C:\Users\XM\AppData\Local\Temp\arduino\cores\b8e377b71d0c10b31ba3f6ffd29b5f93\core.a(timer.c.o)
                0x08003c1c                timer_has_cc_channel
 .text.timer_detach_interrupt
                0x08003c4c       0x1e C:\Users\XM\AppData\Local\Temp\arduino\cores\b8e377b71d0c10b31ba3f6ffd29b5f93\core.a(timer.c.o)
                0x08003c4c                timer_detach_interrupt
 .text.input_capture_mode
                0x08003c6a       0x1a C:\Users\XM\AppData\Local\Temp\arduino\cores\b8e377b71d0c10b31ba3f6ffd29b5f93\core.a(timer.c.o)
                0x08003c6a                input_capture_mode
 .text.timer_set_mode
                0x08003c84       0x8e C:\Users\XM\AppData\Local\Temp\arduino\cores\b8e377b71d0c10b31ba3f6ffd29b5f93\core.a(timer.c.o)
                0x08003c84                timer_set_mode
 *fill*         0x08003d12        0x2 
 .text.__irq_tim1_brk
                0x08003d14       0x24 C:\Users\XM\AppData\Local\Temp\arduino\cores\b8e377b71d0c10b31ba3f6ffd29b5f93\core.a(timer.c.o)
                0x08003d14                __irq_tim1_brk
 .text.__irq_tim1_up
                0x08003d38       0x24 C:\Users\XM\AppData\Local\Temp\arduino\cores\b8e377b71d0c10b31ba3f6ffd29b5f93\core.a(timer.c.o)
                0x08003d38                __irq_tim1_up
 .text.__irq_tim1_trg_com
                0x08003d5c       0x34 C:\Users\XM\AppData\Local\Temp\arduino\cores\b8e377b71d0c10b31ba3f6ffd29b5f93\core.a(timer.c.o)
                0x08003d5c                __irq_tim1_trg_com
 .text.__irq_tim1_cc
                0x08003d90       0x50 C:\Users\XM\AppData\Local\Temp\arduino\cores\b8e377b71d0c10b31ba3f6ffd29b5f93\core.a(timer.c.o)
                0x08003d90                __irq_tim1_cc
 .text.__irq_tim2
                0x08003de0        0xc C:\Users\XM\AppData\Local\Temp\arduino\cores\b8e377b71d0c10b31ba3f6ffd29b5f93\core.a(timer.c.o)
                0x08003de0                __irq_tim2
 .text.__irq_tim3
                0x08003dec        0xc C:\Users\XM\AppData\Local\Temp\arduino\cores\b8e377b71d0c10b31ba3f6ffd29b5f93\core.a(timer.c.o)
                0x08003dec                __irq_tim3
 .text.__irq_tim4
                0x08003df8        0xc C:\Users\XM\AppData\Local\Temp\arduino\cores\b8e377b71d0c10b31ba3f6ffd29b5f93\core.a(timer.c.o)
                0x08003df8                __irq_tim4
 .text.usart_init
                0x08003e04       0x4c C:\Users\XM\AppData\Local\Temp\arduino\cores\b8e377b71d0c10b31ba3f6ffd29b5f93\core.a(usart.c.o)
                0x08003e04                usart_init
 .text.usart_enable
                0x08003e50       0x14 C:\Users\XM\AppData\Local\Temp\arduino\cores\b8e377b71d0c10b31ba3f6ffd29b5f93\core.a(usart.c.o)
                0x08003e50                usart_enable
 .text.usart_tx
                0x08003e64       0x8e C:\Users\XM\AppData\Local\Temp\arduino\cores\b8e377b71d0c10b31ba3f6ffd29b5f93\core.a(usart.c.o)
                0x08003e64                usart_tx
 .text.usart_irq
                0x08003ef2       0xb4 C:\Users\XM\AppData\Local\Temp\arduino\cores\b8e377b71d0c10b31ba3f6ffd29b5f93\core.a(usart_f1.c.o)
 .text.usart_config_gpios_async
                0x08003fa6       0x4a C:\Users\XM\AppData\Local\Temp\arduino\cores\b8e377b71d0c10b31ba3f6ffd29b5f93\core.a(usart_f1.c.o)
                0x08003fa6                usart_config_gpios_async
 .text.usart_set_baud_rate
                0x08003ff0       0x3a C:\Users\XM\AppData\Local\Temp\arduino\cores\b8e377b71d0c10b31ba3f6ffd29b5f93\core.a(usart_f1.c.o)
                0x08003ff0                usart_set_baud_rate
 *fill*         0x0800402a        0x2 
 .text.__irq_usart1
                0x0800402c       0x18 C:\Users\XM\AppData\Local\Temp\arduino\cores\b8e377b71d0c10b31ba3f6ffd29b5f93\core.a(usart_f1.c.o)
                0x0800402c                __irq_usart1
 .text.__irq_usart2
                0x08004044       0x18 C:\Users\XM\AppData\Local\Temp\arduino\cores\b8e377b71d0c10b31ba3f6ffd29b5f93\core.a(usart_f1.c.o)
                0x08004044                __irq_usart2
 .text.__irq_usart3
                0x0800405c       0x18 C:\Users\XM\AppData\Local\Temp\arduino\cores\b8e377b71d0c10b31ba3f6ffd29b5f93\core.a(usart_f1.c.o)
                0x0800405c                __irq_usart3
 .text._usart_clock_freq
                0x08004074       0x24 C:\Users\XM\AppData\Local\Temp\arduino\cores\b8e377b71d0c10b31ba3f6ffd29b5f93\core.a(usart_private.c.o)
                0x08004074                _usart_clock_freq
 .text.set_rx_tx_status0
                0x08004098       0x30 C:\Users\XM\AppData\Local\Temp\arduino\cores\b8e377b71d0c10b31ba3f6ffd29b5f93\core.a(usb.c.o)
 .text.usb_resume
                0x080040c8       0xb0 C:\Users\XM\AppData\Local\Temp\arduino\cores\b8e377b71d0c10b31ba3f6ffd29b5f93\core.a(usb.c.o)
 .text.usb_init_usblib
                0x08004178       0x48 C:\Users\XM\AppData\Local\Temp\arduino\cores\b8e377b71d0c10b31ba3f6ffd29b5f93\core.a(usb.c.o)
                0x08004178                usb_init_usblib
 .text.USB_HP_CAN_TX_IRQHandler
                0x080041c0        0x2 C:\Users\XM\AppData\Local\Temp\arduino\cores\b8e377b71d0c10b31ba3f6ffd29b5f93\core.a(usb.c.o)
                0x080041c0                USB_HP_CAN_TX_IRQHandler
 .text.__irq_usb_hp_can_tx
                0x080041c2        0x8 C:\Users\XM\AppData\Local\Temp\arduino\cores\b8e377b71d0c10b31ba3f6ffd29b5f93\core.a(usb.c.o)
                0x080041c2                __irq_usb_hp_can_tx
 .text.CAN_RX0_IRQ_Handler
                0x080041ca        0x4 C:\Users\XM\AppData\Local\Temp\arduino\cores\b8e377b71d0c10b31ba3f6ffd29b5f93\core.a(usb.c.o)
                0x080041ca                CAN_RX0_IRQ_Handler
 *fill*         0x080041ce        0x2 
 .text.__irq_usb_lp_can_rx0
                0x080041d0      0x194 C:\Users\XM\AppData\Local\Temp\arduino\cores\b8e377b71d0c10b31ba3f6ffd29b5f93\core.a(usb.c.o)
                0x080041d0                __irq_usb_lp_can_rx0
 .text.usb_set_ep_rx_stat
                0x08004364       0x22 C:\Users\XM\AppData\Local\Temp\arduino\cores\b8e377b71d0c10b31ba3f6ffd29b5f93\core.a(usb_cdcacm.c.o)
 *fill*         0x08004386        0x2 
 .text.vcomGetSetLineCoding
                0x08004388       0x18 C:\Users\XM\AppData\Local\Temp\arduino\cores\b8e377b71d0c10b31ba3f6ffd29b5f93\core.a(usb_cdcacm.c.o)
 .text.usbInit  0x080043a0       0x44 C:\Users\XM\AppData\Local\Temp\arduino\cores\b8e377b71d0c10b31ba3f6ffd29b5f93\core.a(usb_cdcacm.c.o)
 .text.usbNoDataSetup
                0x080043e4       0x50 C:\Users\XM\AppData\Local\Temp\arduino\cores\b8e377b71d0c10b31ba3f6ffd29b5f93\core.a(usb_cdcacm.c.o)
 .text.usbGetInterfaceSetting
                0x08004434       0x10 C:\Users\XM\AppData\Local\Temp\arduino\cores\b8e377b71d0c10b31ba3f6ffd29b5f93\core.a(usb_cdcacm.c.o)
 .text.usbSetConfiguration
                0x08004444       0x1c C:\Users\XM\AppData\Local\Temp\arduino\cores\b8e377b71d0c10b31ba3f6ffd29b5f93\core.a(usb_cdcacm.c.o)
 .text.usbSetDeviceAddress
                0x08004460       0x10 C:\Users\XM\AppData\Local\Temp\arduino\cores\b8e377b71d0c10b31ba3f6ffd29b5f93\core.a(usb_cdcacm.c.o)
 .text.usbGetStringDescriptor
                0x08004470       0x20 C:\Users\XM\AppData\Local\Temp\arduino\cores\b8e377b71d0c10b31ba3f6ffd29b5f93\core.a(usb_cdcacm.c.o)
 .text.usbGetConfigDescriptor
                0x08004490        0xc C:\Users\XM\AppData\Local\Temp\arduino\cores\b8e377b71d0c10b31ba3f6ffd29b5f93\core.a(usb_cdcacm.c.o)
 .text.usbGetDeviceDescriptor
                0x0800449c        0xc C:\Users\XM\AppData\Local\Temp\arduino\cores\b8e377b71d0c10b31ba3f6ffd29b5f93\core.a(usb_cdcacm.c.o)
 .text.usbDataSetup
                0x080044a8       0x54 C:\Users\XM\AppData\Local\Temp\arduino\cores\b8e377b71d0c10b31ba3f6ffd29b5f93\core.a(usb_cdcacm.c.o)
 .text.vcomDataRxCb
                0x080044fc       0x8c C:\Users\XM\AppData\Local\Temp\arduino\cores\b8e377b71d0c10b31ba3f6ffd29b5f93\core.a(usb_cdcacm.c.o)
 .text.vcomDataTxCb
                0x08004588       0xa0 C:\Users\XM\AppData\Local\Temp\arduino\cores\b8e377b71d0c10b31ba3f6ffd29b5f93\core.a(usb_cdcacm.c.o)
 .text.usb_cdcacm_tx.part.2
                0x08004628       0x54 C:\Users\XM\AppData\Local\Temp\arduino\cores\b8e377b71d0c10b31ba3f6ffd29b5f93\core.a(usb_cdcacm.c.o)
 .text.usbReset
                0x0800467c      0x15c C:\Users\XM\AppData\Local\Temp\arduino\cores\b8e377b71d0c10b31ba3f6ffd29b5f93\core.a(usb_cdcacm.c.o)
 .text.usb_cdcacm_set_hooks
                0x080047d8       0x1c C:\Users\XM\AppData\Local\Temp\arduino\cores\b8e377b71d0c10b31ba3f6ffd29b5f93\core.a(usb_cdcacm.c.o)
                0x080047d8                usb_cdcacm_set_hooks
 .text.usb_cdcacm_enable
                0x080047f4       0x34 C:\Users\XM\AppData\Local\Temp\arduino\cores\b8e377b71d0c10b31ba3f6ffd29b5f93\core.a(usb_cdcacm.c.o)
                0x080047f4                usb_cdcacm_enable
 .text.usb_cdcacm_tx
                0x08004828        0xa C:\Users\XM\AppData\Local\Temp\arduino\cores\b8e377b71d0c10b31ba3f6ffd29b5f93\core.a(usb_cdcacm.c.o)
                0x08004828                usb_cdcacm_tx
 *fill*         0x08004832        0x2 
 .text.usb_cdcacm_data_available
                0x08004834       0x18 C:\Users\XM\AppData\Local\Temp\arduino\cores\b8e377b71d0c10b31ba3f6ffd29b5f93\core.a(usb_cdcacm.c.o)
                0x08004834                usb_cdcacm_data_available
 .text.usb_cdcacm_peek
                0x0800484c       0x38 C:\Users\XM\AppData\Local\Temp\arduino\cores\b8e377b71d0c10b31ba3f6ffd29b5f93\core.a(usb_cdcacm.c.o)
                0x0800484c                usb_cdcacm_peek
 .text.usb_cdcacm_rx
                0x08004884       0x34 C:\Users\XM\AppData\Local\Temp\arduino\cores\b8e377b71d0c10b31ba3f6ffd29b5f93\core.a(usb_cdcacm.c.o)
                0x08004884                usb_cdcacm_rx
 .text.usb_cdcacm_peek_ex
                0x080048b8       0x3c C:\Users\XM\AppData\Local\Temp\arduino\cores\b8e377b71d0c10b31ba3f6ffd29b5f93\core.a(usb_cdcacm.c.o)
                0x080048b8                usb_cdcacm_peek_ex
 .text.usb_cdcacm_get_dtr
                0x080048f4       0x10 C:\Users\XM\AppData\Local\Temp\arduino\cores\b8e377b71d0c10b31ba3f6ffd29b5f93\core.a(usb_cdcacm.c.o)
                0x080048f4                usb_cdcacm_get_dtr
 .text.usb_set_ep_rx_count
                0x08004904       0x44 C:\Users\XM\AppData\Local\Temp\arduino\cores\b8e377b71d0c10b31ba3f6ffd29b5f93\core.a(usb_reg_map.c.o)
                0x08004904                usb_set_ep_rx_count
 .text.Standard_GetConfiguration
                0x08004948       0x24 C:\Users\XM\AppData\Local\Temp\arduino\cores\b8e377b71d0c10b31ba3f6ffd29b5f93\core.a(usb_core.c.o)
                0x08004948                Standard_GetConfiguration
 .text.Standard_GetInterface
                0x0800496c       0x24 C:\Users\XM\AppData\Local\Temp\arduino\cores\b8e377b71d0c10b31ba3f6ffd29b5f93\core.a(usb_core.c.o)
                0x0800496c                Standard_GetInterface
 .text.Standard_GetStatus
                0x08004990       0x88 C:\Users\XM\AppData\Local\Temp\arduino\cores\b8e377b71d0c10b31ba3f6ffd29b5f93\core.a(usb_core.c.o)
                0x08004990                Standard_GetStatus
 .text.DataStageIn
                0x08004a18       0xac C:\Users\XM\AppData\Local\Temp\arduino\cores\b8e377b71d0c10b31ba3f6ffd29b5f93\core.a(usb_core.c.o)
 .text.Standard_SetConfiguration
                0x08004ac4       0x38 C:\Users\XM\AppData\Local\Temp\arduino\cores\b8e377b71d0c10b31ba3f6ffd29b5f93\core.a(usb_core.c.o)
                0x08004ac4                Standard_SetConfiguration
 .text.Standard_SetInterface
                0x08004afc       0x4c C:\Users\XM\AppData\Local\Temp\arduino\cores\b8e377b71d0c10b31ba3f6ffd29b5f93\core.a(usb_core.c.o)
                0x08004afc                Standard_SetInterface
 .text.Standard_ClearFeature
                0x08004b48       0xc4 C:\Users\XM\AppData\Local\Temp\arduino\cores\b8e377b71d0c10b31ba3f6ffd29b5f93\core.a(usb_core.c.o)
                0x08004b48                Standard_ClearFeature
 .text.Standard_SetEndPointFeature
                0x08004c0c       0x7c C:\Users\XM\AppData\Local\Temp\arduino\cores\b8e377b71d0c10b31ba3f6ffd29b5f93\core.a(usb_core.c.o)
                0x08004c0c                Standard_SetEndPointFeature
 .text.Standard_SetDeviceFeature
                0x08004c88       0x24 C:\Users\XM\AppData\Local\Temp\arduino\cores\b8e377b71d0c10b31ba3f6ffd29b5f93\core.a(usb_core.c.o)
                0x08004c88                Standard_SetDeviceFeature
 .text.Standard_GetDescriptorData
                0x08004cac       0x1c C:\Users\XM\AppData\Local\Temp\arduino\cores\b8e377b71d0c10b31ba3f6ffd29b5f93\core.a(usb_core.c.o)
                0x08004cac                Standard_GetDescriptorData
 .text.Post0_Process
                0x08004cc8       0x40 C:\Users\XM\AppData\Local\Temp\arduino\cores\b8e377b71d0c10b31ba3f6ffd29b5f93\core.a(usb_core.c.o)
                0x08004cc8                Post0_Process
 .text.Setup0_Process
                0x08004d08      0x2b8 C:\Users\XM\AppData\Local\Temp\arduino\cores\b8e377b71d0c10b31ba3f6ffd29b5f93\core.a(usb_core.c.o)
                0x08004d08                Setup0_Process
 .text.Out0_Process
                0x08004fc0       0xc0 C:\Users\XM\AppData\Local\Temp\arduino\cores\b8e377b71d0c10b31ba3f6ffd29b5f93\core.a(usb_core.c.o)
                0x08004fc0                Out0_Process
 .text.SetDeviceAddress
                0x08005080       0x38 C:\Users\XM\AppData\Local\Temp\arduino\cores\b8e377b71d0c10b31ba3f6ffd29b5f93\core.a(usb_core.c.o)
                0x08005080                SetDeviceAddress
 .text.In0_Process
                0x080050b8       0x5c C:\Users\XM\AppData\Local\Temp\arduino\cores\b8e377b71d0c10b31ba3f6ffd29b5f93\core.a(usb_core.c.o)
                0x080050b8                In0_Process
 .text.NOP_Process
                0x08005114        0x2 C:\Users\XM\AppData\Local\Temp\arduino\cores\b8e377b71d0c10b31ba3f6ffd29b5f93\core.a(usb_core.c.o)
                0x08005114                NOP_Process
 .text.UserToPMABufferCopy
                0x08005116       0x1e C:\Users\XM\AppData\Local\Temp\arduino\cores\b8e377b71d0c10b31ba3f6ffd29b5f93\core.a(usb_mem.c.o)
                0x08005116                UserToPMABufferCopy
 .text.PMAToUserBufferCopy
                0x08005134       0x32 C:\Users\XM\AppData\Local\Temp\arduino\cores\b8e377b71d0c10b31ba3f6ffd29b5f93\core.a(usb_mem.c.o)
                0x08005134                PMAToUserBufferCopy
 .text.SetEPTxStatus
                0x08005166       0x2a C:\Users\XM\AppData\Local\Temp\arduino\cores\b8e377b71d0c10b31ba3f6ffd29b5f93\core.a(usb_regs.c.o)
                0x08005166                SetEPTxStatus
 .text.ClearDTOG_RX
                0x08005190       0x26 C:\Users\XM\AppData\Local\Temp\arduino\cores\b8e377b71d0c10b31ba3f6ffd29b5f93\core.a(usb_regs.c.o)
                0x08005190                ClearDTOG_RX
 .text.ClearDTOG_TX
                0x080051b6       0x26 C:\Users\XM\AppData\Local\Temp\arduino\cores\b8e377b71d0c10b31ba3f6ffd29b5f93\core.a(usb_regs.c.o)
                0x080051b6                ClearDTOG_TX
 .text.GetEPTxAddr
                0x080051dc       0x1c C:\Users\XM\AppData\Local\Temp\arduino\cores\b8e377b71d0c10b31ba3f6ffd29b5f93\core.a(usb_regs.c.o)
                0x080051dc                GetEPTxAddr
 .text.GetEPRxAddr
                0x080051f8       0x1c C:\Users\XM\AppData\Local\Temp\arduino\cores\b8e377b71d0c10b31ba3f6ffd29b5f93\core.a(usb_regs.c.o)
                0x080051f8                GetEPRxAddr
 .text.SetEPTxCount
                0x08005214       0x1c C:\Users\XM\AppData\Local\Temp\arduino\cores\b8e377b71d0c10b31ba3f6ffd29b5f93\core.a(usb_regs.c.o)
                0x08005214                SetEPTxCount
 .text.SetEPRxCount
                0x08005230       0x40 C:\Users\XM\AppData\Local\Temp\arduino\cores\b8e377b71d0c10b31ba3f6ffd29b5f93\core.a(usb_regs.c.o)
                0x08005230                SetEPRxCount
 .text.throb    0x08005270       0x58 C:\Users\XM\AppData\Local\Temp\arduino\cores\b8e377b71d0c10b31ba3f6ffd29b5f93\core.a(util.c.o)
                0x08005270                throb
 .text.__error  0x080052c8       0x14 C:\Users\XM\AppData\Local\Temp\arduino\cores\b8e377b71d0c10b31ba3f6ffd29b5f93\core.a(util.c.o)
                0x080052c8                __error
 .text.startup._Z7premainv
                0x080052dc        0x4 C:\Users\XM\AppData\Local\Temp\arduino\cores\b8e377b71d0c10b31ba3f6ffd29b5f93\core.a(main.cpp.o)
                0x080052dc                premain()
 .text.startup.main
                0x080052e0        0xc C:\Users\XM\AppData\Local\Temp\arduino\cores\b8e377b71d0c10b31ba3f6ffd29b5f93\core.a(main.cpp.o)
                0x080052e0                main
 .text._Znaj    0x080052ec        0x4 C:\Users\XM\AppData\Local\Temp\arduino\cores\b8e377b71d0c10b31ba3f6ffd29b5f93\core.a(new.cpp.o)
                0x080052ec                operator new[](unsigned int)
 .text._Z8pwmWriteht
                0x080052f0       0x24 C:\Users\XM\AppData\Local\Temp\arduino\cores\b8e377b71d0c10b31ba3f6ffd29b5f93\core.a(pwm.cpp.o)
                0x080052f0                pwmWrite(unsigned char, unsigned short)
 .text._Z11analogWritehi
                0x08005314       0x1c C:\Users\XM\AppData\Local\Temp\arduino\cores\b8e377b71d0c10b31ba3f6ffd29b5f93\core.a(pwm.cpp.o)
                0x08005314                analogWrite(unsigned char, int)
 .text._Z7pinModeh13WiringPinMode
                0x08005330       0x84 C:\Users\XM\AppData\Local\Temp\arduino\cores\b8e377b71d0c10b31ba3f6ffd29b5f93\core.a(wirish_digital_f1.cpp.o)
                0x08005330                pinMode(unsigned char, WiringPinMode)
 .text._ZN9USBSerial9availableEv
                0x080053b4        0x4 C:\Users\XM\AppData\Local\Temp\arduino\cores\b8e377b71d0c10b31ba3f6ffd29b5f93\core.a(usb_serial.cpp.o)
                0x080053b4                USBSerial::available()
 .text._ZN9USBSerial4peekEv
                0x080053b8       0x1e C:\Users\XM\AppData\Local\Temp\arduino\cores\b8e377b71d0c10b31ba3f6ffd29b5f93\core.a(usb_serial.cpp.o)
                0x080053b8                USBSerial::peek()
 .text._ZN9USBSerial4readEv
                0x080053d6       0x1e C:\Users\XM\AppData\Local\Temp\arduino\cores\b8e377b71d0c10b31ba3f6ffd29b5f93\core.a(usb_serial.cpp.o)
                0x080053d6                USBSerial::read()
 .text._ZL14ifaceSetupHookjPv
                0x080053f4       0x38 C:\Users\XM\AppData\Local\Temp\arduino\cores\b8e377b71d0c10b31ba3f6ffd29b5f93\core.a(usb_serial.cpp.o)
 .text._ZL6rxHookjPv
                0x0800542c       0x6c C:\Users\XM\AppData\Local\Temp\arduino\cores\b8e377b71d0c10b31ba3f6ffd29b5f93\core.a(usb_serial.cpp.o)
 .text._ZN9USBSerial5beginEv
                0x08005498       0x34 C:\Users\XM\AppData\Local\Temp\arduino\cores\b8e377b71d0c10b31ba3f6ffd29b5f93\core.a(usb_serial.cpp.o)
                0x08005498                USBSerial::begin()
 .text._ZN9USBSerial5beginEm
                0x080054cc        0xc C:\Users\XM\AppData\Local\Temp\arduino\cores\b8e377b71d0c10b31ba3f6ffd29b5f93\core.a(usb_serial.cpp.o)
                0x080054cc                USBSerial::begin(unsigned long)
 .text._ZN9USBSerial5writeEPKhm
                0x080054d8       0x44 C:\Users\XM\AppData\Local\Temp\arduino\cores\b8e377b71d0c10b31ba3f6ffd29b5f93\core.a(usb_serial.cpp.o)
                0x080054d8                USBSerial::write(unsigned char const*, unsigned long)
 .text._ZN9USBSerial5writeEh
                0x0800551c       0x16 C:\Users\XM\AppData\Local\Temp\arduino\cores\b8e377b71d0c10b31ba3f6ffd29b5f93\core.a(usb_serial.cpp.o)
                0x0800551c                USBSerial::write(unsigned char)
 .text._ZN9USBSerial5writeEPKc
                0x08005532       0x1a C:\Users\XM\AppData\Local\Temp\arduino\cores\b8e377b71d0c10b31ba3f6ffd29b5f93\core.a(usb_serial.cpp.o)
                0x08005532                USBSerial::write(char const*)
 .text._ZN9USBSerial4readEPhm
                0x0800554c       0x1c C:\Users\XM\AppData\Local\Temp\arduino\cores\b8e377b71d0c10b31ba3f6ffd29b5f93\core.a(usb_serial.cpp.o)
                0x0800554c                USBSerial::read(unsigned char*, unsigned long)
 .text._ZN9USBSerial5flushEv
                0x08005568       0x1c C:\Users\XM\AppData\Local\Temp\arduino\cores\b8e377b71d0c10b31ba3f6ffd29b5f93\core.a(usb_serial.cpp.o)
                0x08005568                USBSerial::flush()
 .text._ZN9USBSerialcvbEv
                0x08005584       0x20 C:\Users\XM\AppData\Local\Temp\arduino\cores\b8e377b71d0c10b31ba3f6ffd29b5f93\core.a(usb_serial.cpp.o)
                0x08005584                USBSerial::operator bool()
 .text.startup._GLOBAL__sub_I__ZN9USBSerial9_hasBegunE
                0x080055a4       0x1c C:\Users\XM\AppData\Local\Temp\arduino\cores\b8e377b71d0c10b31ba3f6ffd29b5f93\core.a(usb_serial.cpp.o)
 .text.micros   0x080055c0       0x34 C:\Users\XM\AppData\Local\Temp\arduino\cores\b8e377b71d0c10b31ba3f6ffd29b5f93\core.a(wirish_time.cpp.o)
 .text.delay    0x080055f4       0x26 C:\Users\XM\AppData\Local\Temp\arduino\cores\b8e377b71d0c10b31ba3f6ffd29b5f93\core.a(wirish_time.cpp.o)
                0x080055f4                delay
 .text.__empty  0x0800561a        0x2 C:\Users\XM\AppData\Local\Temp\arduino\cores\b8e377b71d0c10b31ba3f6ffd29b5f93\core.a(hooks.c.o)
                0x0800561a                yield
 .text.bkp_init
                0x0800561c       0x18 C:\Users\XM\AppData\Local\Temp\arduino\cores\b8e377b71d0c10b31ba3f6ffd29b5f93\core.a(bkp_f1.c.o)
                0x0800561c                bkp_init
 .text.bkp_enable_writes
                0x08005634        0xc C:\Users\XM\AppData\Local\Temp\arduino\cores\b8e377b71d0c10b31ba3f6ffd29b5f93\core.a(bkp_f1.c.o)
                0x08005634                bkp_enable_writes
 .text.bkp_disable_writes
                0x08005640        0xc C:\Users\XM\AppData\Local\Temp\arduino\cores\b8e377b71d0c10b31ba3f6ffd29b5f93\core.a(bkp_f1.c.o)
                0x08005640                bkp_disable_writes
 .text.bkp_write
                0x0800564c       0x14 C:\Users\XM\AppData\Local\Temp\arduino\cores\b8e377b71d0c10b31ba3f6ffd29b5f93\core.a(bkp_f1.c.o)
                0x0800564c                bkp_write
 .text.gpio_init
                0x08005660       0x14 C:\Users\XM\AppData\Local\Temp\arduino\cores\b8e377b71d0c10b31ba3f6ffd29b5f93\core.a(gpio.c.o)
                0x08005660                gpio_init
 .text.i2c_disable_irq
                0x08005674        0xc C:\Users\XM\AppData\Local\Temp\arduino\cores\b8e377b71d0c10b31ba3f6ffd29b5f93\core.a(i2c.c.o)
 .text._i2c_irq_handler
                0x08005680      0x3f8 C:\Users\XM\AppData\Local\Temp\arduino\cores\b8e377b71d0c10b31ba3f6ffd29b5f93\core.a(i2c.c.o)
                0x08005680                _i2c_irq_handler
 .text._i2c_irq_error_handler
                0x08005a78       0x74 C:\Users\XM\AppData\Local\Temp\arduino\cores\b8e377b71d0c10b31ba3f6ffd29b5f93\core.a(i2c.c.o)
                0x08005a78                _i2c_irq_error_handler
 .text          0x08005aec      0x21c c:/users/xm/appdata/local/arduino15/packages/arduino/tools/arm-none-eabi-gcc/7-2017q4/bin/../lib/gcc/arm-none-eabi/7.2.1/thumb/v7-m\libgcc.a(_arm_addsubsf3.o)
                0x08005aec                __aeabi_frsub
                0x08005af4                __subsf3
                0x08005af4                __aeabi_fsub
                0x08005af8                __aeabi_fadd
                0x08005af8                __addsf3
                0x08005c58                __aeabi_ui2f
                0x08005c58                __floatunsisf
                0x08005c60                __aeabi_i2f
                0x08005c60                __floatsisf
                0x08005c7c                __aeabi_ul2f
                0x08005c7c                __floatundisf
                0x08005c8c                __aeabi_l2f
                0x08005c8c                __floatdisf
 .text          0x08005d08      0x2a0 c:/users/xm/appdata/local/arduino15/packages/arduino/tools/arm-none-eabi-gcc/7-2017q4/bin/../lib/gcc/arm-none-eabi/7.2.1/thumb/v7-m\libgcc.a(_arm_muldivsf3.o)
                0x08005d08                __mulsf3
                0x08005d08                __aeabi_fmul
                0x08005e70                __aeabi_fdiv
                0x08005e70                __divsf3
 .text          0x08005fa8       0x40 c:/users/xm/appdata/local/arduino15/packages/arduino/tools/arm-none-eabi-gcc/7-2017q4/bin/../lib/gcc/arm-none-eabi/7.2.1/thumb/v7-m\libgcc.a(_arm_fixunssfsi.o)
                0x08005fa8                __fixunssfsi
                0x08005fa8                __aeabi_f2uiz
 .text          0x08005fe8       0x30 c:/users/xm/appdata/local/arduino15/packages/arduino/tools/arm-none-eabi-gcc/7-2017q4/bin/../lib/gcc/arm-none-eabi/7.2.1/thumb/v7-m\libgcc.a(_aeabi_uldivmod.o)
                0x08005fe8                __aeabi_uldivmod
 .text          0x08006018      0x2d0 c:/users/xm/appdata/local/arduino15/packages/arduino/tools/arm-none-eabi-gcc/7-2017q4/bin/../lib/gcc/arm-none-eabi/7.2.1/thumb/v7-m\libgcc.a(_udivmoddi4.o)
                0x08006018                __udivmoddi4
 .text          0x080062e8        0x4 c:/users/xm/appdata/local/arduino15/packages/arduino/tools/arm-none-eabi-gcc/7-2017q4/bin/../lib/gcc/arm-none-eabi/7.2.1/thumb/v7-m\libgcc.a(_dvmd_tls.o)
                0x080062e8                __aeabi_idiv0
                0x080062e8                __aeabi_ldiv0
 .text.__errno  0x080062ec        0xc c:/users/xm/appdata/local/arduino15/packages/arduino/tools/arm-none-eabi-gcc/7-2017q4/bin/../lib/gcc/arm-none-eabi/7.2.1/../../../../arm-none-eabi/lib/thumb/v7-m\libc_nano.a(lib_a-errno.o)
                0x080062ec                __errno
 .text.__libc_init_array
                0x080062f8       0x48 c:/users/xm/appdata/local/arduino15/packages/arduino/tools/arm-none-eabi-gcc/7-2017q4/bin/../lib/gcc/arm-none-eabi/7.2.1/../../../../arm-none-eabi/lib/thumb/v7-m\libc_nano.a(lib_a-init.o)
                0x080062f8                __libc_init_array
 .text.malloc   0x08006340       0x10 c:/users/xm/appdata/local/arduino15/packages/arduino/tools/arm-none-eabi-gcc/7-2017q4/bin/../lib/gcc/arm-none-eabi/7.2.1/../../../../arm-none-eabi/lib/thumb/v7-m\libc_nano.a(lib_a-malloc.o)
                0x08006340                malloc
 .text.memcmp   0x08006350       0x1e c:/users/xm/appdata/local/arduino15/packages/arduino/tools/arm-none-eabi-gcc/7-2017q4/bin/../lib/gcc/arm-none-eabi/7.2.1/../../../../arm-none-eabi/lib/thumb/v7-m\libc_nano.a(lib_a-memcmp.o)
                0x08006350                memcmp
 .text.memcpy   0x0800636e       0x16 c:/users/xm/appdata/local/arduino15/packages/arduino/tools/arm-none-eabi-gcc/7-2017q4/bin/../lib/gcc/arm-none-eabi/7.2.1/../../../../arm-none-eabi/lib/thumb/v7-m\libc_nano.a(lib_a-memcpy-stub.o)
                0x0800636e                memcpy
 .text.memset   0x08006384       0x10 c:/users/xm/appdata/local/arduino15/packages/arduino/tools/arm-none-eabi-gcc/7-2017q4/bin/../lib/gcc/arm-none-eabi/7.2.1/../../../../arm-none-eabi/lib/thumb/v7-m\libc_nano.a(lib_a-memset.o)
                0x08006384                memset
 .text._malloc_r
                0x08006394       0xb4 c:/users/xm/appdata/local/arduino15/packages/arduino/tools/arm-none-eabi-gcc/7-2017q4/bin/../lib/gcc/arm-none-eabi/7.2.1/../../../../arm-none-eabi/lib/thumb/v7-m\libc_nano.a(lib_a-nano-mallocr.o)
                0x08006394                _malloc_r
 .text._sbrk_r  0x08006448       0x20 c:/users/xm/appdata/local/arduino15/packages/arduino/tools/arm-none-eabi-gcc/7-2017q4/bin/../lib/gcc/arm-none-eabi/7.2.1/../../../../arm-none-eabi/lib/thumb/v7-m\libc_nano.a(lib_a-sbrkr.o)
                0x08006448                _sbrk_r
 .text          0x08006468       0x10 c:/users/xm/appdata/local/arduino15/packages/arduino/tools/arm-none-eabi-gcc/7-2017q4/bin/../lib/gcc/arm-none-eabi/7.2.1/../../../../arm-none-eabi/lib/thumb/v7-m\libc_nano.a(lib_a-strlen.o)
                0x08006468                strlen
 .text.__malloc_lock
                0x08006478        0x2 c:/users/xm/appdata/local/arduino15/packages/arduino/tools/arm-none-eabi-gcc/7-2017q4/bin/../lib/gcc/arm-none-eabi/7.2.1/../../../../arm-none-eabi/lib/thumb/v7-m\libc_nano.a(lib_a-mlock.o)
                0x08006478                __malloc_lock
 .text.__malloc_unlock
                0x0800647a        0x2 c:/users/xm/appdata/local/arduino15/packages/arduino/tools/arm-none-eabi-gcc/7-2017q4/bin/../lib/gcc/arm-none-eabi/7.2.1/../../../../arm-none-eabi/lib/thumb/v7-m\libc_nano.a(lib_a-mlock.o)
                0x0800647a                __malloc_unlock
 *(.plt)
 *(.gnu.warning)
 *(.glue_7t)
 .glue_7t       0x0800647c        0x0 linker stubs
 *(.glue_7)
 .glue_7        0x0800647c        0x0 linker stubs
 *(.vfp11_veneer)
 .vfp11_veneer  0x0800647c        0x0 linker stubs
 *(.ARM.extab* .gnu.linkonce.armextab.*)
 *(.gcc_except_table)
 *(.eh_frame_hdr)
 *(.eh_frame)
 .eh_frame      0x0800647c        0x0 c:/users/xm/appdata/local/arduino15/packages/arduino/tools/arm-none-eabi-gcc/7-2017q4/bin/../lib/gcc/arm-none-eabi/7.2.1/thumb/v7-m/crtbegin.o
                0x0800647c                . = ALIGN (0x4)
 *(.init)
 .init          0x0800647c        0x4 c:/users/xm/appdata/local/arduino15/packages/arduino/tools/arm-none-eabi-gcc/7-2017q4/bin/../lib/gcc/arm-none-eabi/7.2.1/thumb/v7-m/crti.o
                0x0800647c                _init
 .init          0x08006480        0x8 c:/users/xm/appdata/local/arduino15/packages/arduino/tools/arm-none-eabi-gcc/7-2017q4/bin/../lib/gcc/arm-none-eabi/7.2.1/thumb/v7-m/crtn.o
                0x08006488                . = ALIGN (0x4)
                0x08006488                __preinit_array_start = .
 *(.preinit_array)
                0x08006488                __preinit_array_end = .
                0x08006488                . = ALIGN (0x4)
                0x08006488                __init_array_start = .
 *(SORT_BY_NAME(.init_array.*))
 .init_array.00101
                0x08006488        0x4 C:\Users\XM\AppData\Local\Temp\arduino\cores\b8e377b71d0c10b31ba3f6ffd29b5f93\core.a(main.cpp.o)
 *(.init_array)
 .init_array    0x0800648c        0x4 c:/users/xm/appdata/local/arduino15/packages/arduino/tools/arm-none-eabi-gcc/7-2017q4/bin/../lib/gcc/arm-none-eabi/7.2.1/thumb/v7-m/crtbegin.o
 .init_array    0x08006490        0x4 C:\Users\XM\AppData\Local\Temp\arduino\sketches\395DA6E57F2FD801FDA8B66AD49E8E4E\sketch\Arduino-Aime-Reader.ino.cpp.o
 .init_array    0x08006494        0x4 C:\Users\XM\AppData\Local\Temp\arduino\sketches\395DA6E57F2FD801FDA8B66AD49E8E4E\libraries\EEPROM\EEPROM.cpp.o
 .init_array    0x08006498        0x4 C:\Users\XM\AppData\Local\Temp\arduino\sketches\395DA6E57F2FD801FDA8B66AD49E8E4E\core\board.cpp.o
 .init_array    0x0800649c        0x4 C:\Users\XM\AppData\Local\Temp\arduino\cores\b8e377b71d0c10b31ba3f6ffd29b5f93\core.a(usb_serial.cpp.o)
                0x080064a0                __init_array_end = .
                0x080064a0                . = ALIGN (0x4)
 *crtbegin.o(.ctors)
 *(EXCLUDE_FILE(*crtend.o) .ctors)
 *(SORT_BY_NAME(.ctors.*))
 *crtend.o(.ctors)
                0x080064a0                . = ALIGN (0x4)
 *(.fini)
 .fini          0x080064a0        0x4 c:/users/xm/appdata/local/arduino15/packages/arduino/tools/arm-none-eabi-gcc/7-2017q4/bin/../lib/gcc/arm-none-eabi/7.2.1/thumb/v7-m/crti.o
                0x080064a0                _fini
 .fini          0x080064a4        0x8 c:/users/xm/appdata/local/arduino15/packages/arduino/tools/arm-none-eabi-gcc/7-2017q4/bin/../lib/gcc/arm-none-eabi/7.2.1/thumb/v7-m/crtn.o
                0x080064ac                . = ALIGN (0x4)
                0x080064ac                __fini_array_start = .
 *(.fini_array)
 .fini_array    0x080064ac        0x4 c:/users/xm/appdata/local/arduino15/packages/arduino/tools/arm-none-eabi-gcc/7-2017q4/bin/../lib/gcc/arm-none-eabi/7.2.1/thumb/v7-m/crtbegin.o
 *(SORT_BY_NAME(.fini_array.*))
                0x080064b0                __fini_array_end = .
 *crtbegin.o(.dtors)
 *(EXCLUDE_FILE(*crtend.o) .dtors)
 *(SORT_BY_NAME(.dtors.*))
 *crtend.o(.dtors)

.v4_bx          0x080064b0        0x0
 .v4_bx         0x080064b0        0x0 linker stubs

.iplt           0x080064b0        0x0
 .iplt          0x080064b0        0x0 c:/users/xm/appdata/local/arduino15/packages/arduino/tools/arm-none-eabi-gcc/7-2017q4/bin/../lib/gcc/arm-none-eabi/7.2.1/thumb/v7-m/crtbegin.o

.text.align     0x080064b0        0x0
                0x080064b0                . = ALIGN (0x8)
                0x080064b0                __text_end__ = .
                0x080064b0                __exidx_start = .

.ARM.exidx      0x080064b0        0x8
 *(.ARM.exidx* .gnu.linkonce.armexidx.*)
 .ARM.exidx     0x080064b0        0x8 C:\Users\XM\AppData\Local\Temp\arduino\sketches\395DA6E57F2FD801FDA8B66AD49E8E4E\core\wirish\start.S.o
 .ARM.exidx     0x080064b8        0x0 c:/users/xm/appdata/local/arduino15/packages/arduino/tools/arm-none-eabi-gcc/7-2017q4/bin/../lib/gcc/arm-none-eabi/7.2.1/thumb/v7-m\libgcc.a(_udivmoddi4.o)
                                  0x8 (size before relaxing)
                0x080064b8                __exidx_end = .

.data           0x20000000      0x4f8 load address 0x080064b8
                0x20000000                __data_start__ = .
                0x20000000        0x4 LONG 0x0
                0x20000008                . = ALIGN (0x8)
 *fill*         0x20000004        0x4 
 *(.got.plt)
 *(.got)
 *(.data .data.* .gnu.linkonce.d.*)
 .data.AimeKey  0x20000008        0x6 C:\Users\XM\AppData\Local\Temp\arduino\sketches\395DA6E57F2FD801FDA8B66AD49E8E4E\sketch\Arduino-Aime-Reader.ino.cpp.o
                0x20000008                AimeKey
 .data.BanaKey  0x2000000e        0x6 C:\Users\XM\AppData\Local\Temp\arduino\sketches\395DA6E57F2FD801FDA8B66AD49E8E4E\sketch\Arduino-Aime-Reader.ino.cpp.o
                0x2000000e                BanaKey
 .data.MifareKey
                0x20000014        0x6 C:\Users\XM\AppData\Local\Temp\arduino\sketches\395DA6E57F2FD801FDA8B66AD49E8E4E\sketch\Arduino-Aime-Reader.ino.cpp.o
                0x20000014                MifareKey
 .data.to_532_data
                0x2000001a       0x1c C:\Users\XM\AppData\Local\Temp\arduino\sketches\395DA6E57F2FD801FDA8B66AD49E8E4E\sketch\Arduino-Aime-Reader.ino.cpp.o
                0x2000001a                to_532_data
 *fill*         0x20000036        0x2 
 .data._ZN6wirish4priv15w_board_pll_cfgE
                0x20000038        0x8 C:\Users\XM\AppData\Local\Temp\arduino\sketches\395DA6E57F2FD801FDA8B66AD49E8E4E\core\wirish\boards_setup.cpp.o
                0x20000038                wirish::priv::w_board_pll_cfg
 .data._ZN6wirish4priv9w_adc_preE
                0x20000040        0x2 C:\Users\XM\AppData\Local\Temp\arduino\sketches\395DA6E57F2FD801FDA8B66AD49E8E4E\core\wirish\boards_setup.cpp.o
                0x20000040                wirish::priv::w_adc_pre
 .data._ZN6wirish4priv9w_adc_smpE
                0x20000042        0x1 C:\Users\XM\AppData\Local\Temp\arduino\sketches\395DA6E57F2FD801FDA8B66AD49E8E4E\core\wirish\boards_setup.cpp.o
                0x20000042                wirish::priv::w_adc_smp
 *fill*         0x20000043        0x1 
 .data._ZN6wirish4privL8pll_dataE
                0x20000044        0x4 C:\Users\XM\AppData\Local\Temp\arduino\sketches\395DA6E57F2FD801FDA8B66AD49E8E4E\core\wirish\boards_setup.cpp.o
 .data.ADC1     0x20000048        0x4 C:\Users\XM\AppData\Local\Temp\arduino\cores\b8e377b71d0c10b31ba3f6ffd29b5f93\core.a(adc_f1.c.o)
                0x20000048                ADC1
 .data.ADC2     0x2000004c        0x4 C:\Users\XM\AppData\Local\Temp\arduino\cores\b8e377b71d0c10b31ba3f6ffd29b5f93\core.a(adc_f1.c.o)
                0x2000004c                ADC2
 .data.adc1     0x20000050       0x18 C:\Users\XM\AppData\Local\Temp\arduino\cores\b8e377b71d0c10b31ba3f6ffd29b5f93\core.a(adc_f1.c.o)
                0x20000050                adc1
 .data.adc2     0x20000068        0x8 C:\Users\XM\AppData\Local\Temp\arduino\cores\b8e377b71d0c10b31ba3f6ffd29b5f93\core.a(adc_f1.c.o)
                0x20000068                adc2
 .data.DMA1     0x20000070        0x4 C:\Users\XM\AppData\Local\Temp\arduino\cores\b8e377b71d0c10b31ba3f6ffd29b5f93\core.a(dma_f1.c.o)
                0x20000070                DMA1
 .data.dma1     0x20000074       0x40 C:\Users\XM\AppData\Local\Temp\arduino\cores\b8e377b71d0c10b31ba3f6ffd29b5f93\core.a(dma_f1.c.o)
 .data.gpioa    0x200000b4        0x8 C:\Users\XM\AppData\Local\Temp\arduino\cores\b8e377b71d0c10b31ba3f6ffd29b5f93\core.a(gpio_f1.c.o)
                0x200000b4                gpioa
 .data.gpiob    0x200000bc        0x8 C:\Users\XM\AppData\Local\Temp\arduino\cores\b8e377b71d0c10b31ba3f6ffd29b5f93\core.a(gpio_f1.c.o)
                0x200000bc                gpiob
 .data.gpioc    0x200000c4        0x8 C:\Users\XM\AppData\Local\Temp\arduino\cores\b8e377b71d0c10b31ba3f6ffd29b5f93\core.a(gpio_f1.c.o)
                0x200000c4                gpioc
 .data.gpiod    0x200000cc        0x8 C:\Users\XM\AppData\Local\Temp\arduino\cores\b8e377b71d0c10b31ba3f6ffd29b5f93\core.a(gpio_f1.c.o)
                0x200000cc                gpiod
 .data.i2c1     0x200000d4       0x38 C:\Users\XM\AppData\Local\Temp\arduino\cores\b8e377b71d0c10b31ba3f6ffd29b5f93\core.a(i2c_f1.c.o)
 .data.i2c2     0x2000010c       0x38 C:\Users\XM\AppData\Local\Temp\arduino\cores\b8e377b71d0c10b31ba3f6ffd29b5f93\core.a(i2c_f1.c.o)
 .data.enable_regs.4455
                0x20000144        0xc C:\Users\XM\AppData\Local\Temp\arduino\cores\b8e377b71d0c10b31ba3f6ffd29b5f93\core.a(rcc_f1.c.o)
 .data.enable_regs.4468
                0x20000150        0xc C:\Users\XM\AppData\Local\Temp\arduino\cores\b8e377b71d0c10b31ba3f6ffd29b5f93\core.a(rcc_f1.c.o)
 .data.reset_regs.4459
                0x2000015c        0x8 C:\Users\XM\AppData\Local\Temp\arduino\cores\b8e377b71d0c10b31ba3f6ffd29b5f93\core.a(rcc_f1.c.o)
 .data.timer1   0x20000164       0x28 C:\Users\XM\AppData\Local\Temp\arduino\cores\b8e377b71d0c10b31ba3f6ffd29b5f93\core.a(timer.c.o)
                0x20000164                timer1
 .data.timer2   0x2000018c       0x24 C:\Users\XM\AppData\Local\Temp\arduino\cores\b8e377b71d0c10b31ba3f6ffd29b5f93\core.a(timer.c.o)
                0x2000018c                timer2
 .data.timer3   0x200001b0       0x24 C:\Users\XM\AppData\Local\Temp\arduino\cores\b8e377b71d0c10b31ba3f6ffd29b5f93\core.a(timer.c.o)
                0x200001b0                timer3
 .data.timer4   0x200001d4       0x24 C:\Users\XM\AppData\Local\Temp\arduino\cores\b8e377b71d0c10b31ba3f6ffd29b5f93\core.a(timer.c.o)
                0x200001d4                timer4
 .data.USART1   0x200001f8        0x4 C:\Users\XM\AppData\Local\Temp\arduino\cores\b8e377b71d0c10b31ba3f6ffd29b5f93\core.a(usart_f1.c.o)
                0x200001f8                USART1
 .data.USART2   0x200001fc        0x4 C:\Users\XM\AppData\Local\Temp\arduino\cores\b8e377b71d0c10b31ba3f6ffd29b5f93\core.a(usart_f1.c.o)
                0x200001fc                USART2
 .data.USART3   0x20000200        0x4 C:\Users\XM\AppData\Local\Temp\arduino\cores\b8e377b71d0c10b31ba3f6ffd29b5f93\core.a(usart_f1.c.o)
                0x20000200                USART3
 .data.usart1   0x20000204       0x94 C:\Users\XM\AppData\Local\Temp\arduino\cores\b8e377b71d0c10b31ba3f6ffd29b5f93\core.a(usart_f1.c.o)
 .data.usart2   0x20000298       0x94 C:\Users\XM\AppData\Local\Temp\arduino\cores\b8e377b71d0c10b31ba3f6ffd29b5f93\core.a(usart_f1.c.o)
 .data.usart3   0x2000032c       0x94 C:\Users\XM\AppData\Local\Temp\arduino\cores\b8e377b71d0c10b31ba3f6ffd29b5f93\core.a(usart_f1.c.o)
 .data.USBLIB   0x200003c0        0x4 C:\Users\XM\AppData\Local\Temp\arduino\cores\b8e377b71d0c10b31ba3f6ffd29b5f93\core.a(usb.c.o)
                0x200003c0                USBLIB
 .data.usblib   0x200003c4       0x10 C:\Users\XM\AppData\Local\Temp\arduino\cores\b8e377b71d0c10b31ba3f6ffd29b5f93\core.a(usb.c.o)
 .data.Config_Descriptor
                0x200003d4        0x8 C:\Users\XM\AppData\Local\Temp\arduino\cores\b8e377b71d0c10b31ba3f6ffd29b5f93\core.a(usb_cdcacm.c.o)
 .data.Device_Descriptor
                0x200003dc        0x8 C:\Users\XM\AppData\Local\Temp\arduino\cores\b8e377b71d0c10b31ba3f6ffd29b5f93\core.a(usb_cdcacm.c.o)
 .data.Device_Property
                0x200003e4       0x30 C:\Users\XM\AppData\Local\Temp\arduino\cores\b8e377b71d0c10b31ba3f6ffd29b5f93\core.a(usb_cdcacm.c.o)
                0x200003e4                Device_Property
 .data.Device_Table
                0x20000414        0x2 C:\Users\XM\AppData\Local\Temp\arduino\cores\b8e377b71d0c10b31ba3f6ffd29b5f93\core.a(usb_cdcacm.c.o)
                0x20000414                Device_Table
 *fill*         0x20000416        0x2 
 .data.String_Descriptor
                0x20000418       0x18 C:\Users\XM\AppData\Local\Temp\arduino\cores\b8e377b71d0c10b31ba3f6ffd29b5f93\core.a(usb_cdcacm.c.o)
 .data.User_Standard_Requests
                0x20000430       0x24 C:\Users\XM\AppData\Local\Temp\arduino\cores\b8e377b71d0c10b31ba3f6ffd29b5f93\core.a(usb_cdcacm.c.o)
                0x20000430                User_Standard_Requests
 .data.ep_int_in
                0x20000454       0x1c C:\Users\XM\AppData\Local\Temp\arduino\cores\b8e377b71d0c10b31ba3f6ffd29b5f93\core.a(usb_cdcacm.c.o)
 .data.ep_int_out
                0x20000470       0x1c C:\Users\XM\AppData\Local\Temp\arduino\cores\b8e377b71d0c10b31ba3f6ffd29b5f93\core.a(usb_cdcacm.c.o)
 .data.line_coding
                0x2000048c        0x7 C:\Users\XM\AppData\Local\Temp\arduino\cores\b8e377b71d0c10b31ba3f6ffd29b5f93\core.a(usb_cdcacm.c.o)
 *fill*         0x20000493        0x1 
 .data._impure_ptr
                0x20000494        0x4 c:/users/xm/appdata/local/arduino15/packages/arduino/tools/arm-none-eabi-gcc/7-2017q4/bin/../lib/gcc/arm-none-eabi/7.2.1/../../../../arm-none-eabi/lib/thumb/v7-m\libc_nano.a(lib_a-impure.o)
                0x20000494                _impure_ptr
 .data.impure_data
                0x20000498       0x60 c:/users/xm/appdata/local/arduino15/packages/arduino/tools/arm-none-eabi-gcc/7-2017q4/bin/../lib/gcc/arm-none-eabi/7.2.1/../../../../arm-none-eabi/lib/thumb/v7-m\libc_nano.a(lib_a-impure.o)
                0x200004f8                . = ALIGN (0x8)
                0x200004f8                __data_end__ = .

.igot.plt       0x200004f8        0x0 load address 0x080069b0
 .igot.plt      0x200004f8        0x0 c:/users/xm/appdata/local/arduino15/packages/arduino/tools/arm-none-eabi-gcc/7-2017q4/bin/../lib/gcc/arm-none-eabi/7.2.1/thumb/v7-m/crtbegin.o

.rodata         0x080069b0      0x59c
 *(.rodata .rodata.* .gnu.linkonce.r.*)
 .rodata        0x080069b0       0xf2 C:\Users\XM\AppData\Local\Temp\arduino\sketches\395DA6E57F2FD801FDA8B66AD49E8E4E\sketch\Arduino-Aime-Reader.ino.cpp.o
 .rodata._Z14Sega_Mode_Initv.str1.1
                0x08006aa2       0x18 C:\Users\XM\AppData\Local\Temp\arduino\sketches\395DA6E57F2FD801FDA8B66AD49E8E4E\sketch\Arduino-Aime-Reader.ino.cpp.o
 .rodata._Z16Test_Reader_Loopv.str1.1
                0x08006aba       0xb1 C:\Users\XM\AppData\Local\Temp\arduino\sketches\395DA6E57F2FD801FDA8B66AD49E8E4E\sketch\Arduino-Aime-Reader.ino.cpp.o
                                 0xbb (size before relaxing)
 .rodata._Z16sys_get_led_infov.str1.1
                0x08006b6b        0xd C:\Users\XM\AppData\Local\Temp\arduino\sketches\395DA6E57F2FD801FDA8B66AD49E8E4E\sketch\Arduino-Aime-Reader.ino.cpp.o
 .rodata._Z18sys_get_fw_versionv.str1.1
                0x08006b78       0x18 C:\Users\XM\AppData\Local\Temp\arduino\sketches\395DA6E57F2FD801FDA8B66AD49E8E4E\sketch\Arduino-Aime-Reader.ino.cpp.o
 .rodata._Z18sys_get_hw_versionv.str1.1
                0x08006b90       0x22 C:\Users\XM\AppData\Local\Temp\arduino\sketches\395DA6E57F2FD801FDA8B66AD49E8E4E\sketch\Arduino-Aime-Reader.ino.cpp.o
 .rodata._ZL15serviceCodeList
                0x08006bb2        0x2 C:\Users\XM\AppData\Local\Temp\arduino\sketches\395DA6E57F2FD801FDA8B66AD49E8E4E\sketch\Arduino-Aime-Reader.ino.cpp.o
 .rodata._ZL9blockList
                0x08006bb4        0x8 C:\Users\XM\AppData\Local\Temp\arduino\sketches\395DA6E57F2FD801FDA8B66AD49E8E4E\sketch\Arduino-Aime-Reader.ino.cpp.o
 .rodata._ZN8spiceapi10Connection7requestEPcj.str1.1